Archive member included to satisfy reference by file (symbol)

/home/moritz/opt/gcc-arm-none-eabi-7-2017-q4-major/bin/../lib/gcc/arm-none-eabi/7.2.1/thumb/v7-m/libgcc.a(unwind-arm.o)
                              ./system/src/newlib/_cxx.o (__aeabi_unwind_cpp_pr1)
/home/moritz/opt/gcc-arm-none-eabi-7-2017-q4-major/bin/../lib/gcc/arm-none-eabi/7.2.1/thumb/v7-m/libgcc.a(libunwind.o)
                              /home/moritz/opt/gcc-arm-none-eabi-7-2017-q4-major/bin/../lib/gcc/arm-none-eabi/7.2.1/thumb/v7-m/libgcc.a(unwind-arm.o) (restore_core_regs)
/home/moritz/opt/gcc-arm-none-eabi-7-2017-q4-major/bin/../lib/gcc/arm-none-eabi/7.2.1/thumb/v7-m/libgcc.a(pr-support.o)
                              /home/moritz/opt/gcc-arm-none-eabi-7-2017-q4-major/bin/../lib/gcc/arm-none-eabi/7.2.1/thumb/v7-m/libgcc.a(unwind-arm.o) (__gnu_unwind_execute)
/home/moritz/opt/gcc-arm-none-eabi-7-2017-q4-major/bin/../lib/gcc/arm-none-eabi/7.2.1/../../../../arm-none-eabi/lib/thumb/v7-m/libg_nano.a(lib_a-abs.o)
                              ./system/src/ADuCM350/captouch_lib.o (abs)
/home/moritz/opt/gcc-arm-none-eabi-7-2017-q4-major/bin/../lib/gcc/arm-none-eabi/7.2.1/../../../../arm-none-eabi/lib/thumb/v7-m/libg_nano.a(lib_a-errno.o)
                              ./system/src/newlib/_sbrk.o (__errno)
/home/moritz/opt/gcc-arm-none-eabi-7-2017-q4-major/bin/../lib/gcc/arm-none-eabi/7.2.1/../../../../arm-none-eabi/lib/thumb/v7-m/libg_nano.a(lib_a-exit.o)
                              ./src/test_common.o (exit)
/home/moritz/opt/gcc-arm-none-eabi-7-2017-q4-major/bin/../lib/gcc/arm-none-eabi/7.2.1/../../../../arm-none-eabi/lib/thumb/v7-m/libg_nano.a(lib_a-impure.o)
                              /home/moritz/opt/gcc-arm-none-eabi-7-2017-q4-major/bin/../lib/gcc/arm-none-eabi/7.2.1/../../../../arm-none-eabi/lib/thumb/v7-m/libg_nano.a(lib_a-exit.o) (_global_impure_ptr)
/home/moritz/opt/gcc-arm-none-eabi-7-2017-q4-major/bin/../lib/gcc/arm-none-eabi/7.2.1/../../../../arm-none-eabi/lib/thumb/v7-m/libg_nano.a(lib_a-memcpy-stub.o)
                              ./system/src/ADuCM350/uart.o (memcpy)
/home/moritz/opt/gcc-arm-none-eabi-7-2017-q4-major/bin/../lib/gcc/arm-none-eabi/7.2.1/../../../../arm-none-eabi/lib/thumb/v7-m/libg_nano.a(lib_a-printf.o)
                              ./src/main.o (printf)
/home/moritz/opt/gcc-arm-none-eabi-7-2017-q4-major/bin/../lib/gcc/arm-none-eabi/7.2.1/../../../../arm-none-eabi/lib/thumb/v7-m/libg_nano.a(lib_a-strlen.o)
                              ./system/src/diag/Trace.o (strlen)
/home/moritz/opt/gcc-arm-none-eabi-7-2017-q4-major/bin/../lib/gcc/arm-none-eabi/7.2.1/../../../../arm-none-eabi/lib/thumb/v7-m/libg_nano.a(lib_a-vsnprintf.o)
                              ./system/src/diag/Trace.o (vsnprintf)
/home/moritz/opt/gcc-arm-none-eabi-7-2017-q4-major/bin/../lib/gcc/arm-none-eabi/7.2.1/../../../../arm-none-eabi/lib/thumb/v7-m/libg_nano.a(lib_a-findfp.o)
                              /home/moritz/opt/gcc-arm-none-eabi-7-2017-q4-major/bin/../lib/gcc/arm-none-eabi/7.2.1/../../../../arm-none-eabi/lib/thumb/v7-m/libg_nano.a(lib_a-printf.o) (__sinit)
/home/moritz/opt/gcc-arm-none-eabi-7-2017-q4-major/bin/../lib/gcc/arm-none-eabi/7.2.1/../../../../arm-none-eabi/lib/thumb/v7-m/libg_nano.a(lib_a-fwalk.o)
                              /home/moritz/opt/gcc-arm-none-eabi-7-2017-q4-major/bin/../lib/gcc/arm-none-eabi/7.2.1/../../../../arm-none-eabi/lib/thumb/v7-m/libg_nano.a(lib_a-findfp.o) (_fwalk)
/home/moritz/opt/gcc-arm-none-eabi-7-2017-q4-major/bin/../lib/gcc/arm-none-eabi/7.2.1/../../../../arm-none-eabi/lib/thumb/v7-m/libg_nano.a(lib_a-memset.o)
                              /home/moritz/opt/gcc-arm-none-eabi-7-2017-q4-major/bin/../lib/gcc/arm-none-eabi/7.2.1/../../../../arm-none-eabi/lib/thumb/v7-m/libg_nano.a(lib_a-findfp.o) (memset)
/home/moritz/opt/gcc-arm-none-eabi-7-2017-q4-major/bin/../lib/gcc/arm-none-eabi/7.2.1/../../../../arm-none-eabi/lib/thumb/v7-m/libg_nano.a(lib_a-nano-mallocr.o)
                              /home/moritz/opt/gcc-arm-none-eabi-7-2017-q4-major/bin/../lib/gcc/arm-none-eabi/7.2.1/../../../../arm-none-eabi/lib/thumb/v7-m/libg_nano.a(lib_a-findfp.o) (_malloc_r)
/home/moritz/opt/gcc-arm-none-eabi-7-2017-q4-major/bin/../lib/gcc/arm-none-eabi/7.2.1/../../../../arm-none-eabi/lib/thumb/v7-m/libg_nano.a(lib_a-nano-svfprintf.o)
                              /home/moritz/opt/gcc-arm-none-eabi-7-2017-q4-major/bin/../lib/gcc/arm-none-eabi/7.2.1/../../../../arm-none-eabi/lib/thumb/v7-m/libg_nano.a(lib_a-vsnprintf.o) (_svfprintf_r)
/home/moritz/opt/gcc-arm-none-eabi-7-2017-q4-major/bin/../lib/gcc/arm-none-eabi/7.2.1/../../../../arm-none-eabi/lib/thumb/v7-m/libg_nano.a(lib_a-nano-vfprintf.o)
                              /home/moritz/opt/gcc-arm-none-eabi-7-2017-q4-major/bin/../lib/gcc/arm-none-eabi/7.2.1/../../../../arm-none-eabi/lib/thumb/v7-m/libg_nano.a(lib_a-printf.o) (_vfprintf_r)
[...]
Memory Configuration

Name             Origin             Length             Attributes
FLASH            0x0000000000000000 0x0000000000060000 xr
RAM              0x0000000020000000 0x0000000000004000 xrw
RAM2             0x0000000020040000 0x0000000000004000 xrw
CCMRAM           0x0000000010000000 0x0000000000000000 xrw
FLASHB1          0x0000000000000000 0x0000000000000000 xr
EXTMEMB0         0x0000000000000000 0x0000000000000000 xr
EXTMEMB1         0x0000000000000000 0x0000000000000000 xr
EXTMEMB2         0x0000000000000000 0x0000000000000000 xr
EXTMEMB3         0x0000000000000000 0x0000000000000000 xr
FLASHC           0x00000000000007fc 0x0000000000000004 r
FLASHCODE        0x0000000000000800 0x0000000000032000 xr
*default*        0x0000000000000000 0xffffffffffffffff

Linker script and memory map

LOAD ./system/src/newlib/_cxx.o
LOAD ./system/src/newlib/_exit.o
LOAD ./system/src/newlib/_sbrk.o
LOAD ./system/src/newlib/_startup.o
LOAD ./system/src/newlib/_syscalls.o
LOAD ./system/src/newlib/assert.o
LOAD ./system/src/diag/Trace.o
LOAD ./system/src/diag/trace_impl.o
LOAD ./system/src/cortexm/_initialize_hardware.o
LOAD ./system/src/cortexm/_reset_hardware.o
LOAD ./system/src/cortexm/exception_handlers.o
LOAD ./system/src/cmsis/system_ADuCM350.o
LOAD ./system/src/cmsis/vectors_ADuCM350.o
LOAD ./system/src/cmsis/vetors_ADuCM350_old.o
LOAD ./system/src/ADuCM350/adi_nvic.o
LOAD ./system/src/ADuCM350/afe.o
LOAD ./system/src/ADuCM350/afe_lib.o
LOAD ./system/src/ADuCM350/beep.o
LOAD ./system/src/ADuCM350/captouch.o
LOAD ./system/src/ADuCM350/captouch_lib.o
LOAD ./system/src/ADuCM350/crc.o
LOAD ./system/src/ADuCM350/dma.o
LOAD ./system/src/ADuCM350/flash.o
LOAD ./system/src/ADuCM350/gpio.o
LOAD ./system/src/ADuCM350/gpt.o
LOAD ./system/src/ADuCM350/metrics.o
LOAD ./system/src/ADuCM350/pdi.o
LOAD ./system/src/ADuCM350/rng.o
LOAD ./system/src/ADuCM350/rtc.o
LOAD ./system/src/ADuCM350/spi.o
LOAD ./system/src/ADuCM350/uart.o
LOAD ./system/src/ADuCM350/wdt.o
LOAD ./system/src/ADuCM350/wut.o
LOAD ./src/Timer.o
LOAD ./src/_write.o
LOAD ./src/main.o
LOAD ./src/test_common.o
LOAD /home/moritz/opt/gcc-arm-none-eabi-7-2017-q4-major/bin/../lib/gcc/arm-none-eabi/7.2.1/../../../../arm-none-eabi/lib/thumb/v7-m/libstdc++_nano.a
LOAD /home/moritz/opt/gcc-arm-none-eabi-7-2017-q4-major/bin/../lib/gcc/arm-none-eabi/7.2.1/../../../../arm-none-eabi/lib/thumb/v7-m/libm.a
START GROUP
LOAD /home/moritz/opt/gcc-arm-none-eabi-7-2017-q4-major/bin/../lib/gcc/arm-none-eabi/7.2.1/thumb/v7-m/libgcc.a
LOAD /home/moritz/opt/gcc-arm-none-eabi-7-2017-q4-major/bin/../lib/gcc/arm-none-eabi/7.2.1/../../../../arm-none-eabi/lib/thumb/v7-m/libg_nano.a
LOAD /home/moritz/opt/gcc-arm-none-eabi-7-2017-q4-major/bin/../lib/gcc/arm-none-eabi/7.2.1/../../../../arm-none-eabi/lib/thumb/v7-m/libc_nano.a
END GROUP
START GROUP
LOAD /home/moritz/opt/gcc-arm-none-eabi-7-2017-q4-major/bin/../lib/gcc/arm-none-eabi/7.2.1/thumb/v7-m/libgcc.a
LOAD /home/moritz/opt/gcc-arm-none-eabi-7-2017-q4-major/bin/../lib/gcc/arm-none-eabi/7.2.1/../../../../arm-none-eabi/lib/thumb/v7-m/libc_nano.a
END GROUP
                0x0000000020004000                __stack = (ORIGIN (RAM) + LENGTH (RAM))
                0x0000000020004000                _estack = __stack
                0x0000000000000400                __Main_Stack_Size = 0x400
                [!provide]                        PROVIDE (_Main_Stack_Size, __Main_Stack_Size)
                0x0000000020003c00                __Main_Stack_Limit = (__stack - __Main_Stack_Size)
                [!provide]                        PROVIDE (_Main_Stack_Limit, __Main_Stack_Limit)
                0x0000000000000100                _Minimum_Stack_Size = 0x100
                0x0000000020000b00                PROVIDE (_Heap_Begin, _end_noinit)
                0x0000000020003c00                PROVIDE (_Heap_Limit, (__stack - __Main_Stack_Size))

.isr_vector     0x0000000000000000      0x392
 FILL mask 0xff
                0x0000000000000000                __vectors_start = ABSOLUTE (.)
                0x0000000000000000                __vectors_start__ = ABSOLUTE (.)
 *(.isr_vector)
 .isr_vector    0x0000000000000000      0x134 ./system/src/cmsis/vectors_ADuCM350.o
                0x0000000000000000                __vector_table
 .isr_vector    0x0000000000000134       0x44 ./system/src/cmsis/vetors_ADuCM350_old.o
                0x0000000000000134                __isr_vectors
 *(.cfmconfig)
 *(.after_vectors .after_vectors.*)
 .after_vectors
                0x0000000000000178      0x114 ./system/src/newlib/_startup.o
                0x0000000000000178                _start
 .after_vectors
                0x000000000000028c      0x104 ./system/src/cortexm/exception_handlers.o
                0x000000000000028c                Reset_Handler
                0x0000000000000292                NMI_Handler
                0x0000000000000296                HardFault_Handler
                0x00000000000002aa                HardFault_Handler_C
                0x00000000000002e0                MemManage_Handler
                0x00000000000002e4                BusFault_Handler
                0x00000000000002f8                BusFault_Handler_C
                0x000000000000032c                UsageFault_Handler
                0x0000000000000340                UsageFault_Handler_C
                0x0000000000000374                SVC_Handler
                0x0000000000000378                DebugMon_Handler
                0x000000000000037c                PendSV_Handler
 .after_vectors
                0x0000000000000390        0x2 ./system/src/cmsis/vetors_ADuCM350_old.o
                0x0000000000000390                DeviceInterrupt_Handler
                0x0000000000000390                Default_Handler

.checksums      0x00000000000007fc        0x0
 FILL mask 0xff

.inits          0x0000000000000800       0x28
                0x0000000000000800                __data_regions_array_start = .
                0x0000000000000800        0x4 LONG 0x2ab8 LOADADDR (.data)
                0x0000000000000804        0x4 LONG 0x20000000 ADDR (.data)
                0x0000000000000808        0x4 LONG 0x20000100 (ADDR (.data) + SIZEOF (.data))
                0x000000000000080c        0x4 LONG 0x394 LOADADDR (.data_CCMRAM)
                0x0000000000000810        0x4 LONG 0x10000000 ADDR (.data_CCMRAM)
                0x0000000000000814        0x4 LONG 0x10000000 (ADDR (.data_CCMRAM) + SIZEOF (.data_CCMRAM))
                0x0000000000000818                __data_regions_array_end = .
                0x0000000000000818                __bss_regions_array_start = .
                0x0000000000000818        0x4 LONG 0x20000100 ADDR (.bss)
                0x000000000000081c        0x4 LONG 0x20000b00 (ADDR (.bss) + SIZEOF (.bss))
                0x0000000000000820        0x4 LONG 0x10000000 ADDR (.bss_CCMRAM)
                0x0000000000000824        0x4 LONG 0x10000000 (ADDR (.bss_CCMRAM) + SIZEOF (.bss_CCMRAM))
                0x0000000000000828                __bss_regions_array_end = .
 *(.init)
 *(.fini)
                0x0000000000000828                . = ALIGN (0x4)
                0x0000000000000828                PROVIDE (__preinit_array_start, .)
 *(.preinit_array_sysinit .preinit_array_sysinit.*)
 *(.preinit_array_platform .preinit_array_platform.*)
 *(.preinit_array .preinit_array.*)
                0x0000000000000828                PROVIDE (__preinit_array_end, .)
                0x0000000000000828                . = ALIGN (0x4)
                0x0000000000000828                PROVIDE (__init_array_start, .)
 *(SORT_BY_NAME(.init_array.*))
 *(.init_array)
                0x0000000000000828                PROVIDE (__init_array_end, .)
                0x0000000000000828                . = ALIGN (0x4)
                0x0000000000000828                PROVIDE (__fini_array_start, .)
 *(SORT_BY_NAME(.fini_array.*))
 *(.fini_array)
                0x0000000000000828                PROVIDE (__fini_array_end, .)

.flashtext
 *(.flashtext .flashtext.*)

.text           0x0000000000000828     0x228f
 *(.text .text.*)
 .text._exit    0x0000000000000828        0x2 ./system/src/newlib/_exit.o
                0x0000000000000828                _exit
 *fill*         0x000000000000082a        0x2 
 .text._sbrk    0x000000000000082c       0x44 ./system/src/newlib/_sbrk.o
                0x000000000000082c                _sbrk
 .text.__initialize_args
                0x0000000000000870       0x10 ./system/src/newlib/_syscalls.o
                0x0000000000000870                __initialize_args
 .text.trace_printf
                0x0000000000000880       0x30 ./system/src/diag/Trace.o
                0x0000000000000880                trace_printf
 .text.trace_write
                0x00000000000008b0        0x6 ./system/src/diag/trace_impl.o
                0x00000000000008b0                trace_write
 *fill*         0x00000000000008b6        0x2 
 .text.__initialize_hardware_early
                0x00000000000008b8       0x18 ./system/src/cortexm/_initialize_hardware.o
                0x00000000000008b8                __initialize_hardware_early
 .text.__initialize_hardware
                0x00000000000008d0        0x8 ./system/src/cortexm/_initialize_hardware.o
                0x00000000000008d0                __initialize_hardware
 .text.dumpExceptionStack
                0x00000000000008d8       0xf4 ./system/src/cortexm/exception_handlers.o
                0x00000000000008d8                dumpExceptionStack
 .text.SystemCoreClockUpdate
                0x00000000000009cc       0x74 ./system/src/cmsis/system_ADuCM350.o
                0x00000000000009cc                SystemCoreClockUpdate
 .text.SetSystemClockMux
                0x0000000000000a40       0xc0 ./system/src/cmsis/system_ADuCM350.o
                0x0000000000000a40                SetSystemClockMux
 .text.SystemInit
                0x0000000000000b00       0x8c ./system/src/cmsis/system_ADuCM350.o
                0x0000000000000b00                SystemInit
 .text.SystemGetClockFrequency
                0x0000000000000b8c       0x78 ./system/src/cmsis/system_ADuCM350.o
                0x0000000000000b8c                SystemGetClockFrequency
 .text.SystemEnableClock
                0x0000000000000c04       0x54 ./system/src/cmsis/system_ADuCM350.o
                0x0000000000000c04                SystemEnableClock
 .text.SetSystemClockDivider
                0x0000000000000c58       0x4c ./system/src/cmsis/system_ADuCM350.o
                0x0000000000000c58                SetSystemClockDivider
 .text.SystemEnterLowPowerMode
                0x0000000000000ca4       0xa8 ./system/src/cmsis/system_ADuCM350.o
                0x0000000000000ca4                SystemEnterLowPowerMode
 .text.SystemExitLowPowerMode
                0x0000000000000d4c       0x28 ./system/src/cmsis/system_ADuCM350.o
                0x0000000000000d4c                SystemExitLowPowerMode
 .text.ResetISR
                0x0000000000000d74       0x34 ./system/src/cmsis/vectors_ADuCM350.o
                0x0000000000000d74                ResetISR
 .text.NmiSR    0x0000000000000da8        0xc ./system/src/cmsis/vectors_ADuCM350.o
                0x0000000000000da8                NmiSR
 .text.WDog_Tmr_Int_Handler
                0x0000000000000db4        0xc ./system/src/cmsis/vectors_ADuCM350.o
                0x0000000000000db4                WDog_Tmr_Int_Handler
 .text.I2C0_Slave_Int_Handler
                0x0000000000000dc0        0xc ./system/src/cmsis/vectors_ADuCM350.o
                0x0000000000000dc0                I2C0_Slave_Int_Handler
 .text.I2C0_Master_Int_Handler
                0x0000000000000dcc        0xc ./system/src/cmsis/vectors_ADuCM350.o
                0x0000000000000dcc                I2C0_Master_Int_Handler
 .text.DMA_Err_Int_Handler
                0x0000000000000dd8        0xc ./system/src/cmsis/vectors_ADuCM350.o
                0x0000000000000dd8                DMA_Err_Int_Handler
 .text.DMA_UART_TX_Int_Handler
                0x0000000000000de4        0xc ./system/src/cmsis/vectors_ADuCM350.o
                0x0000000000000de4                DMA_UART_TX_Int_Handler
 .text.DMA_UART_RX_Int_Handler
                0x0000000000000df0        0xc ./system/src/cmsis/vectors_ADuCM350.o
                0x0000000000000df0                DMA_UART_RX_Int_Handler
 .text.DMA_I2C0_STX_Int_Handler
                0x0000000000000dfc        0xc ./system/src/cmsis/vectors_ADuCM350.o
                0x0000000000000dfc                DMA_I2C0_STX_Int_Handler
 .text.DMA_I2C0_SRX_Int_Handler
                0x0000000000000e08        0xc ./system/src/cmsis/vectors_ADuCM350.o
                0x0000000000000e08                DMA_I2C0_SRX_Int_Handler
 .text.DMA_I2C0_MX_Int_Handler
                0x0000000000000e14        0xc ./system/src/cmsis/vectors_ADuCM350.o
                0x0000000000000e14                DMA_I2C0_MX_Int_Handler
 .text.DMA_PDI_Int_Handler
                0x0000000000000e20        0xc ./system/src/cmsis/vectors_ADuCM350.o
                0x0000000000000e20                DMA_PDI_Int_Handler
 .text.DMA_I2S_Int_Handler
                0x0000000000000e2c        0xc ./system/src/cmsis/vectors_ADuCM350.o
                0x0000000000000e2c                DMA_I2S_Int_Handler
 .text.USB_Wakeup_Int_Handler
                0x0000000000000e38        0xc ./system/src/cmsis/vectors_ADuCM350.o
                0x0000000000000e38                USB_Wakeup_Int_Handler
 .text.USB_Control_Int_Handler
                0x0000000000000e44        0xc ./system/src/cmsis/vectors_ADuCM350.o
                0x0000000000000e44                USB_Control_Int_Handler
 .text.USB_DMA_Int_Handler
                0x0000000000000e50        0xc ./system/src/cmsis/vectors_ADuCM350.o
                0x0000000000000e50                USB_DMA_Int_Handler
 .text.I2S_Int_Handler
                0x0000000000000e5c        0xc ./system/src/cmsis/vectors_ADuCM350.o
                0x0000000000000e5c                I2S_Int_Handler
 .text.RTC_Int_Handler
                0x0000000000000e68        0xc ./system/src/cmsis/vectors_ADuCM350.o
                0x0000000000000e68                RTC_Int_Handler
 .text.LCD_Int_Handler
                0x0000000000000e74        0xc ./system/src/cmsis/vectors_ADuCM350.o
                0x0000000000000e74                LCD_Int_Handler
 .text.XTAL_Int_Handler
                0x0000000000000e80        0xc ./system/src/cmsis/vectors_ADuCM350.o
                0x0000000000000e80                XTAL_Int_Handler
 .text.PLL_Int_Handler
                0x0000000000000e8c        0xc ./system/src/cmsis/vectors_ADuCM350.o
                0x0000000000000e8c                PLL_Int_Handler
 .text.PDI_Int_Handler
                0x0000000000000e98        0xc ./system/src/cmsis/vectors_ADuCM350.o
                0x0000000000000e98                PDI_Int_Handler
 .text.Parity_Int_Handler
                0x0000000000000ea4        0xc ./system/src/cmsis/vectors_ADuCM350.o
                0x0000000000000ea4                Parity_Int_Handler
 .text.RESERVED_VECTOR
                0x0000000000000eb0        0xc ./system/src/cmsis/vectors_ADuCM350.o
                0x0000000000000eb0                RESERVED_VECTOR
 .text.adi_AFE_ProgramRxDMA
                0x0000000000000ebc       0x32 ./system/src/ADuCM350/afe.o
                0x0000000000000ebc                adi_AFE_ProgramRxDMA
 *fill*         0x0000000000000eee        0x2 
 .text.adi_AFE_EnableInterruptSource
                0x0000000000000ef0       0x78 ./system/src/ADuCM350/afe.o
                0x0000000000000ef0                adi_AFE_EnableInterruptSource
 .text.adi_AFE_ClearInterruptSource
                0x0000000000000f68       0x34 ./system/src/ADuCM350/afe.o
                0x0000000000000f68                adi_AFE_ClearInterruptSource
 .text.AFE_Capture_Int_Handler
                0x0000000000000f9c       0xc0 ./system/src/ADuCM350/afe.o
                0x0000000000000f9c                AFE_Capture_Int_Handler
 .text.AFE_Generate_Int_Handler
                0x000000000000105c       0x7c ./system/src/ADuCM350/afe.o
                0x000000000000105c                AFE_Generate_Int_Handler
 .text.AFE_CmdFIFO_Int_Handler
                0x00000000000010d8       0xf8 ./system/src/ADuCM350/afe.o
                0x00000000000010d8                AFE_CmdFIFO_Int_Handler
 .text.AFE_DataFIFO_Int_Handler
                0x00000000000011d0       0xb0 ./system/src/ADuCM350/afe.o
                0x00000000000011d0                AFE_DataFIFO_Int_Handler
 .text.DMA_AFE_TX_Int_Handler
                0x0000000000001280       0x2c ./system/src/ADuCM350/afe.o
                0x0000000000001280                DMA_AFE_TX_Int_Handler
 .text.DMA_AFE_RX_Int_Handler
                0x00000000000012ac       0xdc ./system/src/ADuCM350/afe.o
                0x00000000000012ac                DMA_AFE_RX_Int_Handler
 .text.adi_Beep_SetInterruptStatus
                0x0000000000001388       0x18 ./system/src/ADuCM350/beep.o
                0x0000000000001388                adi_Beep_SetInterruptStatus
 .text.Beep_Int_Handler
                0x00000000000013a0       0x90 ./system/src/ADuCM350/beep.o
                0x00000000000013a0                Beep_Int_Handler
 .text.CapTouch_Int_Handler
                0x0000000000001430       0x3c ./system/src/ADuCM350/captouch.o
                0x0000000000001430                CapTouch_Int_Handler
 .text.DMA_CRC_Int_Handler
                0x000000000000146c       0x50 ./system/src/ADuCM350/crc.o
                0x000000000000146c                DMA_CRC_Int_Handler
 .text.adi_DMA_SubmitTransfer
                0x00000000000014bc      0x10c ./system/src/ADuCM350/dma.o
                0x00000000000014bc                adi_DMA_SubmitTransfer
 .text.adi_DMA_ReSubmit
                0x00000000000015c8       0x3c ./system/src/ADuCM350/dma.o
                0x00000000000015c8                adi_DMA_ReSubmit
 .text.flashInterruptCommon
                0x0000000000001604       0x12 ./system/src/ADuCM350/flash.o
 *fill*         0x0000000000001616        0x2 
 .text.Flash0_Int_Handler
                0x0000000000001618       0x10 ./system/src/ADuCM350/flash.o
                0x0000000000001618                Flash0_Int_Handler
 .text.Flash1_Int_Handler
                0x0000000000001628       0x10 ./system/src/ADuCM350/flash.o
                0x0000000000001628                Flash1_Int_Handler
 .text.GPFlash_Int_Handler
                0x0000000000001638       0x10 ./system/src/ADuCM350/flash.o
                0x0000000000001638                GPFlash_Int_Handler
 .text.adi_GPIO_ClearIRQ
                0x0000000000001648       0x14 ./system/src/ADuCM350/gpio.o
                0x0000000000001648                adi_GPIO_ClearIRQ
 .text.adi_GPIO_SetHigh
                0x000000000000165c        0x6 ./system/src/ADuCM350/gpio.o
                0x000000000000165c                adi_GPIO_SetHigh
 .text.adi_GPIO_SetLow
                0x0000000000001662        0x6 ./system/src/ADuCM350/gpio.o
                0x0000000000001662                adi_GPIO_SetLow
 .text.CommonInterruptHandler
                0x0000000000001668       0x74 ./system/src/ADuCM350/gpio.o
                0x0000000000001668                CommonInterruptHandler
 .text.Ext_Int0_Handler
                0x00000000000016dc        0xc ./system/src/ADuCM350/gpio.o
                0x00000000000016dc                Ext_Int0_Handler
 .text.Ext_Int1_Handler
                0x00000000000016e8        0xc ./system/src/ADuCM350/gpio.o
                0x00000000000016e8                Ext_Int1_Handler
 .text.Ext_Int2_Handler
                0x00000000000016f4        0xc ./system/src/ADuCM350/gpio.o
                0x00000000000016f4                Ext_Int2_Handler
 .text.Ext_Int3_Handler
                0x0000000000001700        0xc ./system/src/ADuCM350/gpio.o
                0x0000000000001700                Ext_Int3_Handler
 .text.Ext_Int4_Handler
                0x000000000000170c        0xc ./system/src/ADuCM350/gpio.o
                0x000000000000170c                Ext_Int4_Handler
 .text.Ext_Int5_Handler
                0x0000000000001718        0xc ./system/src/ADuCM350/gpio.o
                0x0000000000001718                Ext_Int5_Handler
 .text.Ext_Int6_Handler
                0x0000000000001724        0xc ./system/src/ADuCM350/gpio.o
                0x0000000000001724                Ext_Int6_Handler
 .text.Ext_Int7_Handler
                0x0000000000001730        0xc ./system/src/ADuCM350/gpio.o
                0x0000000000001730                Ext_Int7_Handler
 .text.Ext_Int8_Handler
                0x000000000000173c        0xc ./system/src/ADuCM350/gpio.o
                0x000000000000173c                Ext_Int8_Handler
 .text.GPIO_A_Int_Handler
                0x0000000000001748        0xc ./system/src/ADuCM350/gpio.o
                0x0000000000001748                GPIO_A_Int_Handler
 .text.GPIO_B_Int_Handler
                0x0000000000001754        0xc ./system/src/ADuCM350/gpio.o
                0x0000000000001754                GPIO_B_Int_Handler
 .text.CommonIntHandler
                0x0000000000001760       0x32 ./system/src/ADuCM350/gpt.o
 *fill*         0x0000000000001792        0x2 
 .text.GP_Tmr0_Int_Handler
                0x0000000000001794       0x10 ./system/src/ADuCM350/gpt.o
                0x0000000000001794                GP_Tmr0_Int_Handler
 .text.GP_Tmr1_Int_Handler
                0x00000000000017a4       0x10 ./system/src/ADuCM350/gpt.o
                0x00000000000017a4                GP_Tmr1_Int_Handler
 .text.GP_Tmr2_Int_Handler
                0x00000000000017b4       0x10 ./system/src/ADuCM350/gpt.o
                0x00000000000017b4                GP_Tmr2_Int_Handler
 .text.Random_Int_Handler
                0x00000000000017c4       0x48 ./system/src/ADuCM350/rng.o
                0x00000000000017c4                Random_Int_Handler
 .text.AssertChipSelect
                0x000000000000180c       0x38 ./system/src/ADuCM350/spi.o
 .text.common_SPI_Int_Handler
                0x0000000000001844       0xaa ./system/src/ADuCM350/spi.o
 *fill*         0x00000000000018ee        0x2 
 .text.SPI0_Int_Handler
                0x00000000000018f0       0x10 ./system/src/ADuCM350/spi.o
                0x00000000000018f0                SPI0_Int_Handler
 .text.SPI1_Int_Handler
                0x0000000000001900       0x10 ./system/src/ADuCM350/spi.o
                0x0000000000001900                SPI1_Int_Handler
 .text.SPIH_Int_Handler
                0x0000000000001910       0x10 ./system/src/ADuCM350/spi.o
                0x0000000000001910                SPIH_Int_Handler
 .text.DMA_SPI0_TX_Int_Handler
                0x0000000000001920       0x10 ./system/src/ADuCM350/spi.o
                0x0000000000001920                DMA_SPI0_TX_Int_Handler
 .text.DMA_SPI0_RX_Int_Handler
                0x0000000000001930       0x10 ./system/src/ADuCM350/spi.o
                0x0000000000001930                DMA_SPI0_RX_Int_Handler
 .text.DMA_SPI1_TX_Int_Handler
                0x0000000000001940       0x14 ./system/src/ADuCM350/spi.o
                0x0000000000001940                DMA_SPI1_TX_Int_Handler
 .text.DMA_SPI1_RX_Int_Handler
                0x0000000000001954       0x14 ./system/src/ADuCM350/spi.o
                0x0000000000001954                DMA_SPI1_RX_Int_Handler
 .text.DMA_SPIH_TX_Int_Handler
                0x0000000000001968       0x14 ./system/src/ADuCM350/spi.o
                0x0000000000001968                DMA_SPIH_TX_Int_Handler
 .text.DMA_SPIH_RX_Int_Handler
                0x000000000000197c       0x14 ./system/src/ADuCM350/spi.o
                0x000000000000197c                DMA_SPIH_RX_Int_Handler
 .text.UART_RX_Status_Handler
                0x0000000000001990        0x8 ./system/src/ADuCM350/uart.o
 .text.do_read  0x0000000000001998       0xd0 ./system/src/ADuCM350/uart.o
 .text.do_write
                0x0000000000001a68       0xb8 ./system/src/ADuCM350/uart.o
 .text.ProcessRequest
                0x0000000000001b20       0x8e ./system/src/ADuCM350/uart.o
 *fill*         0x0000000000001bae        0x2 
 .text.UART_Int_Handler
                0x0000000000001bb0       0xb8 ./system/src/ADuCM350/uart.o
                0x0000000000001bb0                UART_Int_Handler
 .text.adi_UART_BufTx
                0x0000000000001c68       0x26 ./system/src/ADuCM350/uart.o
                0x0000000000001c68                adi_UART_BufTx
 .text.adi_UART_BufRx
                0x0000000000001c8e       0x26 ./system/src/ADuCM350/uart.o
                0x0000000000001c8e                adi_UART_BufRx
 .text.adi_UART_SetBaudRate
                0x0000000000001cb4       0x74 ./system/src/ADuCM350/uart.o
                0x0000000000001cb4                adi_UART_SetBaudRate
 .text.adi_UART_Init
                0x0000000000001d28       0xa4 ./system/src/ADuCM350/uart.o
                0x0000000000001d28                adi_UART_Init
 .text.adi_UART_SetParityMode
                0x0000000000001dcc       0x4c ./system/src/ADuCM350/uart.o
                0x0000000000001dcc                adi_UART_SetParityMode
 .text.adi_UART_SetWordLength
                0x0000000000001e18       0x1e ./system/src/ADuCM350/uart.o
                0x0000000000001e18                adi_UART_SetWordLength
 .text.adi_UART_Enable
                0x0000000000001e36       0x30 ./system/src/ADuCM350/uart.o
                0x0000000000001e36                adi_UART_Enable
 .text.adi_UART_SetInterruptMode
                0x0000000000001e66       0x2c ./system/src/ADuCM350/uart.o
                0x0000000000001e66                adi_UART_SetInterruptMode
 .text.adi_UART_SetBlockingMode
                0x0000000000001e92        0x6 ./system/src/ADuCM350/uart.o
                0x0000000000001e92                adi_UART_SetBlockingMode
 .text.adi_UART_SetGenericSettings
                0x0000000000001e98       0x48 ./system/src/ADuCM350/uart.o
                0x0000000000001e98                adi_UART_SetGenericSettings
 .text.adi_WUT_ClearInterruptFlag
                0x0000000000001ee0        0xc ./system/src/ADuCM350/wut.o
                0x0000000000001ee0                adi_WUT_ClearInterruptFlag
 .text.WakeUp_Int_Handler
                0x0000000000001eec       0x34 ./system/src/ADuCM350/wut.o
                0x0000000000001eec                WakeUp_Int_Handler
 .text.timer_tick
                0x0000000000001f20       0x14 ./src/Timer.o
                0x0000000000001f20                timer_tick
 .text.SysTick_Handler
                0x0000000000001f34        0x8 ./src/Timer.o
                0x0000000000001f34                SysTick_Handler
 .text.adi_initpinmux
                0x0000000000001f3c       0x10 ./src/main.o
                0x0000000000001f3c                adi_initpinmux
 .text.main     0x0000000000001f4c       0xc4 ./src/main.o
                0x0000000000001f4c                main
 .text.__errno  0x0000000000002010        0xc /home/moritz/opt/gcc-arm-none-eabi-7-2017-q4-major/bin/../lib/gcc/arm-none-eabi/7.2.1/../../../../arm-none-eabi/lib/thumb/v7-m/libg_nano.a(lib_a-errno.o)
                0x0000000000002010                __errno
 .text.memcpy   0x000000000000201c       0x16 /home/moritz/opt/gcc-arm-none-eabi-7-2017-q4-major/bin/../lib/gcc/arm-none-eabi/7.2.1/../../../../arm-none-eabi/lib/thumb/v7-m/libg_nano.a(lib_a-memcpy-stub.o)
                0x000000000000201c                memcpy
 .text._vsnprintf_r
                0x0000000000002032       0x58 /home/moritz/opt/gcc-arm-none-eabi-7-2017-q4-major/bin/../lib/gcc/arm-none-eabi/7.2.1/../../../../arm-none-eabi/lib/thumb/v7-m/libg_nano.a(lib_a-vsnprintf.o)
                0x0000000000002032                _vsnprintf_r
                0x0000000000002032                _vsniprintf_r
 *fill*         0x000000000000208a        0x2 
 .text.vsnprintf
                0x000000000000208c       0x1c /home/moritz/opt/gcc-arm-none-eabi-7-2017-q4-major/bin/../lib/gcc/arm-none-eabi/7.2.1/../../../../arm-none-eabi/lib/thumb/v7-m/libg_nano.a(lib_a-vsnprintf.o)
                0x000000000000208c                vsnprintf
                0x000000000000208c                vsniprintf
 .text._malloc_r
                0x00000000000020a8       0xb4 /home/moritz/opt/gcc-arm-none-eabi-7-2017-q4-major/bin/../lib/gcc/arm-none-eabi/7.2.1/../../../../arm-none-eabi/lib/thumb/v7-m/libg_nano.a(lib_a-nano-mallocr.o)
                0x00000000000020a8                _malloc_r
 .text.__ssputs_r
                0x000000000000215c       0xb4 /home/moritz/opt/gcc-arm-none-eabi-7-2017-q4-major/bin/../lib/gcc/arm-none-eabi/7.2.1/../../../../arm-none-eabi/lib/thumb/v7-m/libg_nano.a(lib_a-nano-svfprintf.o)
                0x000000000000215c                __ssputs_r
 .text._svfprintf_r
                0x0000000000002210      0x1ec /home/moritz/opt/gcc-arm-none-eabi-7-2017-q4-major/bin/../lib/gcc/arm-none-eabi/7.2.1/../../../../arm-none-eabi/lib/thumb/v7-m/libg_nano.a(lib_a-nano-svfprintf.o)
                0x0000000000002210                _svfprintf_r
                0x0000000000002210                _svfiprintf_r
 .text._printf_common
                0x00000000000023fc       0xec /home/moritz/opt/gcc-arm-none-eabi-7-2017-q4-major/bin/../lib/gcc/arm-none-eabi/7.2.1/../../../../arm-none-eabi/lib/thumb/v7-m/libg_nano.a(lib_a-nano-vfprintf_i.o)
                0x00000000000023fc                _printf_common
 .text._printf_i
                0x00000000000024e8      0x224 /home/moritz/opt/gcc-arm-none-eabi-7-2017-q4-major/bin/../lib/gcc/arm-none-eabi/7.2.1/../../../../arm-none-eabi/lib/thumb/v7-m/libg_nano.a(lib_a-nano-vfprintf_i.o)
                0x00000000000024e8                _printf_i
 .text._sbrk_r  0x000000000000270c       0x20 /home/moritz/opt/gcc-arm-none-eabi-7-2017-q4-major/bin/../lib/gcc/arm-none-eabi/7.2.1/../../../../arm-none-eabi/lib/thumb/v7-m/libg_nano.a(lib_a-sbrkr.o)
                0x000000000000270c                _sbrk_r
 .text.memchr   0x000000000000272c       0x1c /home/moritz/opt/gcc-arm-none-eabi-7-2017-q4-major/bin/../lib/gcc/arm-none-eabi/7.2.1/../../../../arm-none-eabi/lib/thumb/v7-m/libg_nano.a(lib_a-memchr-stub.o)
                0x000000000000272c                memchr
 .text.memmove  0x0000000000002748       0x32 /home/moritz/opt/gcc-arm-none-eabi-7-2017-q4-major/bin/../lib/gcc/arm-none-eabi/7.2.1/../../../../arm-none-eabi/lib/thumb/v7-m/libg_nano.a(lib_a-memmove.o)
                0x0000000000002748                memmove
 .text.__malloc_lock
                0x000000000000277a        0x2 /home/moritz/opt/gcc-arm-none-eabi-7-2017-q4-major/bin/../lib/gcc/arm-none-eabi/7.2.1/../../../../arm-none-eabi/lib/thumb/v7-m/libg_nano.a(lib_a-mlock.o)
                0x000000000000277a                __malloc_lock
 .text.__malloc_unlock
                0x000000000000277c        0x2 /home/moritz/opt/gcc-arm-none-eabi-7-2017-q4-major/bin/../lib/gcc/arm-none-eabi/7.2.1/../../../../arm-none-eabi/lib/thumb/v7-m/libg_nano.a(lib_a-mlock.o)
                0x000000000000277c                __malloc_unlock
 *fill*         0x000000000000277e        0x2 
 .text._free_r  0x0000000000002780       0x98 /home/moritz/opt/gcc-arm-none-eabi-7-2017-q4-major/bin/../lib/gcc/arm-none-eabi/7.2.1/../../../../arm-none-eabi/lib/thumb/v7-m/libg_nano.a(lib_a-nano-freer.o)
                0x0000000000002780                _free_r
 .text._realloc_r
                0x0000000000002818       0x4c /home/moritz/opt/gcc-arm-none-eabi-7-2017-q4-major/bin/../lib/gcc/arm-none-eabi/7.2.1/../../../../arm-none-eabi/lib/thumb/v7-m/libg_nano.a(lib_a-nano-reallocr.o)
                0x0000000000002818                _realloc_r
 .text._malloc_usable_size_r
                0x0000000000002864       0x10 /home/moritz/opt/gcc-arm-none-eabi-7-2017-q4-major/bin/../lib/gcc/arm-none-eabi/7.2.1/../../../../arm-none-eabi/lib/thumb/v7-m/libg_nano.a(lib_a-nano-msizer.o)
                0x0000000000002864                _malloc_usable_size_r
 *(.rodata .rodata.* .constdata .constdata.*)
 .rodata.dumpExceptionStack.str1.4
                0x0000000000002874      0x11a ./system/src/cortexm/exception_handlers.o
 *fill*         0x000000000000298e        0x2 
 .rodata.str1.4
                0x0000000000002990       0x2c ./system/src/cortexm/exception_handlers.o
                                         0x2a (size before relaxing)
 .rodata        0x00000000000029bc       0x14 ./system/src/ADuCM350/gpio.o
 .rodata        0x00000000000029d0       0x54 ./system/src/ADuCM350/uart.o
 .rodata.__sf_fake_stderr
                0x0000000000002a24       0x20 /home/moritz/opt/gcc-arm-none-eabi-7-2017-q4-major/bin/../lib/gcc/arm-none-eabi/7.2.1/../../../../arm-none-eabi/lib/thumb/v7-m/libg_nano.a(lib_a-findfp.o)
                0x0000000000002a24                __sf_fake_stderr
 .rodata.__sf_fake_stdin
                0x0000000000002a44       0x20 /home/moritz/opt/gcc-arm-none-eabi-7-2017-q4-major/bin/../lib/gcc/arm-none-eabi/7.2.1/../../../../arm-none-eabi/lib/thumb/v7-m/libg_nano.a(lib_a-findfp.o)
                0x0000000000002a44                __sf_fake_stdin
 .rodata.__sf_fake_stdout
                0x0000000000002a64       0x20 /home/moritz/opt/gcc-arm-none-eabi-7-2017-q4-major/bin/../lib/gcc/arm-none-eabi/7.2.1/../../../../arm-none-eabi/lib/thumb/v7-m/libg_nano.a(lib_a-findfp.o)
                0x0000000000002a64                __sf_fake_stdout
 .rodata._svfprintf_r.str1.1
                0x0000000000002a84       0x11 /home/moritz/opt/gcc-arm-none-eabi-7-2017-q4-major/bin/../lib/gcc/arm-none-eabi/7.2.1/../../../../arm-none-eabi/lib/thumb/v7-m/libg_nano.a(lib_a-nano-svfprintf.o)
 .rodata._printf_i.str1.1
                0x0000000000002a95       0x22 /home/moritz/opt/gcc-arm-none-eabi-7-2017-q4-major/bin/../lib/gcc/arm-none-eabi/7.2.1/../../../../arm-none-eabi/lib/thumb/v7-m/libg_nano.a(lib_a-nano-vfprintf_i.o)
 *(vtable)
 *(.eh_frame*)
 *(.glue_7)
 .glue_7        0x0000000000002ab7        0x0 linker stubs
 *(.glue_7t)
 .glue_7t       0x0000000000002ab7        0x0 linker stubs

.vfp11_veneer   0x0000000000002ab8        0x0
 .vfp11_veneer  0x0000000000002ab8        0x0 linker stubs

.v4_bx          0x0000000000002ab8        0x0
 .v4_bx         0x0000000000002ab8        0x0 linker stubs

.iplt           0x0000000000002ab8        0x0
 .iplt          0x0000000000002ab8        0x0 ./system/src/newlib/_exit.o

.rel.dyn        0x0000000000002ab8        0x0
 .rel.iplt      0x0000000000002ab8        0x0 ./system/src/newlib/_exit.o

.ARM.extab
 *(.ARM.extab* .gnu.linkonce.armextab.*)
                0x0000000000002ab8                . = ALIGN (0x4)
                0x0000000000002ab8                __exidx_start = .

.ARM.exidx
 *(.ARM.exidx* .gnu.linkonce.armexidx.*)
                0x0000000000002ab8                __exidx_end = .
                0x0000000000002ab8                . = ALIGN (0x4)
                0x0000000000002ab8                _etext = .
                0x0000000000002ab8                __etext = .

.data_CCMRAM    0x0000000010000000        0x0 load address 0x0000000000000394
 FILL mask 0xff
 *(.data.CCMRAM .data.CCMRAM.*)
                0x0000000010000000                . = ALIGN (0x4)
                0x0000000000002ab8                _sidata = LOADADDR (.data)

.data           0x0000000020000000      0x100 load address 0x0000000000002ab8
 FILL mask 0xff
                0x0000000020000000                _sdata = .
                0x0000000020000000                __data_start__ = .
 *(.data_begin .data_begin.*)
 .data_begin    0x0000000020000000        0x4 ./system/src/newlib/_startup.o
 *(.data .data.*)
 .data.argv.4310
                0x0000000020000004        0x8 ./system/src/newlib/_syscalls.o
 .data.FEE_DevData
                0x000000002000000c       0x60 ./system/src/ADuCM350/flash.o
 .data.UART_DevData
                0x000000002000006c       0x2c ./system/src/ADuCM350/uart.o
 .data._impure_ptr
                0x0000000020000098        0x4 /home/moritz/opt/gcc-arm-none-eabi-7-2017-q4-major/bin/../lib/gcc/arm-none-eabi/7.2.1/../../../../arm-none-eabi/lib/thumb/v7-m/libg_nano.a(lib_a-impure.o)
                0x0000000020000098                _impure_ptr
 .data.impure_data
                0x000000002000009c       0x60 /home/moritz/opt/gcc-arm-none-eabi-7-2017-q4-major/bin/../lib/gcc/arm-none-eabi/7.2.1/../../../../arm-none-eabi/lib/thumb/v7-m/libg_nano.a(lib_a-impure.o)
 *(.data_end .data_end.*)
 .data_end      0x00000000200000fc        0x4 ./system/src/newlib/_startup.o
                0x0000000020000100                . = ALIGN (0x4)
                0x0000000020000100                _edata = .
                0x0000000020000100                __data_end__ = .

.igot.plt       0x0000000020000100        0x0 load address 0x0000000000002bb8
 .igot.plt      0x0000000020000100        0x0 ./system/src/newlib/_exit.o

.bss_CCMRAM     0x0000000010000000        0x0
 *(.bss.CCMRAM .bss.CCMRAM.*)

.bss            0x0000000020000100      0xa00
                0x0000000020000100                __bss_start__ = .
                0x0000000020000100                _sbss = .
 *(.bss_begin .bss_begin.*)
 .bss_begin     0x0000000020000100        0x4 ./system/src/newlib/_startup.o
 *(.bss .bss.*)
 .bss.current_heap_end.3961
                0x0000000020000104        0x4 ./system/src/newlib/_sbrk.o
 .bss.name.4309
                0x0000000020000108        0x1 ./system/src/newlib/_syscalls.o
 *fill*         0x0000000020000109        0x3 
 .bss.buf.5205  0x000000002000010c       0x80 ./system/src/diag/Trace.o
 .bss.gpioClock
                0x000000002000018c        0x4 ./system/src/cmsis/system_ADuCM350.o
 .bss.hfClock   0x0000000020000190        0x4 ./system/src/cmsis/system_ADuCM350.o
 .bss.privateIntOccFlag
                0x0000000020000194        0x1 ./system/src/cmsis/system_ADuCM350.o
 .bss.bufferInitialized.7027
                0x0000000020000195        0x1 ./system/src/ADuCM350/afe.o
 *fill*         0x0000000020000196        0x2 
 .bss.pNextBuffer.7028
                0x0000000020000198        0x4 ./system/src/ADuCM350/afe.o
 .bss.gBEEP_DevData
                0x000000002000019c       0x14 ./system/src/ADuCM350/beep.o
                0x000000002000019c                gBEEP_DevData
 .bss.CT_DevData
                0x00000000200001b0       0x14 ./system/src/ADuCM350/captouch.o
 .bss.DMA_DevData
                0x00000000200001c4        0xc ./system/src/ADuCM350/dma.o
                0x00000000200001c4                DMA_DevData
 .bss.gChannelControlDataArray
                0x00000000200001d0      0x200 ./system/src/ADuCM350/dma.o
 .bss.adi_GPIO_Device
                0x00000000200003d0       0x5c ./system/src/ADuCM350/gpio.o
 .bss.gGPT_DevData
                0x000000002000042c       0x30 ./system/src/ADuCM350/gpt.o
                0x000000002000042c                gGPT_DevData
 .bss.gRNG_DevData
                0x000000002000045c       0x14 ./system/src/ADuCM350/rng.o
                0x000000002000045c                gRNG_DevData
 .bss.WUT_DevData
                0x0000000020000470       0x14 ./system/src/ADuCM350/wut.o
 .bss.RxBuffer  0x0000000020000484       0x14 ./src/main.o
 .bss.TxBuffer  0x0000000020000498       0x14 ./src/main.o
 .bss.__malloc_free_list
                0x00000000200004ac        0x4 /home/moritz/opt/gcc-arm-none-eabi-7-2017-q4-major/bin/../lib/gcc/arm-none-eabi/7.2.1/../../../../arm-none-eabi/lib/thumb/v7-m/libg_nano.a(lib_a-nano-mallocr.o)
                0x00000000200004ac                __malloc_free_list
 .bss.__malloc_sbrk_start
                0x00000000200004b0        0x4 /home/moritz/opt/gcc-arm-none-eabi-7-2017-q4-major/bin/../lib/gcc/arm-none-eabi/7.2.1/../../../../arm-none-eabi/lib/thumb/v7-m/libg_nano.a(lib_a-nano-mallocr.o)
                0x00000000200004b0                __malloc_sbrk_start
 *(COMMON)
 COMMON         0x00000000200004b4        0x4 ./system/src/newlib/_syscalls.o
                0x00000000200004b4                errno
 COMMON         0x00000000200004b8       0x60 ./system/src/ADuCM350/afe.o
                0x00000000200004b8                AFE_DevData
 COMMON         0x0000000020000518       0x30 ./system/src/ADuCM350/crc.o
                0x0000000020000518                CRC_DevData
                0x0000000020000530                gDmaDescriptor
 COMMON         0x0000000020000548       0xfc ./system/src/ADuCM350/spi.o
                0x0000000020000548                SPI_DevData
 COMMON         0x0000000020000644        0x4 ./src/Timer.o
                0x0000000020000644                timer_delayCount
 COMMON         0x0000000020000648      0x4b4 ./src/main.o
                0x0000000020000648                dmaBuffer
                0x0000000020000af8                hUartDevice
 *(.bss_end .bss_end.*)
 .bss_end       0x0000000020000afc        0x4 ./system/src/newlib/_startup.o
                0x0000000020000b00                . = ALIGN (0x4)
                0x0000000020000b00                __bss_end__ = .
                0x0000000020000b00                _ebss = .

.noinit_CCMRAM
 *(.noinit.CCMRAM .noinit.CCMRAM.*)

.noinit         0x0000000020000b00        0x0
                0x0000000020000b00                _noinit = .
 *(.noinit .noinit.*)
                0x0000000020000b00                . = ALIGN (0x4)
                0x0000000020000b00                _end_noinit = .
                [!provide]                        PROVIDE (end, _end_noinit)
                [!provide]                        PROVIDE (_end, _end_noinit)
                [!provide]                        PROVIDE (__end, _end_noinit)
                [!provide]                        PROVIDE (__end__, _end_noinit)

._check_stack   0x0000000020000b00      0x100
                0x0000000020000c00                . = (. + _Minimum_Stack_Size)
 *fill*         0x0000000020000b00      0x100 

.b1text
 *(.b1text)
 *(.b1rodata)
 *(.b1rodata.*)

.eb0text
 *(.eb0text)
 *(.eb0rodata)
 *(.eb0rodata.*)

.eb1text
 *(.eb1text)
 *(.eb1rodata)
 *(.eb1rodata.*)

.eb2text
 *(.eb2text)
 *(.eb2rodata)
 *(.eb2rodata.*)

.eb3text
 *(.eb3text)
 *(.eb3rodata)
 *(.eb3rodata.*)

.stab
 *(.stab)

.stabstr
 *(.stabstr)

.stab.excl
 *(.stab.excl)

.stab.exclstr
 *(.stab.exclstr)

.stab.index
 *(.stab.index)

.stab.indexstr
 *(.stab.indexstr)

.comment        0x0000000000000000       0x7e
 *(.comment)
 .comment       0x0000000000000000       0x7e ./system/src/newlib/_exit.o
                                         0x7f (size before relaxing)
 .comment       0x000000000000007e       0x7f ./system/src/newlib/_sbrk.o
 .comment       0x000000000000007e       0x7f ./system/src/newlib/_startup.o
 .comment       0x000000000000007e       0x7f ./system/src/newlib/_syscalls.o
 .comment       0x000000000000007e       0x7f ./system/src/diag/Trace.o
 .comment       0x000000000000007e       0x7f ./system/src/diag/trace_impl.o
 .comment       0x000000000000007e       0x7f ./system/src/cortexm/_initialize_hardware.o
 .comment       0x000000000000007e       0x7f ./system/src/cortexm/exception_handlers.o
 .comment       0x000000000000007e       0x7f ./system/src/cmsis/system_ADuCM350.o
 .comment       0x000000000000007e       0x7f ./system/src/cmsis/vectors_ADuCM350.o
 .comment       0x000000000000007e       0x7f ./system/src/cmsis/vetors_ADuCM350_old.o
 .comment       0x000000000000007e       0x7f ./system/src/ADuCM350/afe.o
 .comment       0x000000000000007e       0x7f ./system/src/ADuCM350/beep.o
 .comment       0x000000000000007e       0x7f ./system/src/ADuCM350/captouch.o
 .comment       0x000000000000007e       0x7f ./system/src/ADuCM350/crc.o
 .comment       0x000000000000007e       0x7f ./system/src/ADuCM350/dma.o
 .comment       0x000000000000007e       0x7f ./system/src/ADuCM350/flash.o
 .comment       0x000000000000007e       0x7f ./system/src/ADuCM350/gpio.o
 .comment       0x000000000000007e       0x7f ./system/src/ADuCM350/gpt.o
 .comment       0x000000000000007e       0x7f ./system/src/ADuCM350/rng.o
 .comment       0x000000000000007e       0x7f ./system/src/ADuCM350/spi.o
 .comment       0x000000000000007e       0x7f ./system/src/ADuCM350/uart.o
 .comment       0x000000000000007e       0x7f ./system/src/ADuCM350/wut.o
 .comment       0x000000000000007e       0x7f ./src/Timer.o
 .comment       0x000000000000007e       0x7f ./src/main.o

.ARM.attributes
                0x0000000000000000       0x31
 .ARM.attributes
                0x0000000000000000       0x33 ./system/src/newlib/_exit.o
 .ARM.attributes
                0x0000000000000033       0x33 ./system/src/newlib/_sbrk.o
 .ARM.attributes
                0x0000000000000066       0x33 ./system/src/newlib/_startup.o
 .ARM.attributes
                0x0000000000000099       0x33 ./system/src/newlib/_syscalls.o
 .ARM.attributes
                0x00000000000000cc       0x33 ./system/src/diag/Trace.o
 .ARM.attributes
                0x00000000000000ff       0x33 ./system/src/diag/trace_impl.o
 .ARM.attributes
                0x0000000000000132       0x33 ./system/src/cortexm/_initialize_hardware.o
 .ARM.attributes
                0x0000000000000165       0x33 ./system/src/cortexm/exception_handlers.o
 .ARM.attributes
                0x0000000000000198       0x33 ./system/src/cmsis/system_ADuCM350.o
 .ARM.attributes
                0x00000000000001cb       0x33 ./system/src/cmsis/vectors_ADuCM350.o
 .ARM.attributes
                0x00000000000001fe       0x33 ./system/src/cmsis/vetors_ADuCM350_old.o
 .ARM.attributes
                0x0000000000000231       0x33 ./system/src/ADuCM350/afe.o
 .ARM.attributes
                0x0000000000000264       0x33 ./system/src/ADuCM350/beep.o
 .ARM.attributes
                0x0000000000000297       0x33 ./system/src/ADuCM350/captouch.o
 .ARM.attributes
                0x00000000000002ca       0x33 ./system/src/ADuCM350/crc.o
 .ARM.attributes
                0x00000000000002fd       0x33 ./system/src/ADuCM350/dma.o
 .ARM.attributes
                0x0000000000000330       0x33 ./system/src/ADuCM350/flash.o
 .ARM.attributes
                0x0000000000000363       0x33 ./system/src/ADuCM350/gpio.o
 .ARM.attributes
                0x0000000000000396       0x33 ./system/src/ADuCM350/gpt.o
 .ARM.attributes
                0x00000000000003c9       0x33 ./system/src/ADuCM350/rng.o
 .ARM.attributes
                0x00000000000003fc       0x33 ./system/src/ADuCM350/spi.o
 .ARM.attributes
                0x000000000000042f       0x33 ./system/src/ADuCM350/uart.o
 .ARM.attributes
                0x0000000000000462       0x33 ./system/src/ADuCM350/wut.o
 .ARM.attributes
                0x0000000000000495       0x33 ./src/Timer.o
 .ARM.attributes
                0x00000000000004c8       0x33 ./src/main.o
 .ARM.attributes
                0x00000000000004fb       0x2d /home/moritz/opt/gcc-arm-none-eabi-7-2017-q4-major/bin/../lib/gcc/arm-none-eabi/7.2.1/../../../../arm-none-eabi/lib/thumb/v7-m/libg_nano.a(lib_a-errno.o)
 .ARM.attributes
                0x0000000000000528       0x2d /home/moritz/opt/gcc-arm-none-eabi-7-2017-q4-major/bin/../lib/gcc/arm-none-eabi/7.2.1/../../../../arm-none-eabi/lib/thumb/v7-m/libg_nano.a(lib_a-impure.o)
 .ARM.attributes
                0x0000000000000555       0x2d /home/moritz/opt/gcc-arm-none-eabi-7-2017-q4-major/bin/../lib/gcc/arm-none-eabi/7.2.1/../../../../arm-none-eabi/lib/thumb/v7-m/libg_nano.a(lib_a-memcpy-stub.o)
 .ARM.attributes
                0x0000000000000582       0x2d /home/moritz/opt/gcc-arm-none-eabi-7-2017-q4-major/bin/../lib/gcc/arm-none-eabi/7.2.1/../../../../arm-none-eabi/lib/thumb/v7-m/libg_nano.a(lib_a-vsnprintf.o)
 .ARM.attributes
                0x00000000000005af       0x2d /home/moritz/opt/gcc-arm-none-eabi-7-2017-q4-major/bin/../lib/gcc/arm-none-eabi/7.2.1/../../../../arm-none-eabi/lib/thumb/v7-m/libg_nano.a(lib_a-findfp.o)
 .ARM.attributes
                0x00000000000005dc       0x2d /home/moritz/opt/gcc-arm-none-eabi-7-2017-q4-major/bin/../lib/gcc/arm-none-eabi/7.2.1/../../../../arm-none-eabi/lib/thumb/v7-m/libg_nano.a(lib_a-nano-mallocr.o)
 .ARM.attributes
                0x0000000000000609       0x2d /home/moritz/opt/gcc-arm-none-eabi-7-2017-q4-major/bin/../lib/gcc/arm-none-eabi/7.2.1/../../../../arm-none-eabi/lib/thumb/v7-m/libg_nano.a(lib_a-nano-svfprintf.o)
 .ARM.attributes
                0x0000000000000636       0x2d /home/moritz/opt/gcc-arm-none-eabi-7-2017-q4-major/bin/../lib/gcc/arm-none-eabi/7.2.1/../../../../arm-none-eabi/lib/thumb/v7-m/libg_nano.a(lib_a-nano-vfprintf_i.o)
 .ARM.attributes
                0x0000000000000663       0x2d /home/moritz/opt/gcc-arm-none-eabi-7-2017-q4-major/bin/../lib/gcc/arm-none-eabi/7.2.1/../../../../arm-none-eabi/lib/thumb/v7-m/libg_nano.a(lib_a-sbrkr.o)
 .ARM.attributes
                0x0000000000000690       0x2d /home/moritz/opt/gcc-arm-none-eabi-7-2017-q4-major/bin/../lib/gcc/arm-none-eabi/7.2.1/../../../../arm-none-eabi/lib/thumb/v7-m/libg_nano.a(lib_a-memchr-stub.o)
 .ARM.attributes
                0x00000000000006bd       0x2d /home/moritz/opt/gcc-arm-none-eabi-7-2017-q4-major/bin/../lib/gcc/arm-none-eabi/7.2.1/../../../../arm-none-eabi/lib/thumb/v7-m/libg_nano.a(lib_a-memmove.o)
 .ARM.attributes
                0x00000000000006ea       0x2d /home/moritz/opt/gcc-arm-none-eabi-7-2017-q4-major/bin/../lib/gcc/arm-none-eabi/7.2.1/../../../../arm-none-eabi/lib/thumb/v7-m/libg_nano.a(lib_a-mlock.o)
 .ARM.attributes
                0x0000000000000717       0x2d /home/moritz/opt/gcc-arm-none-eabi-7-2017-q4-major/bin/../lib/gcc/arm-none-eabi/7.2.1/../../../../arm-none-eabi/lib/thumb/v7-m/libg_nano.a(lib_a-nano-freer.o)
 .ARM.attributes
                0x0000000000000744       0x2d /home/moritz/opt/gcc-arm-none-eabi-7-2017-q4-major/bin/../lib/gcc/arm-none-eabi/7.2.1/../../../../arm-none-eabi/lib/thumb/v7-m/libg_nano.a(lib_a-nano-reallocr.o)
 .ARM.attributes
                0x0000000000000771       0x2d /home/moritz/opt/gcc-arm-none-eabi-7-2017-q4-major/bin/../lib/gcc/arm-none-eabi/7.2.1/../../../../arm-none-eabi/lib/thumb/v7-m/libg_nano.a(lib_a-nano-msizer.o)

.debug
 *(.debug)

.line
 *(.line)

.debug_srcinfo
 *(.debug_srcinfo)

.debug_sfnames
 *(.debug_sfnames)

.debug_aranges  0x0000000000000000     0x1438
 *(.debug_aranges)
 .debug_aranges
                0x0000000000000000       0x28 ./system/src/newlib/_exit.o
 .debug_aranges
                0x0000000000000028       0x20 ./system/src/newlib/_sbrk.o
 .debug_aranges
                0x0000000000000048       0x40 ./system/src/newlib/_startup.o
 .debug_aranges
                0x0000000000000088       0x30 ./system/src/newlib/_syscalls.o
 .debug_aranges
                0x00000000000000b8       0x38 ./system/src/diag/Trace.o
 .debug_aranges
                0x00000000000000f0       0x28 ./system/src/diag/trace_impl.o
 .debug_aranges
                0x0000000000000118       0x28 ./system/src/cortexm/_initialize_hardware.o
 .debug_aranges
                0x0000000000000140       0x88 ./system/src/cortexm/exception_handlers.o
 .debug_aranges
                0x00000000000001c8       0xf0 ./system/src/cmsis/system_ADuCM350.o
 .debug_aranges
                0x00000000000002b8      0x248 ./system/src/cmsis/vectors_ADuCM350.o
 .debug_aranges
                0x0000000000000500       0x20 ./system/src/cmsis/vetors_ADuCM350_old.o
 .debug_aranges
                0x0000000000000520      0x1b8 ./system/src/ADuCM350/afe.o
 .debug_aranges
                0x00000000000006d8       0xa0 ./system/src/ADuCM350/beep.o
 .debug_aranges
                0x0000000000000778      0x308 ./system/src/ADuCM350/captouch.o
 .debug_aranges
                0x0000000000000a80       0xa8 ./system/src/ADuCM350/crc.o
 .debug_aranges
                0x0000000000000b28       0x58 ./system/src/ADuCM350/dma.o
 .debug_aranges
                0x0000000000000b80       0xd0 ./system/src/ADuCM350/flash.o
 .debug_aranges
                0x0000000000000c50      0x148 ./system/src/ADuCM350/gpio.o
 .debug_aranges
                0x0000000000000d98       0xe8 ./system/src/ADuCM350/gpt.o
 .debug_aranges
                0x0000000000000e80       0x98 ./system/src/ADuCM350/rng.o
 .debug_aranges
                0x0000000000000f18      0x278 ./system/src/ADuCM350/spi.o
 .debug_aranges
                0x0000000000001190      0x138 ./system/src/ADuCM350/uart.o
 .debug_aranges
                0x00000000000012c8       0xe0 ./system/src/ADuCM350/wut.o
 .debug_aranges
                0x00000000000013a8       0x38 ./src/Timer.o
 .debug_aranges
                0x00000000000013e0       0x58 ./src/main.o

.debug_pubnames
 *(.debug_pubnames)

.debug_info     0x0000000000000000    0x1f2ea
 *(.debug_info .gnu.linkonce.wi.*)
 .debug_info    0x0000000000000000      0x956 ./system/src/newlib/_exit.o
 .debug_info    0x0000000000000956      0x942 ./system/src/newlib/_sbrk.o
 .debug_info    0x0000000000001298      0x42e ./system/src/newlib/_startup.o
 .debug_info    0x00000000000016c6      0xa19 ./system/src/newlib/_syscalls.o
 .debug_info    0x00000000000020df      0xb2a ./system/src/diag/Trace.o
 .debug_info    0x0000000000002c09      0x15b ./system/src/diag/trace_impl.o
 .debug_info    0x0000000000002d64      0x2b3 ./system/src/cortexm/_initialize_hardware.o
 .debug_info    0x0000000000003017      0xff9 ./system/src/cortexm/exception_handlers.o
 .debug_info    0x0000000000004010     0x272e ./system/src/cmsis/system_ADuCM350.o
 .debug_info    0x000000000000673e      0x8a8 ./system/src/cmsis/vectors_ADuCM350.o
 .debug_info    0x0000000000006fe6       0xc9 ./system/src/cmsis/vetors_ADuCM350_old.o
 .debug_info    0x00000000000070af     0x309d ./system/src/ADuCM350/afe.o
 .debug_info    0x000000000000a14c     0x177d ./system/src/ADuCM350/beep.o
 .debug_info    0x000000000000b8c9     0x3f29 ./system/src/ADuCM350/captouch.o
 .debug_info    0x000000000000f7f2     0x1615 ./system/src/ADuCM350/crc.o
 .debug_info    0x0000000000010e07      0xae2 ./system/src/ADuCM350/dma.o
 .debug_info    0x00000000000118e9     0x19a8 ./system/src/ADuCM350/flash.o
 .debug_info    0x0000000000013291     0x1499 ./system/src/ADuCM350/gpio.o
 .debug_info    0x000000000001472a     0x1868 ./system/src/ADuCM350/gpt.o
 .debug_info    0x0000000000015f92     0x146d ./system/src/ADuCM350/rng.o
 .debug_info    0x00000000000173ff     0x32a4 ./system/src/ADuCM350/spi.o
 .debug_info    0x000000000001a6a3     0x202e ./system/src/ADuCM350/uart.o
 .debug_info    0x000000000001c6d1     0x1049 ./system/src/ADuCM350/wut.o
 .debug_info    0x000000000001d71a      0x68e ./src/Timer.o
 .debug_info    0x000000000001dda8     0x1542 ./src/main.o

.debug_abbrev   0x0000000000000000     0x4097
 *(.debug_abbrev)
 .debug_abbrev  0x0000000000000000      0x1f3 ./system/src/newlib/_exit.o
 .debug_abbrev  0x00000000000001f3      0x1fc ./system/src/newlib/_sbrk.o
 .debug_abbrev  0x00000000000003ef      0x1b3 ./system/src/newlib/_startup.o
 .debug_abbrev  0x00000000000005a2      0x234 ./system/src/newlib/_syscalls.o
 .debug_abbrev  0x00000000000007d6      0x276 ./system/src/diag/Trace.o
 .debug_abbrev  0x0000000000000a4c       0xc5 ./system/src/diag/trace_impl.o
 .debug_abbrev  0x0000000000000b11       0xea ./system/src/cortexm/_initialize_hardware.o
 .debug_abbrev  0x0000000000000bfb      0x2b4 ./system/src/cortexm/exception_handlers.o
 .debug_abbrev  0x0000000000000eaf      0x385 ./system/src/cmsis/system_ADuCM350.o
 .debug_abbrev  0x0000000000001234      0x140 ./system/src/cmsis/vectors_ADuCM350.o
 .debug_abbrev  0x0000000000001374       0x9d ./system/src/cmsis/vetors_ADuCM350_old.o
 .debug_abbrev  0x0000000000001411      0x495 ./system/src/ADuCM350/afe.o
 .debug_abbrev  0x00000000000018a6      0x36c ./system/src/ADuCM350/beep.o
 .debug_abbrev  0x0000000000001c12      0x364 ./system/src/ADuCM350/captouch.o
 .debug_abbrev  0x0000000000001f76      0x35d ./system/src/ADuCM350/crc.o
 .debug_abbrev  0x00000000000022d3      0x257 ./system/src/ADuCM350/dma.o
 .debug_abbrev  0x000000000000252a      0x335 ./system/src/ADuCM350/flash.o
 .debug_abbrev  0x000000000000285f      0x295 ./system/src/ADuCM350/gpio.o
 .debug_abbrev  0x0000000000002af4      0x36d ./system/src/ADuCM350/gpt.o
 .debug_abbrev  0x0000000000002e61      0x377 ./system/src/ADuCM350/rng.o
 .debug_abbrev  0x00000000000031d8      0x3cf ./system/src/ADuCM350/spi.o
 .debug_abbrev  0x00000000000035a7      0x362 ./system/src/ADuCM350/uart.o
 .debug_abbrev  0x0000000000003909      0x24f ./system/src/ADuCM350/wut.o
 .debug_abbrev  0x0000000000003b58      0x1ba ./src/Timer.o
 .debug_abbrev  0x0000000000003d12      0x385 ./src/main.o

.debug_line     0x0000000000000000     0x9b48
 *(.debug_line)
 .debug_line    0x0000000000000000      0x343 ./system/src/newlib/_exit.o
 .debug_line    0x0000000000000343      0x2f7 ./system/src/newlib/_sbrk.o
 .debug_line    0x000000000000063a      0x3b1 ./system/src/newlib/_startup.o
 .debug_line    0x00000000000009eb      0x40a ./system/src/newlib/_syscalls.o
 .debug_line    0x0000000000000df5      0x3bf ./system/src/diag/Trace.o
 .debug_line    0x00000000000011b4      0x4dd ./system/src/diag/trace_impl.o
 .debug_line    0x0000000000001691      0x29a ./system/src/cortexm/_initialize_hardware.o
 .debug_line    0x000000000000192b      0x5d8 ./system/src/cortexm/exception_handlers.o
 .debug_line    0x0000000000001f03      0x8ec ./system/src/cmsis/system_ADuCM350.o
 .debug_line    0x00000000000027ef      0x71a ./system/src/cmsis/vectors_ADuCM350.o
 .debug_line    0x0000000000002f09       0xfe ./system/src/cmsis/vetors_ADuCM350_old.o
 .debug_line    0x0000000000003007      0xc36 ./system/src/ADuCM350/afe.o
 .debug_line    0x0000000000003c3d      0x689 ./system/src/ADuCM350/beep.o
 .debug_line    0x00000000000042c6      0xecb ./system/src/ADuCM350/captouch.o
 .debug_line    0x0000000000005191      0x626 ./system/src/ADuCM350/crc.o
 .debug_line    0x00000000000057b7      0x446 ./system/src/ADuCM350/dma.o
 .debug_line    0x0000000000005bfd      0x648 ./system/src/ADuCM350/flash.o
 .debug_line    0x0000000000006245      0x682 ./system/src/ADuCM350/gpio.o
 .debug_line    0x00000000000068c7      0x6db ./system/src/ADuCM350/gpt.o
 .debug_line    0x0000000000006fa2      0x65c ./system/src/ADuCM350/rng.o
 .debug_line    0x00000000000075fe      0xdc6 ./system/src/ADuCM350/spi.o
 .debug_line    0x00000000000083c4      0x8f6 ./system/src/ADuCM350/uart.o
 .debug_line    0x0000000000008cba      0x52d ./system/src/ADuCM350/wut.o
 .debug_line    0x00000000000091e7      0x2fc ./src/Timer.o
 .debug_line    0x00000000000094e3      0x665 ./src/main.o

.debug_frame    0x0000000000000000     0x34a4
 *(.debug_frame)
 .debug_frame   0x0000000000000000       0x38 ./system/src/newlib/_exit.o
 .debug_frame   0x0000000000000038       0x28 ./system/src/newlib/_sbrk.o
 .debug_frame   0x0000000000000060       0x7c ./system/src/newlib/_startup.o
 .debug_frame   0x00000000000000dc       0x50 ./system/src/newlib/_syscalls.o
 .debug_frame   0x000000000000012c       0x94 ./system/src/diag/Trace.o
 .debug_frame   0x00000000000001c0       0x30 ./system/src/diag/trace_impl.o
 .debug_frame   0x00000000000001f0       0x40 ./system/src/cortexm/_initialize_hardware.o
 .debug_frame   0x0000000000000230      0x144 ./system/src/cortexm/exception_handlers.o
 .debug_frame   0x0000000000000374      0x274 ./system/src/cmsis/system_ADuCM350.o
 .debug_frame   0x00000000000005e8      0x7bc ./system/src/cmsis/vectors_ADuCM350.o
 .debug_frame   0x0000000000000da4       0x20 ./system/src/cmsis/vetors_ADuCM350_old.o
 .debug_frame   0x0000000000000dc4      0x434 ./system/src/ADuCM350/afe.o
 .debug_frame   0x00000000000011f8      0x13c ./system/src/ADuCM350/beep.o
 .debug_frame   0x0000000000001334      0x69c ./system/src/ADuCM350/captouch.o
 .debug_frame   0x00000000000019d0      0x178 ./system/src/ADuCM350/crc.o
 .debug_frame   0x0000000000001b48       0xc0 ./system/src/ADuCM350/dma.o
 .debug_frame   0x0000000000001c08      0x238 ./system/src/ADuCM350/flash.o
 .debug_frame   0x0000000000001e40      0x308 ./system/src/ADuCM350/gpio.o
 .debug_frame   0x0000000000002148      0x1f4 ./system/src/ADuCM350/gpt.o
 .debug_frame   0x000000000000233c      0x130 ./system/src/ADuCM350/rng.o
 .debug_frame   0x000000000000246c      0x608 ./system/src/ADuCM350/spi.o
 .debug_frame   0x0000000000002a74      0x314 ./system/src/ADuCM350/uart.o
 .debug_frame   0x0000000000002d88      0x1ec ./system/src/ADuCM350/wut.o
 .debug_frame   0x0000000000002f74       0x58 ./src/Timer.o
 .debug_frame   0x0000000000002fcc       0xcc ./src/main.o
 .debug_frame   0x0000000000003098       0x20 /home/moritz/opt/gcc-arm-none-eabi-7-2017-q4-major/bin/../lib/gcc/arm-none-eabi/7.2.1/../../../../arm-none-eabi/lib/thumb/v7-m/libg_nano.a(lib_a-errno.o)
 .debug_frame   0x00000000000030b8       0x28 /home/moritz/opt/gcc-arm-none-eabi-7-2017-q4-major/bin/../lib/gcc/arm-none-eabi/7.2.1/../../../../arm-none-eabi/lib/thumb/v7-m/libg_nano.a(lib_a-memcpy-stub.o)
 .debug_frame   0x00000000000030e0       0x4c /home/moritz/opt/gcc-arm-none-eabi-7-2017-q4-major/bin/../lib/gcc/arm-none-eabi/7.2.1/../../../../arm-none-eabi/lib/thumb/v7-m/libg_nano.a(lib_a-vsnprintf.o)
 .debug_frame   0x000000000000312c      0x11c /home/moritz/opt/gcc-arm-none-eabi-7-2017-q4-major/bin/../lib/gcc/arm-none-eabi/7.2.1/../../../../arm-none-eabi/lib/thumb/v7-m/libg_nano.a(lib_a-findfp.o)
 .debug_frame   0x0000000000003248       0x2c /home/moritz/opt/gcc-arm-none-eabi-7-2017-q4-major/bin/../lib/gcc/arm-none-eabi/7.2.1/../../../../arm-none-eabi/lib/thumb/v7-m/libg_nano.a(lib_a-nano-mallocr.o)
 .debug_frame   0x0000000000003274       0x90 /home/moritz/opt/gcc-arm-none-eabi-7-2017-q4-major/bin/../lib/gcc/arm-none-eabi/7.2.1/../../../../arm-none-eabi/lib/thumb/v7-m/libg_nano.a(lib_a-nano-svfprintf.o)
 .debug_frame   0x0000000000003304       0x60 /home/moritz/opt/gcc-arm-none-eabi-7-2017-q4-major/bin/../lib/gcc/arm-none-eabi/7.2.1/../../../../arm-none-eabi/lib/thumb/v7-m/libg_nano.a(lib_a-nano-vfprintf_i.o)
 .debug_frame   0x0000000000003364       0x2c /home/moritz/opt/gcc-arm-none-eabi-7-2017-q4-major/bin/../lib/gcc/arm-none-eabi/7.2.1/../../../../arm-none-eabi/lib/thumb/v7-m/libg_nano.a(lib_a-sbrkr.o)
 .debug_frame   0x0000000000003390       0x28 /home/moritz/opt/gcc-arm-none-eabi-7-2017-q4-major/bin/../lib/gcc/arm-none-eabi/7.2.1/../../../../arm-none-eabi/lib/thumb/v7-m/libg_nano.a(lib_a-memchr-stub.o)
 .debug_frame   0x00000000000033b8       0x28 /home/moritz/opt/gcc-arm-none-eabi-7-2017-q4-major/bin/../lib/gcc/arm-none-eabi/7.2.1/../../../../arm-none-eabi/lib/thumb/v7-m/libg_nano.a(lib_a-memmove.o)
 .debug_frame   0x00000000000033e0       0x30 /home/moritz/opt/gcc-arm-none-eabi-7-2017-q4-major/bin/../lib/gcc/arm-none-eabi/7.2.1/../../../../arm-none-eabi/lib/thumb/v7-m/libg_nano.a(lib_a-mlock.o)
 .debug_frame   0x0000000000003410       0x38 /home/moritz/opt/gcc-arm-none-eabi-7-2017-q4-major/bin/../lib/gcc/arm-none-eabi/7.2.1/../../../../arm-none-eabi/lib/thumb/v7-m/libg_nano.a(lib_a-nano-freer.o)
 .debug_frame   0x0000000000003448       0x3c /home/moritz/opt/gcc-arm-none-eabi-7-2017-q4-major/bin/../lib/gcc/arm-none-eabi/7.2.1/../../../../arm-none-eabi/lib/thumb/v7-m/libg_nano.a(lib_a-nano-reallocr.o)
 .debug_frame   0x0000000000003484       0x20 /home/moritz/opt/gcc-arm-none-eabi-7-2017-q4-major/bin/../lib/gcc/arm-none-eabi/7.2.1/../../../../arm-none-eabi/lib/thumb/v7-m/libg_nano.a(lib_a-nano-msizer.o)

.debug_str      0x0000000000000000    0x51c03
 *(.debug_str)
 .debug_str     0x0000000000000000     0x7cb4 ./system/src/newlib/_exit.o
                                       0x7e85 (size before relaxing)
 .debug_str     0x0000000000007cb4      0x4f5 ./system/src/newlib/_sbrk.o
                                       0x7237 (size before relaxing)
 .debug_str     0x00000000000081a9      0xbb4 ./system/src/newlib/_startup.o
                                       0x6972 (size before relaxing)
 .debug_str     0x0000000000008d5d      0xe8b ./system/src/newlib/_syscalls.o
                                       0x8112 (size before relaxing)
 .debug_str     0x0000000000009be8      0x826 ./system/src/diag/Trace.o
                                       0x85fd (size before relaxing)
 .debug_str     0x000000000000a40e    0x39374 ./system/src/diag/trace_impl.o
                                      0x40a8f (size before relaxing)
 .debug_str     0x0000000000043782       0xbc ./system/src/cortexm/_initialize_hardware.o
                                      0x3cec9 (size before relaxing)
 .debug_str     0x000000000004383e      0x1e5 ./system/src/cortexm/exception_handlers.o
                                      0x41d5c (size before relaxing)
 .debug_str     0x0000000000043a23     0x1e23 ./system/src/cmsis/system_ADuCM350.o
                                      0x3ee1f (size before relaxing)
 .debug_str     0x0000000000045846      0x716 ./system/src/cmsis/vectors_ADuCM350.o
                                      0x3d731 (size before relaxing)
 .debug_str     0x0000000000045f5c       0x48 ./system/src/cmsis/vetors_ADuCM350_old.o
                                       0x3815 (size before relaxing)
 .debug_str     0x0000000000045fa4     0x1ef0 ./system/src/ADuCM350/afe.o
                                      0x420da (size before relaxing)
 .debug_str     0x0000000000047e94     0x1018 ./system/src/ADuCM350/beep.o
                                      0x41569 (size before relaxing)
 .debug_str     0x0000000000048eac     0x3ae6 ./system/src/ADuCM350/captouch.o
                                      0x4452a (size before relaxing)
 .debug_str     0x000000000004c992      0x5fc ./system/src/ADuCM350/crc.o
                                      0x4107a (size before relaxing)
 .debug_str     0x000000000004cf8e      0x5d0 ./system/src/ADuCM350/dma.o
                                      0x3db5b (size before relaxing)
 .debug_str     0x000000000004d55e      0xb29 ./system/src/ADuCM350/flash.o
                                      0x3e61e (size before relaxing)
 .debug_str     0x000000000004e087      0x6bc ./system/src/ADuCM350/gpio.o
                                      0x3dc49 (size before relaxing)
 .debug_str     0x000000000004e743      0xb95 ./system/src/ADuCM350/gpt.o
                                      0x410de (size before relaxing)
 .debug_str     0x000000000004f2d8      0x405 ./system/src/ADuCM350/rng.o
                                      0x40931 (size before relaxing)
 .debug_str     0x000000000004f6dd      0xef6 ./system/src/ADuCM350/spi.o
                                      0x4203e (size before relaxing)
 .debug_str     0x00000000000505d3      0xa34 ./system/src/ADuCM350/uart.o
                                      0x411c7 (size before relaxing)
 .debug_str     0x0000000000051007      0x641 ./system/src/ADuCM350/wut.o
                                      0x3da0b (size before relaxing)
 .debug_str     0x0000000000051648       0xb4 ./src/Timer.o
                                      0x3d34f (size before relaxing)
 .debug_str     0x00000000000516fc      0x507 ./src/main.o
                                      0x4383c (size before relaxing)

.debug_loc      0x0000000000000000     0x9d81
 *(.debug_loc)
 .debug_loc     0x0000000000000000       0x85 ./system/src/newlib/_sbrk.o
 .debug_loc     0x0000000000000085      0x1a9 ./system/src/newlib/_startup.o
 .debug_loc     0x000000000000022e       0x63 ./system/src/newlib/_syscalls.o
 .debug_loc     0x0000000000000291       0xf6 ./system/src/diag/Trace.o
 .debug_loc     0x0000000000000387       0x21 ./system/src/diag/trace_impl.o
 .debug_loc     0x00000000000003a8      0x15a ./system/src/cortexm/exception_handlers.o
 .debug_loc     0x0000000000000502     0x1039 ./system/src/cmsis/system_ADuCM350.o
 .debug_loc     0x000000000000153b       0x13 ./system/src/cmsis/vectors_ADuCM350.o
 .debug_loc     0x000000000000154e     0x125a ./system/src/ADuCM350/afe.o
 .debug_loc     0x00000000000027a8      0x552 ./system/src/ADuCM350/beep.o
 .debug_loc     0x0000000000002cfa     0x1ce3 ./system/src/ADuCM350/captouch.o
 .debug_loc     0x00000000000049dd      0x40d ./system/src/ADuCM350/crc.o
 .debug_loc     0x0000000000004dea      0x2ec ./system/src/ADuCM350/dma.o
 .debug_loc     0x00000000000050d6      0xdca ./system/src/ADuCM350/flash.o
 .debug_loc     0x0000000000005ea0      0xaac ./system/src/ADuCM350/gpio.o
 .debug_loc     0x000000000000694c      0x49e ./system/src/ADuCM350/gpt.o
 .debug_loc     0x0000000000006dea      0x3e7 ./system/src/ADuCM350/rng.o
 .debug_loc     0x00000000000071d1     0x1458 ./system/src/ADuCM350/spi.o
 .debug_loc     0x0000000000008629      0xf16 ./system/src/ADuCM350/uart.o
 .debug_loc     0x000000000000953f      0x6e3 ./system/src/ADuCM350/wut.o
 .debug_loc     0x0000000000009c22       0x3f ./src/Timer.o
 .debug_loc     0x0000000000009c61      0x120 ./src/main.o

.debug_macinfo
 *(.debug_macinfo)

.debug_weaknames
 *(.debug_weaknames)

.debug_funcnames
 *(.debug_funcnames)

.debug_typenames
 *(.debug_typenames)

.debug_varnames
 *(.debug_varnames)
OUTPUT(aducm-fresh-cortexm-template.elf elf32-littlearm)

.debug_ranges   0x0000000000000000     0x1368
 .debug_ranges  0x0000000000000000       0x18 ./system/src/newlib/_exit.o
 .debug_ranges  0x0000000000000018       0x10 ./system/src/newlib/_sbrk.o
 .debug_ranges  0x0000000000000028       0x78 ./system/src/newlib/_startup.o
 .debug_ranges  0x00000000000000a0       0x20 ./system/src/newlib/_syscalls.o
 .debug_ranges  0x00000000000000c0       0x28 ./system/src/diag/Trace.o
 .debug_ranges  0x00000000000000e8       0x18 ./system/src/diag/trace_impl.o
 .debug_ranges  0x0000000000000100       0x18 ./system/src/cortexm/_initialize_hardware.o
 .debug_ranges  0x0000000000000118       0x78 ./system/src/cortexm/exception_handlers.o
 .debug_ranges  0x0000000000000190       0xe0 ./system/src/cmsis/system_ADuCM350.o
 .debug_ranges  0x0000000000000270      0x238 ./system/src/cmsis/vectors_ADuCM350.o
 .debug_ranges  0x00000000000004a8       0x10 ./system/src/cmsis/vetors_ADuCM350_old.o
 .debug_ranges  0x00000000000004b8      0x1d8 ./system/src/ADuCM350/afe.o
 .debug_ranges  0x0000000000000690       0x90 ./system/src/ADuCM350/beep.o
 .debug_ranges  0x0000000000000720      0x2f8 ./system/src/ADuCM350/captouch.o
 .debug_ranges  0x0000000000000a18       0x98 ./system/src/ADuCM350/crc.o
 .debug_ranges  0x0000000000000ab0       0x60 ./system/src/ADuCM350/dma.o
 .debug_ranges  0x0000000000000b10       0xd8 ./system/src/ADuCM350/flash.o
 .debug_ranges  0x0000000000000be8      0x138 ./system/src/ADuCM350/gpio.o
 .debug_ranges  0x0000000000000d20       0xd8 ./system/src/ADuCM350/gpt.o
 .debug_ranges  0x0000000000000df8       0x88 ./system/src/ADuCM350/rng.o
 .debug_ranges  0x0000000000000e80      0x268 ./system/src/ADuCM350/spi.o
 .debug_ranges  0x00000000000010e8      0x140 ./system/src/ADuCM350/uart.o
 .debug_ranges  0x0000000000001228       0xd0 ./system/src/ADuCM350/wut.o
 .debug_ranges  0x00000000000012f8       0x28 ./src/Timer.o
 .debug_ranges  0x0000000000001320       0x48 ./src/main.o

.debug_macro    0x0000000000000000     0xf1f9
 .debug_macro   0x0000000000000000      0x1b4 ./system/src/newlib/_exit.o
 .debug_macro   0x00000000000001b4      0xa4e ./system/src/newlib/_exit.o
 .debug_macro   0x0000000000000c02       0x9c ./system/src/newlib/_exit.o
 .debug_macro   0x0000000000000c9e      0x10e ./system/src/newlib/_exit.o
 .debug_macro   0x0000000000000dac       0x8d ./system/src/newlib/_exit.o
 .debug_macro   0x0000000000000e39       0x43 ./system/src/newlib/_exit.o
 .debug_macro   0x0000000000000e7c      0x330 ./system/src/newlib/_exit.o
 .debug_macro   0x00000000000011ac       0x35 ./system/src/newlib/_exit.o
 .debug_macro   0x00000000000011e1      0x169 ./system/src/newlib/_sbrk.o
 .debug_macro   0x000000000000134a      0x174 ./system/src/newlib/_sbrk.o
 .debug_macro   0x00000000000014be       0x10 ./system/src/newlib/_sbrk.o
 .debug_macro   0x00000000000014ce      0x23b ./system/src/newlib/_sbrk.o
 .debug_macro   0x0000000000001709      0x173 ./system/src/newlib/_startup.o
 .debug_macro   0x000000000000187c      0x34e ./system/src/newlib/_startup.o
 .debug_macro   0x0000000000001bca      0x217 ./system/src/newlib/_syscalls.o
 .debug_macro   0x0000000000001de1       0x1c ./system/src/newlib/_syscalls.o
 .debug_macro   0x0000000000001dfd       0x10 ./system/src/newlib/_syscalls.o
 .debug_macro   0x0000000000001e0d       0x10 ./system/src/newlib/_syscalls.o
 .debug_macro   0x0000000000001e1d       0x10 ./system/src/newlib/_syscalls.o
 .debug_macro   0x0000000000001e2d       0x35 ./system/src/newlib/_syscalls.o
 .debug_macro   0x0000000000001e62      0x122 ./system/src/newlib/_syscalls.o
 .debug_macro   0x0000000000001f84       0x88 ./system/src/newlib/_syscalls.o
 .debug_macro   0x000000000000200c       0x2b ./system/src/newlib/_syscalls.o
 .debug_macro   0x0000000000002037      0x118 ./system/src/newlib/_syscalls.o
 .debug_macro   0x000000000000214f      0x189 ./system/src/newlib/_syscalls.o
 .debug_macro   0x00000000000022d8       0x16 ./system/src/newlib/_syscalls.o
 .debug_macro   0x00000000000022ee      0x1fb ./system/src/diag/Trace.o
 .debug_macro   0x00000000000024e9       0x16 ./system/src/diag/Trace.o
 .debug_macro   0x00000000000024ff       0x97 ./system/src/diag/Trace.o
 .debug_macro   0x0000000000002596       0xfd ./system/src/diag/Trace.o
 .debug_macro   0x0000000000002693       0x10 ./system/src/diag/Trace.o
 .debug_macro   0x00000000000026a3       0x16 ./system/src/diag/Trace.o
 .debug_macro   0x00000000000026b9      0x16f ./system/src/diag/Trace.o
 .debug_macro   0x0000000000002828       0x4c ./system/src/diag/Trace.o
 .debug_macro   0x0000000000002874       0x16 ./system/src/diag/Trace.o
 .debug_macro   0x000000000000288a      0x2c3 ./system/src/diag/trace_impl.o
 .debug_macro   0x0000000000002b4d       0x10 ./system/src/diag/trace_impl.o
 .debug_macro   0x0000000000002b5d       0x22 ./system/src/diag/trace_impl.o
 .debug_macro   0x0000000000002b7f       0x2e ./system/src/diag/trace_impl.o
 .debug_macro   0x0000000000002bad       0x10 ./system/src/diag/trace_impl.o
 .debug_macro   0x0000000000002bbd     0x6b01 ./system/src/diag/trace_impl.o
 .debug_macro   0x00000000000096be      0x861 ./system/src/diag/trace_impl.o
 .debug_macro   0x0000000000009f1f      0x1a8 ./system/src/diag/trace_impl.o
 .debug_macro   0x000000000000a0c7       0x1c ./system/src/diag/trace_impl.o
 .debug_macro   0x000000000000a0e3       0x82 ./system/src/diag/trace_impl.o
 .debug_macro   0x000000000000a165       0xfe ./system/src/diag/trace_impl.o
 .debug_macro   0x000000000000a263       0x3b ./system/src/diag/trace_impl.o
 .debug_macro   0x000000000000a29e       0x34 ./system/src/diag/trace_impl.o
 .debug_macro   0x000000000000a2d2      0xcb4 ./system/src/diag/trace_impl.o
 .debug_macro   0x000000000000af86       0x2e ./system/src/diag/trace_impl.o
 .debug_macro   0x000000000000afb4       0xfa ./system/src/diag/trace_impl.o
 .debug_macro   0x000000000000b0ae       0x93 ./system/src/diag/trace_impl.o
 .debug_macro   0x000000000000b141      0x55a ./system/src/diag/trace_impl.o
 .debug_macro   0x000000000000b69b       0x4a ./system/src/diag/trace_impl.o
 .debug_macro   0x000000000000b6e5       0x82 ./system/src/diag/trace_impl.o
 .debug_macro   0x000000000000b767       0x19 ./system/src/diag/trace_impl.o
 .debug_macro   0x000000000000b780       0x43 ./system/src/diag/trace_impl.o
 .debug_macro   0x000000000000b7c3      0x1d2 ./system/src/diag/trace_impl.o
 .debug_macro   0x000000000000b995       0x10 ./system/src/diag/trace_impl.o
 .debug_macro   0x000000000000b9a5      0x16a ./system/src/cortexm/_initialize_hardware.o
 .debug_macro   0x000000000000bb0f      0x324 ./system/src/cortexm/exception_handlers.o
 .debug_macro   0x000000000000be33       0x22 ./system/src/cortexm/exception_handlers.o
 .debug_macro   0x000000000000be55       0x10 ./system/src/cortexm/exception_handlers.o
 .debug_macro   0x000000000000be65      0x224 ./system/src/cmsis/system_ADuCM350.o
 .debug_macro   0x000000000000c089      0x165 ./system/src/cmsis/vectors_ADuCM350.o
 .debug_macro   0x000000000000c1ee       0x1f ./system/src/cmsis/vectors_ADuCM350.o
 .debug_macro   0x000000000000c20d       0x50 ./system/src/cmsis/vectors_ADuCM350.o
 .debug_macro   0x000000000000c25d       0x34 ./system/src/cmsis/vetors_ADuCM350_old.o
 .debug_macro   0x000000000000c291      0x2a2 ./system/src/ADuCM350/afe.o
 .debug_macro   0x000000000000c533       0x1c ./system/src/ADuCM350/afe.o
 .debug_macro   0x000000000000c54f       0x34 ./system/src/ADuCM350/afe.o
 .debug_macro   0x000000000000c583       0x16 ./system/src/ADuCM350/afe.o
 .debug_macro   0x000000000000c599      0x272 ./system/src/ADuCM350/beep.o
 .debug_macro   0x000000000000c80b       0x85 ./system/src/ADuCM350/beep.o
 .debug_macro   0x000000000000c890       0x6f ./system/src/ADuCM350/beep.o
 .debug_macro   0x000000000000c8ff      0x25e ./system/src/ADuCM350/captouch.o
 .debug_macro   0x000000000000cb5d      0x6a1 ./system/src/ADuCM350/captouch.o
 .debug_macro   0x000000000000d1fe       0x3a ./system/src/ADuCM350/captouch.o
 .debug_macro   0x000000000000d238      0x28a ./system/src/ADuCM350/crc.o
 .debug_macro   0x000000000000d4c2       0x1c ./system/src/ADuCM350/crc.o
 .debug_macro   0x000000000000d4de      0x1d3 ./system/src/ADuCM350/dma.o
 .debug_macro   0x000000000000d6b1      0x202 ./system/src/ADuCM350/flash.o
 .debug_macro   0x000000000000d8b3       0x16 ./system/src/ADuCM350/flash.o
 .debug_macro   0x000000000000d8c9      0x1c8 ./system/src/ADuCM350/gpio.o
 .debug_macro   0x000000000000da91      0x554 ./system/src/ADuCM350/gpio.o
 .debug_macro   0x000000000000dfe5      0x27e ./system/src/ADuCM350/gpt.o
 .debug_macro   0x000000000000e263      0x273 ./system/src/ADuCM350/rng.o
 .debug_macro   0x000000000000e4d6       0x22 ./system/src/ADuCM350/rng.o
 .debug_macro   0x000000000000e4f8      0x2a7 ./system/src/ADuCM350/spi.o
 .debug_macro   0x000000000000e79f       0x22 ./system/src/ADuCM350/spi.o
 .debug_macro   0x000000000000e7c1       0x2e ./system/src/ADuCM350/spi.o
 .debug_macro   0x000000000000e7ef      0x29e ./system/src/ADuCM350/uart.o
 .debug_macro   0x000000000000ea8d      0x182 ./system/src/ADuCM350/wut.o
 .debug_macro   0x000000000000ec0f      0x183 ./src/Timer.o
 .debug_macro   0x000000000000ed92       0x10 ./src/Timer.o
 .debug_macro   0x000000000000eda2      0x42f ./src/main.o
 .debug_macro   0x000000000000f1d1       0x28 ./src/main.o
