Archive member included to satisfy reference by file (symbol)

/home/a/Downloads/firm/lib/libarm_cortexM3l_math.a(arm_q15_to_q31.o)
                              ./src/main.o (arm_q15_to_q31)
/home/a/Downloads/firm/lib/libarm_cortexM3l_math.a(arm_cmplx_mag_q31.o)
                              ./src/main.o (arm_cmplx_mag_q31)
/home/a/Downloads/firm/lib/libarm_cortexM3l_math.a(arm_sqrt_q31.o)
                              /home/a/Downloads/firm/lib/libarm_cortexM3l_math.a(arm_cmplx_mag_q31.o) (arm_sqrt_q31)
/home/a/Downloads/firm/lib/libarm_cortexM3l_math.a(arm_mult_q15.o)
                              ./src/main.o (arm_mult_q15)
/usr/lib/gcc/arm-none-eabi/6.3.1/thumb/v7-m/libgcc.a(_arm_addsubsf3.o)
                              /home/a/Downloads/firm/lib/libarm_cortexM3l_math.a(arm_sqrt_q31.o) (__aeabi_i2f)
/usr/lib/gcc/arm-none-eabi/6.3.1/thumb/v7-m/libgcc.a(_arm_muldivsf3.o)
                              /home/a/Downloads/firm/lib/libarm_cortexM3l_math.a(arm_sqrt_q31.o) (__aeabi_fmul)
/usr/lib/gcc/arm-none-eabi/6.3.1/thumb/v7-m/libgcc.a(_arm_fixsfsi.o)
                              /home/a/Downloads/firm/lib/libarm_cortexM3l_math.a(arm_sqrt_q31.o) (__aeabi_f2iz)
/usr/lib/gcc/arm-none-eabi/6.3.1/thumb/v7-m/libgcc.a(_aeabi_ldivmod.o)
                              ./src/main.o (__aeabi_ldivmod)
/usr/lib/gcc/arm-none-eabi/6.3.1/thumb/v7-m/libgcc.a(_udivmoddi4.o)
                              /usr/lib/gcc/arm-none-eabi/6.3.1/thumb/v7-m/libgcc.a(_aeabi_ldivmod.o) (__udivmoddi4)
/usr/lib/gcc/arm-none-eabi/6.3.1/thumb/v7-m/libgcc.a(unwind-arm.o)
                              ./system/src/newlib/_cxx.o (__aeabi_unwind_cpp_pr1)
/usr/lib/gcc/arm-none-eabi/6.3.1/thumb/v7-m/libgcc.a(libunwind.o)
                              /usr/lib/gcc/arm-none-eabi/6.3.1/thumb/v7-m/libgcc.a(unwind-arm.o) (restore_core_regs)
/usr/lib/gcc/arm-none-eabi/6.3.1/thumb/v7-m/libgcc.a(pr-support.o)
                              /usr/lib/gcc/arm-none-eabi/6.3.1/thumb/v7-m/libgcc.a(unwind-arm.o) (__gnu_unwind_execute)
/usr/lib/gcc/arm-none-eabi/6.3.1/thumb/v7-m/libgcc.a(_dvmd_tls.o)
                              /usr/lib/gcc/arm-none-eabi/6.3.1/thumb/v7-m/libgcc.a(_aeabi_ldivmod.o) (__aeabi_ldiv0)
/usr/lib/gcc/arm-none-eabi/6.3.1/../../../arm-none-eabi/lib/thumb/v7-m/libc_nano.a(lib_a-abs.o)
                              ./system/src/ADuCM350/captouch_lib.o (abs)
/usr/lib/gcc/arm-none-eabi/6.3.1/../../../arm-none-eabi/lib/thumb/v7-m/libc_nano.a(lib_a-errno.o)
                              ./system/src/newlib/_sbrk.o (__errno)
/usr/lib/gcc/arm-none-eabi/6.3.1/../../../arm-none-eabi/lib/thumb/v7-m/libc_nano.a(lib_a-impure.o)
                              /usr/lib/gcc/arm-none-eabi/6.3.1/../../../arm-none-eabi/lib/thumb/v7-m/libc_nano.a(lib_a-errno.o) (_impure_ptr)
/usr/lib/gcc/arm-none-eabi/6.3.1/../../../arm-none-eabi/lib/thumb/v7-m/libc_nano.a(lib_a-memcpy.o)
                              ./system/src/ADuCM350/uart.o (memcpy)
/usr/lib/gcc/arm-none-eabi/6.3.1/../../../arm-none-eabi/lib/thumb/v7-m/libc_nano.a(lib_a-sprintf.o)
                              ./src/main.o (sprintf)
/usr/lib/gcc/arm-none-eabi/6.3.1/../../../arm-none-eabi/lib/thumb/v7-m/libc_nano.a(lib_a-strcat.o)
                              ./src/main.o (strcat)
/usr/lib/gcc/arm-none-eabi/6.3.1/../../../arm-none-eabi/lib/thumb/v7-m/libc_nano.a(lib_a-strcpy.o)
                              /usr/lib/gcc/arm-none-eabi/6.3.1/../../../arm-none-eabi/lib/thumb/v7-m/libc_nano.a(lib_a-strcat.o) (strcpy)
/usr/lib/gcc/arm-none-eabi/6.3.1/../../../arm-none-eabi/lib/thumb/v7-m/libc_nano.a(lib_a-strlen-stub.o)
                              ./system/src/diag/Trace.o (strlen)
/usr/lib/gcc/arm-none-eabi/6.3.1/../../../arm-none-eabi/lib/thumb/v7-m/libc_nano.a(lib_a-vsnprintf.o)
                              ./system/src/diag/Trace.o (vsnprintf)
/usr/lib/gcc/arm-none-eabi/6.3.1/../../../arm-none-eabi/lib/thumb/v7-m/libc_nano.a(lib_a-nano-svfprintf.o)
                              /usr/lib/gcc/arm-none-eabi/6.3.1/../../../arm-none-eabi/lib/thumb/v7-m/libc_nano.a(lib_a-sprintf.o) (_svfprintf_r)
/usr/lib/gcc/arm-none-eabi/6.3.1/../../../arm-none-eabi/lib/thumb/v7-m/libc_nano.a(lib_a-nano-vfprintf_i.o)
                              /usr/lib/gcc/arm-none-eabi/6.3.1/../../../arm-none-eabi/lib/thumb/v7-m/libc_nano.a(lib_a-nano-svfprintf.o) (_printf_i)
/usr/lib/gcc/arm-none-eabi/6.3.1/../../../arm-none-eabi/lib/thumb/v7-m/libc_nano.a(lib_a-memchr-stub.o)
                              /usr/lib/gcc/arm-none-eabi/6.3.1/../../../arm-none-eabi/lib/thumb/v7-m/libc_nano.a(lib_a-nano-svfprintf.o) (memchr)
/usr/lib/gcc/arm-none-eabi/6.3.1/../../../arm-none-eabi/lib/thumb/v7-m/libc_nano.a(lib_a-memmove.o)
                              /usr/lib/gcc/arm-none-eabi/6.3.1/../../../arm-none-eabi/lib/thumb/v7-m/libc_nano.a(lib_a-nano-svfprintf.o) (memmove)
/usr/lib/gcc/arm-none-eabi/6.3.1/../../../arm-none-eabi/lib/thumb/v7-m/libc_nano.a(lib_a-nano-freer.o)
[...]
Memory Configuration

Name             Origin             Length             Attributes
FLASH            0x0000000000000000 0x0000000000060000 xr
RAM              0x0000000020000000 0x0000000000004000 xrw
RAM2             0x0000000020040000 0x0000000000004000 xrw
CCMRAM           0x0000000010000000 0x0000000000000000 xrw
FLASHB1          0x0000000000000000 0x0000000000000000 xr
EXTMEMB0         0x0000000000000000 0x0000000000000000 xr
EXTMEMB1         0x0000000000000000 0x0000000000000000 xr
EXTMEMB2         0x0000000000000000 0x0000000000000000 xr
EXTMEMB3         0x0000000000000000 0x0000000000000000 xr
FLASHC           0x00000000000007fc 0x0000000000000004 r
FLASHCODE        0x0000000000000800 0x0000000000032000 xr
*default*        0x0000000000000000 0xffffffffffffffff

Linker script and memory map

LOAD ./system/src/newlib/_cxx.o
LOAD ./system/src/newlib/_exit.o
LOAD ./system/src/newlib/_sbrk.o
LOAD ./system/src/newlib/_startup.o
LOAD ./system/src/newlib/_syscalls.o
LOAD ./system/src/newlib/assert.o
LOAD ./system/src/diag/Trace.o
LOAD ./system/src/diag/trace_impl.o
LOAD ./system/src/cortexm/_initialize_hardware.o
LOAD ./system/src/cortexm/_reset_hardware.o
LOAD ./system/src/cortexm/exception_handlers.o
LOAD ./system/src/cmsis/system_ADuCM350.o
LOAD ./system/src/cmsis/vectors_ADuCM350.o
LOAD ./system/src/cmsis/vetors_ADuCM350_old.o
LOAD ./system/src/ADuCM350/adi_nvic.o
LOAD ./system/src/ADuCM350/afe.o
LOAD ./system/src/ADuCM350/afe_lib.o
LOAD ./system/src/ADuCM350/beep.o
LOAD ./system/src/ADuCM350/captouch.o
LOAD ./system/src/ADuCM350/captouch_lib.o
LOAD ./system/src/ADuCM350/crc.o
LOAD ./system/src/ADuCM350/dma.o
LOAD ./system/src/ADuCM350/flash.o
LOAD ./system/src/ADuCM350/gpio.o
LOAD ./system/src/ADuCM350/gpt.o
LOAD ./system/src/ADuCM350/metrics.o
LOAD ./system/src/ADuCM350/pdi.o
LOAD ./system/src/ADuCM350/rng.o
LOAD ./system/src/ADuCM350/rtc.o
LOAD ./system/src/ADuCM350/spi.o
LOAD ./system/src/ADuCM350/uart.o
LOAD ./system/src/ADuCM350/wdt.o
LOAD ./system/src/ADuCM350/wut.o
LOAD ./src/Timer.o
LOAD ./src/_write.o
LOAD ./src/main.o
LOAD ./src/test_common.o
LOAD /home/a/Downloads/firm/lib/libarm_cortexM3l_math.a
LOAD /usr/lib/gcc/arm-none-eabi/6.3.1/thumb/v7-m/libgcc.a
LOAD /usr/lib/gcc/arm-none-eabi/6.3.1/../../../arm-none-eabi/lib/thumb/v7-m/libc_nano.a
LOAD /home/a/Downloads/firm/lib/libm.a
                0x0000000020004000                __stack = (ORIGIN (RAM) + LENGTH (RAM))
                0x0000000020004000                _estack = __stack
                0x0000000000000400                __Main_Stack_Size = 0x400
                [!provide]                        PROVIDE (_Main_Stack_Size, __Main_Stack_Size)
                0x0000000020003c00                __Main_Stack_Limit = (__stack - __Main_Stack_Size)
                [!provide]                        PROVIDE (_Main_Stack_Limit, __Main_Stack_Limit)
                0x0000000000000100                _Minimum_Stack_Size = 0x100
                0x00000000200008d8                PROVIDE (_Heap_Begin, _end_noinit)
                0x0000000020003c00                PROVIDE (_Heap_Limit, (__stack - __Main_Stack_Size))

.isr_vector     0x0000000000000000      0x392
 FILL mask 0xff
                0x0000000000000000                __vectors_start = ABSOLUTE (.)
                0x0000000000000000                __vectors_start__ = ABSOLUTE (.)
 *(.isr_vector)
 .isr_vector    0x0000000000000000      0x134 ./system/src/cmsis/vectors_ADuCM350.o
                0x0000000000000000                __vector_table
 .isr_vector    0x0000000000000134       0x44 ./system/src/cmsis/vetors_ADuCM350_old.o
                0x0000000000000134                __isr_vectors
 *(.cfmconfig)
 *(.after_vectors .after_vectors.*)
 .after_vectors
                0x0000000000000178      0x114 ./system/src/newlib/_startup.o
                0x0000000000000178                _start
 .after_vectors
                0x000000000000028c      0x104 ./system/src/cortexm/exception_handlers.o
                0x000000000000028c                Reset_Handler
                0x0000000000000292                NMI_Handler
                0x0000000000000296                HardFault_Handler
                0x00000000000002aa                HardFault_Handler_C
                0x00000000000002e0                MemManage_Handler
                0x00000000000002e4                BusFault_Handler
                0x00000000000002f8                BusFault_Handler_C
                0x000000000000032c                UsageFault_Handler
                0x0000000000000340                UsageFault_Handler_C
                0x0000000000000374                SVC_Handler
                0x0000000000000378                DebugMon_Handler
                0x000000000000037c                PendSV_Handler
 .after_vectors
                0x0000000000000390        0x2 ./system/src/cmsis/vetors_ADuCM350_old.o
                0x0000000000000390                DeviceInterrupt_Handler
                0x0000000000000390                Default_Handler

.checksums      0x00000000000007fc        0x0
 FILL mask 0xff

.inits          0x0000000000000800       0x28
                0x0000000000000800                __data_regions_array_start = .
                0x0000000000000800        0x4 LONG 0x5354 LOADADDR (.data)
                0x0000000000000804        0x4 LONG 0x20000000 ADDR (.data)
                0x0000000000000808        0x4 LONG 0x20000378 (ADDR (.data) + SIZEOF (.data))
                0x000000000000080c        0x4 LONG 0x39c LOADADDR (.data_CCMRAM)
                0x0000000000000810        0x4 LONG 0x10000000 ADDR (.data_CCMRAM)
                0x0000000000000814        0x4 LONG 0x10000000 (ADDR (.data_CCMRAM) + SIZEOF (.data_CCMRAM))
                0x0000000000000818                __data_regions_array_end = .
                0x0000000000000818                __bss_regions_array_start = .
                0x0000000000000818        0x4 LONG 0x20000378 ADDR (.bss)
                0x000000000000081c        0x4 LONG 0x200008d8 (ADDR (.bss) + SIZEOF (.bss))
                0x0000000000000820        0x4 LONG 0x10000000 ADDR (.bss_CCMRAM)
                0x0000000000000824        0x4 LONG 0x10000000 (ADDR (.bss_CCMRAM) + SIZEOF (.bss_CCMRAM))
                0x0000000000000828                __bss_regions_array_end = .
 *(.init)
 *(.fini)
                0x0000000000000828                . = ALIGN (0x4)
                0x0000000000000828                PROVIDE (__preinit_array_start, .)
 *(.preinit_array_sysinit .preinit_array_sysinit.*)
 *(.preinit_array_platform .preinit_array_platform.*)
 *(.preinit_array .preinit_array.*)
                0x0000000000000828                PROVIDE (__preinit_array_end, .)
                0x0000000000000828                . = ALIGN (0x4)
                0x0000000000000828                PROVIDE (__init_array_start, .)
 *(SORT(.init_array.*))
 *(.init_array)
                0x0000000000000828                PROVIDE (__init_array_end, .)
                0x0000000000000828                . = ALIGN (0x4)
                0x0000000000000828                PROVIDE (__fini_array_start, .)
 *(SORT(.fini_array.*))
 *(.fini_array)
                0x0000000000000828                PROVIDE (__fini_array_end, .)

.flashtext
 *(.flashtext .flashtext.*)

.text           0x0000000000000828     0x4b2c
 *(.text .text.*)
 .text._exit    0x0000000000000828        0x2 ./system/src/newlib/_exit.o
                0x0000000000000828                _exit
 *fill*         0x000000000000082a        0x2 
 .text._sbrk    0x000000000000082c       0x44 ./system/src/newlib/_sbrk.o
                0x000000000000082c                _sbrk
 .text.__initialize_args
                0x0000000000000870       0x10 ./system/src/newlib/_syscalls.o
                0x0000000000000870                __initialize_args
 .text.trace_printf
                0x0000000000000880       0x30 ./system/src/diag/Trace.o
                0x0000000000000880                trace_printf
 .text.trace_puts
                0x00000000000008b0       0x20 ./system/src/diag/Trace.o
                0x00000000000008b0                trace_puts
 .text.trace_write
                0x00000000000008d0        0x6 ./system/src/diag/trace_impl.o
                0x00000000000008d0                trace_write
 *fill*         0x00000000000008d6        0x2 
 .text.__initialize_hardware_early
                0x00000000000008d8       0x18 ./system/src/cortexm/_initialize_hardware.o
                0x00000000000008d8                __initialize_hardware_early
 .text.__initialize_hardware
                0x00000000000008f0        0x8 ./system/src/cortexm/_initialize_hardware.o
                0x00000000000008f0                __initialize_hardware
 .text.dumpExceptionStack
                0x00000000000008f8       0xf4 ./system/src/cortexm/exception_handlers.o
                0x00000000000008f8                dumpExceptionStack
 .text.isLfClkUsed
                0x00000000000009ec       0x58 ./system/src/cmsis/system_ADuCM350.o
 .text.changeClockDividers
                0x0000000000000a44       0x38 ./system/src/cmsis/system_ADuCM350.o
 .text.SystemCoreClockUpdate
                0x0000000000000a7c       0x74 ./system/src/cmsis/system_ADuCM350.o
                0x0000000000000a7c                SystemCoreClockUpdate
 .text.SetSystemClockMux
                0x0000000000000af0       0xc4 ./system/src/cmsis/system_ADuCM350.o
                0x0000000000000af0                SetSystemClockMux
 .text.SystemInit
                0x0000000000000bb4       0x8c ./system/src/cmsis/system_ADuCM350.o
                0x0000000000000bb4                SystemInit
 .text.GetSystemClockMux
                0x0000000000000c40       0x48 ./system/src/cmsis/system_ADuCM350.o
                0x0000000000000c40                GetSystemClockMux
 .text.SystemGetClockFrequency
                0x0000000000000c88       0x78 ./system/src/cmsis/system_ADuCM350.o
                0x0000000000000c88                SystemGetClockFrequency
 .text.scaleTimeout
                0x0000000000000d00       0x18 ./system/src/cmsis/system_ADuCM350.o
 .text.SystemEnableClock
                0x0000000000000d18       0x58 ./system/src/cmsis/system_ADuCM350.o
                0x0000000000000d18                SystemEnableClock
 .text.SetSystemClockDivider
                0x0000000000000d70       0x4c ./system/src/cmsis/system_ADuCM350.o
                0x0000000000000d70                SetSystemClockDivider
 .text.SystemEnableClockSource
                0x0000000000000dbc       0xfc ./system/src/cmsis/system_ADuCM350.o
                0x0000000000000dbc                SystemEnableClockSource
 .text.SystemClockSourcePowerDownIfUnused
                0x0000000000000eb8      0x224 ./system/src/cmsis/system_ADuCM350.o
                0x0000000000000eb8                SystemClockSourcePowerDownIfUnused
 .text.aEnterUSBLPMState
                0x00000000000010dc       0x44 ./system/src/cmsis/system_ADuCM350.o
 .text.GetClockSourceStatus
                0x0000000000001120       0xec ./system/src/cmsis/system_ADuCM350.o
                0x0000000000001120                GetClockSourceStatus
 .text.SystemClockSourcePowerUp
                0x000000000000120c       0x94 ./system/src/cmsis/system_ADuCM350.o
                0x000000000000120c                SystemClockSourcePowerUp
 .text.aEnterMinimalState
                0x00000000000012a0       0x44 ./system/src/cmsis/system_ADuCM350.o
 .text.SetPllFreq
                0x00000000000012e4       0x50 ./system/src/cmsis/system_ADuCM350.o
                0x00000000000012e4                SetPllFreq
 .text.aEnterUSBState
                0x0000000000001334       0xf8 ./system/src/cmsis/system_ADuCM350.o
 .text.aEnterMeasurementState
                0x000000000000142c       0xe8 ./system/src/cmsis/system_ADuCM350.o
 .text.SystemEnterLowPowerMode
                0x0000000000001514       0xa8 ./system/src/cmsis/system_ADuCM350.o
                0x0000000000001514                SystemEnterLowPowerMode
 .text.SystemExitLowPowerMode
                0x00000000000015bc       0x28 ./system/src/cmsis/system_ADuCM350.o
                0x00000000000015bc                SystemExitLowPowerMode
 .text.SystemTransitionClocks
                0x00000000000015e4       0x8c ./system/src/cmsis/system_ADuCM350.o
                0x00000000000015e4                SystemTransitionClocks
 .text.NmiSR    0x0000000000001670        0xc ./system/src/cmsis/vectors_ADuCM350.o
                0x0000000000001670                NmiSR
 .text.WDog_Tmr_Int_Handler
                0x000000000000167c        0xc ./system/src/cmsis/vectors_ADuCM350.o
                0x000000000000167c                WDog_Tmr_Int_Handler
 .text.I2C0_Slave_Int_Handler
                0x0000000000001688        0xc ./system/src/cmsis/vectors_ADuCM350.o
                0x0000000000001688                I2C0_Slave_Int_Handler
 .text.I2C0_Master_Int_Handler
                0x0000000000001694        0xc ./system/src/cmsis/vectors_ADuCM350.o
                0x0000000000001694                I2C0_Master_Int_Handler
 .text.DMA_Err_Int_Handler
                0x00000000000016a0        0xc ./system/src/cmsis/vectors_ADuCM350.o
                0x00000000000016a0                DMA_Err_Int_Handler
 .text.DMA_UART_TX_Int_Handler
                0x00000000000016ac        0xc ./system/src/cmsis/vectors_ADuCM350.o
                0x00000000000016ac                DMA_UART_TX_Int_Handler
 .text.DMA_UART_RX_Int_Handler
                0x00000000000016b8        0xc ./system/src/cmsis/vectors_ADuCM350.o
                0x00000000000016b8                DMA_UART_RX_Int_Handler
 .text.DMA_I2C0_STX_Int_Handler
                0x00000000000016c4        0xc ./system/src/cmsis/vectors_ADuCM350.o
                0x00000000000016c4                DMA_I2C0_STX_Int_Handler
 .text.DMA_I2C0_SRX_Int_Handler
                0x00000000000016d0        0xc ./system/src/cmsis/vectors_ADuCM350.o
                0x00000000000016d0                DMA_I2C0_SRX_Int_Handler
 .text.DMA_I2C0_MX_Int_Handler
                0x00000000000016dc        0xc ./system/src/cmsis/vectors_ADuCM350.o
                0x00000000000016dc                DMA_I2C0_MX_Int_Handler
 .text.DMA_PDI_Int_Handler
                0x00000000000016e8        0xc ./system/src/cmsis/vectors_ADuCM350.o
                0x00000000000016e8                DMA_PDI_Int_Handler
 .text.DMA_I2S_Int_Handler
                0x00000000000016f4        0xc ./system/src/cmsis/vectors_ADuCM350.o
                0x00000000000016f4                DMA_I2S_Int_Handler
 .text.USB_Wakeup_Int_Handler
                0x0000000000001700        0xc ./system/src/cmsis/vectors_ADuCM350.o
                0x0000000000001700                USB_Wakeup_Int_Handler
 .text.USB_Control_Int_Handler
                0x000000000000170c        0xc ./system/src/cmsis/vectors_ADuCM350.o
                0x000000000000170c                USB_Control_Int_Handler
 .text.USB_DMA_Int_Handler
                0x0000000000001718        0xc ./system/src/cmsis/vectors_ADuCM350.o
                0x0000000000001718                USB_DMA_Int_Handler
 .text.I2S_Int_Handler
                0x0000000000001724        0xc ./system/src/cmsis/vectors_ADuCM350.o
                0x0000000000001724                I2S_Int_Handler
 .text.RTC_Int_Handler
                0x0000000000001730        0xc ./system/src/cmsis/vectors_ADuCM350.o
                0x0000000000001730                RTC_Int_Handler
 .text.LCD_Int_Handler
                0x000000000000173c        0xc ./system/src/cmsis/vectors_ADuCM350.o
                0x000000000000173c                LCD_Int_Handler
 .text.XTAL_Int_Handler
                0x0000000000001748        0xc ./system/src/cmsis/vectors_ADuCM350.o
                0x0000000000001748                XTAL_Int_Handler
 .text.PLL_Int_Handler
                0x0000000000001754        0xc ./system/src/cmsis/vectors_ADuCM350.o
                0x0000000000001754                PLL_Int_Handler
 .text.PDI_Int_Handler
                0x0000000000001760        0xc ./system/src/cmsis/vectors_ADuCM350.o
                0x0000000000001760                PDI_Int_Handler
 .text.Parity_Int_Handler
                0x000000000000176c        0xc ./system/src/cmsis/vectors_ADuCM350.o
                0x000000000000176c                Parity_Int_Handler
 .text.RESERVED_VECTOR
                0x0000000000001778        0xc ./system/src/cmsis/vectors_ADuCM350.o
                0x0000000000001778                RESERVED_VECTOR
 .text.ResetISR
                0x0000000000001784       0x40 ./system/src/cmsis/vectors_ADuCM350.o
                0x0000000000001784                ResetISR
 .text.crc8     0x00000000000017c4       0x36 ./system/src/ADuCM350/afe.o
 .text.sequenceCRC
                0x00000000000017fa       0x2c ./system/src/ADuCM350/afe.o
 .text.dmaInit  0x0000000000001826       0x66 ./system/src/ADuCM350/afe.o
 .text.dmaUnInit
                0x000000000000188c       0x20 ./system/src/ADuCM350/afe.o
 .text.adi_AFE_SetSwitchState
                0x00000000000018ac        0x8 ./system/src/ADuCM350/afe.o
                0x00000000000018ac                adi_AFE_SetSwitchState
 .text.adi_AFE_WriteCalibrationRegister
                0x00000000000018b4       0x20 ./system/src/ADuCM350/afe.o
                0x00000000000018b4                adi_AFE_WriteCalibrationRegister
 .text.adi_AFE_ProgramTxDMA
                0x00000000000018d4       0x2c ./system/src/ADuCM350/afe.o
                0x00000000000018d4                adi_AFE_ProgramTxDMA
 .text.adi_AFE_ProgramRxDMA
                0x0000000000001900       0x32 ./system/src/ADuCM350/afe.o
                0x0000000000001900                adi_AFE_ProgramRxDMA
 .text.adi_AFE_GetSeqFinished
                0x0000000000001932        0x8 ./system/src/ADuCM350/afe.o
                0x0000000000001932                adi_AFE_GetSeqFinished
 .text.adi_AFE_GetRxDmaComplete
                0x000000000000193a       0x1a ./system/src/ADuCM350/afe.o
                0x000000000000193a                adi_AFE_GetRxDmaComplete
 .text.adi_AFE_SeqStart
                0x0000000000001954       0x12 ./system/src/ADuCM350/afe.o
                0x0000000000001954                adi_AFE_SeqStart
 .text.adi_AFE_SeqStop
                0x0000000000001966       0x3e ./system/src/ADuCM350/afe.o
                0x0000000000001966                adi_AFE_SeqStop
 .text.adi_AFE_SeqAbort
                0x00000000000019a4       0x2e ./system/src/ADuCM350/afe.o
                0x00000000000019a4                adi_AFE_SeqAbort
 .text.adi_AFE_SeqCheck
                0x00000000000019d2       0x36 ./system/src/ADuCM350/afe.o
                0x00000000000019d2                adi_AFE_SeqCheck
 .text.adi_AFE_EnableSoftwareCRC
                0x0000000000001a08        0x6 ./system/src/ADuCM350/afe.o
                0x0000000000001a08                adi_AFE_EnableSoftwareCRC
 .text.adi_AFE_GetRcal
                0x0000000000001a0e        0x8 ./system/src/ADuCM350/afe.o
                0x0000000000001a0e                adi_AFE_GetRcal
 .text.adi_AFE_GetRtia
                0x0000000000001a16        0x8 ./system/src/ADuCM350/afe.o
                0x0000000000001a16                adi_AFE_GetRtia
 *fill*         0x0000000000001a1e        0x2 
 .text.adi_AFE_Init
                0x0000000000001a20       0x98 ./system/src/ADuCM350/afe.o
                0x0000000000001a20                adi_AFE_Init
 .text.adi_AFE_UnInit
                0x0000000000001ab8       0x50 ./system/src/ADuCM350/afe.o
                0x0000000000001ab8                adi_AFE_UnInit
 .text.adi_AFE_EnableInterruptSource
                0x0000000000001b08       0x7c ./system/src/ADuCM350/afe.o
                0x0000000000001b08                adi_AFE_EnableInterruptSource
 .text.adi_AFE_ClearInterruptSource
                0x0000000000001b84       0x34 ./system/src/ADuCM350/afe.o
                0x0000000000001b84                adi_AFE_ClearInterruptSource
 .text.adi_AFE_SeqInit
                0x0000000000001bb8       0xd0 ./system/src/ADuCM350/afe.o
                0x0000000000001bb8                adi_AFE_SeqInit
 .text.adi_AFE_RunSequence
                0x0000000000001c88       0xf0 ./system/src/ADuCM350/afe.o
                0x0000000000001c88                adi_AFE_RunSequence
 .text.AFE_Capture_Int_Handler
                0x0000000000001d78       0xc4 ./system/src/ADuCM350/afe.o
                0x0000000000001d78                AFE_Capture_Int_Handler
 .text.AFE_Generate_Int_Handler
                0x0000000000001e3c       0x7c ./system/src/ADuCM350/afe.o
                0x0000000000001e3c                AFE_Generate_Int_Handler
 .text.AFE_CmdFIFO_Int_Handler
                0x0000000000001eb8       0xfc ./system/src/ADuCM350/afe.o
                0x0000000000001eb8                AFE_CmdFIFO_Int_Handler
 .text.AFE_DataFIFO_Int_Handler
                0x0000000000001fb4       0xb4 ./system/src/ADuCM350/afe.o
                0x0000000000001fb4                AFE_DataFIFO_Int_Handler
 .text.DMA_AFE_TX_Int_Handler
                0x0000000000002068       0x2c ./system/src/ADuCM350/afe.o
                0x0000000000002068                DMA_AFE_TX_Int_Handler
 .text.DMA_AFE_RX_Int_Handler
                0x0000000000002094       0xdc ./system/src/ADuCM350/afe.o
                0x0000000000002094                DMA_AFE_RX_Int_Handler
 .text.adi_AFE_PowerUp
                0x0000000000002170       0x14 ./system/src/ADuCM350/afe_lib.o
                0x0000000000002170                adi_AFE_PowerUp
 .text.adi_AFE_ExciteChanPowerUp
                0x0000000000002184       0x14 ./system/src/ADuCM350/afe_lib.o
                0x0000000000002184                adi_AFE_ExciteChanPowerUp
 .text.adi_AFE_ExciteChanCalAtten
                0x0000000000002198       0x84 ./system/src/ADuCM350/afe_lib.o
                0x0000000000002198                adi_AFE_ExciteChanCalAtten
 .text.adi_AFE_PowerDown
                0x000000000000221c       0x30 ./system/src/ADuCM350/afe_lib.o
                0x000000000000221c                adi_AFE_PowerDown
 .text.adi_AFE_TiaChanDacCode
                0x000000000000224c       0x44 ./system/src/ADuCM350/afe_lib.o
                0x000000000000224c                adi_AFE_TiaChanDacCode
 .text.adi_AFE_TiaChanCal
                0x0000000000002290      0x188 ./system/src/ADuCM350/afe_lib.o
                0x0000000000002290                adi_AFE_TiaChanCal
 .text.adi_Beep_SetInterruptStatus
                0x0000000000002418       0x1a ./system/src/ADuCM350/beep.o
                0x0000000000002418                adi_Beep_SetInterruptStatus
 *fill*         0x0000000000002432        0x2 
 .text.Beep_Int_Handler
                0x0000000000002434       0x90 ./system/src/ADuCM350/beep.o
                0x0000000000002434                Beep_Int_Handler
 .text.CapTouch_Int_Handler
                0x00000000000024c4       0x3c ./system/src/ADuCM350/captouch.o
                0x00000000000024c4                CapTouch_Int_Handler
 .text.DMA_CRC_Int_Handler
                0x0000000000002500       0x50 ./system/src/ADuCM350/crc.o
                0x0000000000002500                DMA_CRC_Int_Handler
 .text.adi_DMA_Init
                0x0000000000002550       0xac ./system/src/ADuCM350/dma.o
                0x0000000000002550                adi_DMA_Init
 .text.adi_DMA_UnInit
                0x00000000000025fc       0x44 ./system/src/ADuCM350/dma.o
                0x00000000000025fc                adi_DMA_UnInit
 .text.adi_DMA_SubmitTransfer
                0x0000000000002640      0x10c ./system/src/ADuCM350/dma.o
                0x0000000000002640                adi_DMA_SubmitTransfer
 .text.adi_DMA_ReSubmit
                0x000000000000274c       0x3c ./system/src/ADuCM350/dma.o
                0x000000000000274c                adi_DMA_ReSubmit
 .text.flashInterruptCommon
                0x0000000000002788       0x12 ./system/src/ADuCM350/flash.o
 *fill*         0x000000000000279a        0x2 
 .text.Flash0_Int_Handler
                0x000000000000279c       0x10 ./system/src/ADuCM350/flash.o
                0x000000000000279c                Flash0_Int_Handler
 .text.Flash1_Int_Handler
                0x00000000000027ac       0x10 ./system/src/ADuCM350/flash.o
                0x00000000000027ac                Flash1_Int_Handler
 .text.GPFlash_Int_Handler
                0x00000000000027bc       0x10 ./system/src/ADuCM350/flash.o
                0x00000000000027bc                GPFlash_Int_Handler
 .text.adi_GPIO_ClearIRQ
                0x00000000000027cc       0x14 ./system/src/ADuCM350/gpio.o
                0x00000000000027cc                adi_GPIO_ClearIRQ
 .text.adi_GPIO_SetInputEnable
                0x00000000000027e0       0x1e ./system/src/ADuCM350/gpio.o
                0x00000000000027e0                adi_GPIO_SetInputEnable
 .text.adi_GPIO_SetPullUpEnable
                0x00000000000027fe       0x1e ./system/src/ADuCM350/gpio.o
                0x00000000000027fe                adi_GPIO_SetPullUpEnable
 .text.adi_GPIO_GetOutputEnable
                0x000000000000281c        0x6 ./system/src/ADuCM350/gpio.o
                0x000000000000281c                adi_GPIO_GetOutputEnable
 .text.adi_GPIO_GetPullUpEnable
                0x0000000000002822        0x6 ./system/src/ADuCM350/gpio.o
                0x0000000000002822                adi_GPIO_GetPullUpEnable
 .text.adi_GPIO_SetHigh
                0x0000000000002828        0x6 ./system/src/ADuCM350/gpio.o
                0x0000000000002828                adi_GPIO_SetHigh
 .text.adi_GPIO_SetLow
                0x000000000000282e        0x6 ./system/src/ADuCM350/gpio.o
                0x000000000000282e                adi_GPIO_SetLow
 .text.CommonInterruptHandler
                0x0000000000002834       0x74 ./system/src/ADuCM350/gpio.o
                0x0000000000002834                CommonInterruptHandler
 .text.Ext_Int0_Handler
                0x00000000000028a8        0xc ./system/src/ADuCM350/gpio.o
                0x00000000000028a8                Ext_Int0_Handler
 .text.Ext_Int1_Handler
                0x00000000000028b4        0xc ./system/src/ADuCM350/gpio.o
                0x00000000000028b4                Ext_Int1_Handler
 .text.Ext_Int2_Handler
                0x00000000000028c0        0xc ./system/src/ADuCM350/gpio.o
                0x00000000000028c0                Ext_Int2_Handler
 .text.Ext_Int3_Handler
                0x00000000000028cc        0xc ./system/src/ADuCM350/gpio.o
                0x00000000000028cc                Ext_Int3_Handler
 .text.Ext_Int4_Handler
                0x00000000000028d8        0xc ./system/src/ADuCM350/gpio.o
                0x00000000000028d8                Ext_Int4_Handler
 .text.Ext_Int5_Handler
                0x00000000000028e4        0xc ./system/src/ADuCM350/gpio.o
                0x00000000000028e4                Ext_Int5_Handler
 .text.Ext_Int6_Handler
                0x00000000000028f0        0xc ./system/src/ADuCM350/gpio.o
                0x00000000000028f0                Ext_Int6_Handler
 .text.Ext_Int7_Handler
                0x00000000000028fc        0xc ./system/src/ADuCM350/gpio.o
                0x00000000000028fc                Ext_Int7_Handler
 .text.Ext_Int8_Handler
                0x0000000000002908        0xc ./system/src/ADuCM350/gpio.o
                0x0000000000002908                Ext_Int8_Handler
 .text.GPIO_A_Int_Handler
                0x0000000000002914        0xc ./system/src/ADuCM350/gpio.o
                0x0000000000002914                GPIO_A_Int_Handler
 .text.GPIO_B_Int_Handler
                0x0000000000002920        0xc ./system/src/ADuCM350/gpio.o
                0x0000000000002920                GPIO_B_Int_Handler
 .text.CommonIntHandler
                0x000000000000292c       0x36 ./system/src/ADuCM350/gpt.o
 *fill*         0x0000000000002962        0x2 
 .text.GP_Tmr0_Int_Handler
                0x0000000000002964       0x10 ./system/src/ADuCM350/gpt.o
                0x0000000000002964                GP_Tmr0_Int_Handler
 .text.GP_Tmr1_Int_Handler
                0x0000000000002974       0x10 ./system/src/ADuCM350/gpt.o
                0x0000000000002974                GP_Tmr1_Int_Handler
 .text.GP_Tmr2_Int_Handler
                0x0000000000002984       0x10 ./system/src/ADuCM350/gpt.o
                0x0000000000002984                GP_Tmr2_Int_Handler
 .text.Random_Int_Handler
                0x0000000000002994       0x48 ./system/src/ADuCM350/rng.o
                0x0000000000002994                Random_Int_Handler
 .text.AssertChipSelect
                0x00000000000029dc       0x38 ./system/src/ADuCM350/spi.o
 .text.common_SPI_Int_Handler
                0x0000000000002a14       0xaa ./system/src/ADuCM350/spi.o
 *fill*         0x0000000000002abe        0x2 
 .text.SPI0_Int_Handler
                0x0000000000002ac0       0x10 ./system/src/ADuCM350/spi.o
                0x0000000000002ac0                SPI0_Int_Handler
 .text.SPI1_Int_Handler
                0x0000000000002ad0       0x10 ./system/src/ADuCM350/spi.o
                0x0000000000002ad0                SPI1_Int_Handler
 .text.SPIH_Int_Handler
                0x0000000000002ae0       0x10 ./system/src/ADuCM350/spi.o
                0x0000000000002ae0                SPIH_Int_Handler
 .text.DMA_SPI0_TX_Int_Handler
                0x0000000000002af0       0x10 ./system/src/ADuCM350/spi.o
                0x0000000000002af0                DMA_SPI0_TX_Int_Handler
 .text.DMA_SPI0_RX_Int_Handler
                0x0000000000002b00       0x10 ./system/src/ADuCM350/spi.o
                0x0000000000002b00                DMA_SPI0_RX_Int_Handler
 .text.DMA_SPI1_TX_Int_Handler
                0x0000000000002b10       0x14 ./system/src/ADuCM350/spi.o
                0x0000000000002b10                DMA_SPI1_TX_Int_Handler
 .text.DMA_SPI1_RX_Int_Handler
                0x0000000000002b24       0x14 ./system/src/ADuCM350/spi.o
                0x0000000000002b24                DMA_SPI1_RX_Int_Handler
 .text.DMA_SPIH_TX_Int_Handler
                0x0000000000002b38       0x14 ./system/src/ADuCM350/spi.o
                0x0000000000002b38                DMA_SPIH_TX_Int_Handler
 .text.DMA_SPIH_RX_Int_Handler
                0x0000000000002b4c       0x14 ./system/src/ADuCM350/spi.o
                0x0000000000002b4c                DMA_SPIH_RX_Int_Handler
 .text.UART_RX_Status_Handler
                0x0000000000002b60        0x8 ./system/src/ADuCM350/uart.o
 .text.UART_Int_Handler
                0x0000000000002b68       0xbc ./system/src/ADuCM350/uart.o
                0x0000000000002b68                UART_Int_Handler
 .text.adi_UART_UnInit
                0x0000000000002c24       0x3c ./system/src/ADuCM350/uart.o
                0x0000000000002c24                adi_UART_UnInit
 .text.adi_UART_SetBaudRate
                0x0000000000002c60       0x74 ./system/src/ADuCM350/uart.o
                0x0000000000002c60                adi_UART_SetBaudRate
 .text.adi_UART_Init
                0x0000000000002cd4       0xa4 ./system/src/ADuCM350/uart.o
                0x0000000000002cd4                adi_UART_Init
 .text.adi_UART_Enable
                0x0000000000002d78       0x30 ./system/src/ADuCM350/uart.o
                0x0000000000002d78                adi_UART_Enable
 .text.adi_WDT_UnInit
                0x0000000000002da8       0x28 ./system/src/ADuCM350/wdt.o
                0x0000000000002da8                adi_WDT_UnInit
 .text.adi_WDT_SetEnable
                0x0000000000002dd0       0x4c ./system/src/ADuCM350/wdt.o
                0x0000000000002dd0                adi_WDT_SetEnable
 .text.adi_WDT_ResetTimer
                0x0000000000002e1c       0x34 ./system/src/ADuCM350/wdt.o
                0x0000000000002e1c                adi_WDT_ResetTimer
 .text.adi_WDT_Init
                0x0000000000002e50       0x80 ./system/src/ADuCM350/wdt.o
                0x0000000000002e50                adi_WDT_Init
 .text.adi_WUT_ClearInterruptFlag
                0x0000000000002ed0        0xc ./system/src/ADuCM350/wut.o
                0x0000000000002ed0                adi_WUT_ClearInterruptFlag
 .text.WakeUp_Int_Handler
                0x0000000000002edc       0x38 ./system/src/ADuCM350/wut.o
                0x0000000000002edc                WakeUp_Int_Handler
 .text.timer_tick
                0x0000000000002f14       0x14 ./src/Timer.o
                0x0000000000002f14                timer_tick
 .text.SysTick_Handler
                0x0000000000002f28        0x8 ./src/Timer.o
                0x0000000000002f28                SysTick_Handler
 .text.test_print
                0x0000000000002f30        0x8 ./src/main.o
                0x0000000000002f30                test_print
 .text.uart_Init
                0x0000000000002f38       0x38 ./src/main.o
                0x0000000000002f38                uart_Init
 .text.adi_initpinmux
                0x0000000000002f70       0x10 ./src/main.o
                0x0000000000002f70                adi_initpinmux
 .text.arctan   0x0000000000002f80       0xac ./src/main.o
                0x0000000000002f80                arctan
 .text.convert_dft_results
                0x000000000000302c       0x56 ./src/main.o
                0x000000000000302c                convert_dft_results
 .text.calculate_magnitude
                0x0000000000003082       0x5e ./src/main.o
                0x0000000000003082                calculate_magnitude
 .text.calculate_phase
                0x00000000000030e0       0x34 ./src/main.o
                0x00000000000030e0                calculate_phase
 .text.sprintf_fixed32
                0x0000000000003114       0x74 ./src/main.o
                0x0000000000003114                sprintf_fixed32
 .text.multiplex_AFE
                0x0000000000003188       0x18 ./src/main.o
                0x0000000000003188                multiplex_AFE
 .text.main     0x00000000000031a0      0x264 ./src/main.o
                0x00000000000031a0                main
 .text.quit     0x0000000000003404        0xa ./src/test_common.o
 .text.test_Pass
                0x000000000000340e        0x8 ./src/test_common.o
                0x000000000000340e                test_Pass
 .text.test_Fail
                0x0000000000003416        0x8 ./src/test_common.o
                0x0000000000003416                test_Fail
 *fill*         0x000000000000341e        0x2 
 .text.test_Init
                0x0000000000003420       0x4c ./src/test_common.o
                0x0000000000003420                test_Init
 .text.arm_q15_to_q31
                0x000000000000346c       0x18 /home/a/Downloads/firm/lib/libarm_cortexM3l_math.a(arm_q15_to_q31.o)
                0x000000000000346c                arm_q15_to_q31
 .text.arm_cmplx_mag_q31
                0x0000000000003484       0x38 /home/a/Downloads/firm/lib/libarm_cortexM3l_math.a(arm_cmplx_mag_q31.o)
                0x0000000000003484                arm_cmplx_mag_q31
 .text.arm_sqrt_q31
                0x00000000000034bc       0xf8 /home/a/Downloads/firm/lib/libarm_cortexM3l_math.a(arm_sqrt_q31.o)
                0x00000000000034bc                arm_sqrt_q31
 .text.arm_mult_q15
                0x00000000000035b4       0x28 /home/a/Downloads/firm/lib/libarm_cortexM3l_math.a(arm_mult_q15.o)
                0x00000000000035b4                arm_mult_q15
 .text          0x00000000000035dc      0x21c /usr/lib/gcc/arm-none-eabi/6.3.1/thumb/v7-m/libgcc.a(_arm_addsubsf3.o)
                0x00000000000035dc                __aeabi_frsub
                0x00000000000035e4                __subsf3
                0x00000000000035e4                __aeabi_fsub
                0x00000000000035e8                __aeabi_fadd
                0x00000000000035e8                __addsf3
                0x0000000000003748                __aeabi_ui2f
                0x0000000000003748                __floatunsisf
                0x0000000000003750                __aeabi_i2f
                0x0000000000003750                __floatsisf
                0x000000000000376c                __floatundisf
                0x000000000000376c                __aeabi_ul2f
                0x000000000000377c                __floatdisf
                0x000000000000377c                __aeabi_l2f
 .text          0x00000000000037f8      0x2a0 /usr/lib/gcc/arm-none-eabi/6.3.1/thumb/v7-m/libgcc.a(_arm_muldivsf3.o)
                0x00000000000037f8                __mulsf3
                0x00000000000037f8                __aeabi_fmul
                0x0000000000003960                __divsf3
                0x0000000000003960                __aeabi_fdiv
 .text          0x0000000000003a98       0x4c /usr/lib/gcc/arm-none-eabi/6.3.1/thumb/v7-m/libgcc.a(_arm_fixsfsi.o)
                0x0000000000003a98                __fixsfsi
                0x0000000000003a98                __aeabi_f2iz
 .text          0x0000000000003ae4       0xa0 /usr/lib/gcc/arm-none-eabi/6.3.1/thumb/v7-m/libgcc.a(_aeabi_ldivmod.o)
                0x0000000000003ae4                __aeabi_ldivmod
 .text          0x0000000000003b84      0x2dc /usr/lib/gcc/arm-none-eabi/6.3.1/thumb/v7-m/libgcc.a(_udivmoddi4.o)
                0x0000000000003b84                __udivmoddi4
 .text          0x0000000000003e60        0x4 /usr/lib/gcc/arm-none-eabi/6.3.1/thumb/v7-m/libgcc.a(_dvmd_tls.o)
                0x0000000000003e60                __aeabi_ldiv0
                0x0000000000003e60                __aeabi_idiv0
 .text          0x0000000000003e64        0xc /usr/lib/gcc/arm-none-eabi/6.3.1/../../../arm-none-eabi/lib/thumb/v7-m/libc_nano.a(lib_a-errno.o)
                0x0000000000003e64                __errno
 .text          0x0000000000003e70       0xec /usr/lib/gcc/arm-none-eabi/6.3.1/../../../arm-none-eabi/lib/thumb/v7-m/libc_nano.a(lib_a-memcpy.o)
                0x0000000000003e70                memcpy
 .text          0x0000000000003f5c       0x80 /usr/lib/gcc/arm-none-eabi/6.3.1/../../../arm-none-eabi/lib/thumb/v7-m/libc_nano.a(lib_a-sprintf.o)
                0x0000000000003f5c                _siprintf_r
                0x0000000000003f5c                _sprintf_r
                0x0000000000003f98                sprintf
                0x0000000000003f98                siprintf
 .text          0x0000000000003fdc       0x40 /usr/lib/gcc/arm-none-eabi/6.3.1/../../../arm-none-eabi/lib/thumb/v7-m/libc_nano.a(lib_a-strcat.o)
                0x0000000000003fdc                strcat
 .text          0x000000000000401c       0xbc /usr/lib/gcc/arm-none-eabi/6.3.1/../../../arm-none-eabi/lib/thumb/v7-m/libc_nano.a(lib_a-strcpy.o)
                0x000000000000401c                strcpy
 .text          0x00000000000040d8       0x5c /usr/lib/gcc/arm-none-eabi/6.3.1/../../../arm-none-eabi/lib/thumb/v7-m/libc_nano.a(lib_a-strlen-stub.o)
                0x00000000000040d8                strlen
 .text          0x0000000000004134       0x8c /usr/lib/gcc/arm-none-eabi/6.3.1/../../../arm-none-eabi/lib/thumb/v7-m/libc_nano.a(lib_a-vsnprintf.o)
                0x0000000000004134                _vsnprintf_r
                0x0000000000004134                _vsniprintf_r
                0x00000000000041a0                vsnprintf
                0x00000000000041a0                vsniprintf
 .text          0x00000000000041c0      0x440 /usr/lib/gcc/arm-none-eabi/6.3.1/../../../arm-none-eabi/lib/thumb/v7-m/libc_nano.a(lib_a-nano-svfprintf.o)
                0x00000000000041c0                __ssputs_r
                0x0000000000004284                __ssprint_r
                0x0000000000004378                _svfprintf_r
                0x0000000000004378                _svfiprintf_r
 .text          0x0000000000004600      0x3a0 /usr/lib/gcc/arm-none-eabi/6.3.1/../../../arm-none-eabi/lib/thumb/v7-m/libc_nano.a(lib_a-nano-vfprintf_i.o)
                0x0000000000004600                _printf_common
                0x000000000000471c                _printf_i
 .text          0x00000000000049a0       0x8c /usr/lib/gcc/arm-none-eabi/6.3.1/../../../arm-none-eabi/lib/thumb/v7-m/libc_nano.a(lib_a-memchr-stub.o)
                0x00000000000049a0                memchr
 .text          0x0000000000004a2c       0xc4 /usr/lib/gcc/arm-none-eabi/6.3.1/../../../arm-none-eabi/lib/thumb/v7-m/libc_nano.a(lib_a-memmove.o)
                0x0000000000004a2c                memmove
 .text          0x0000000000004af0       0xa8 /usr/lib/gcc/arm-none-eabi/6.3.1/../../../arm-none-eabi/lib/thumb/v7-m/libc_nano.a(lib_a-nano-freer.o)
                0x0000000000004af0                _free_r
 .text          0x0000000000004b98       0xc8 /usr/lib/gcc/arm-none-eabi/6.3.1/../../../arm-none-eabi/lib/thumb/v7-m/libc_nano.a(lib_a-nano-mallocr.o)
                0x0000000000004b98                _malloc_r
 .text          0x0000000000004c60       0x4c /usr/lib/gcc/arm-none-eabi/6.3.1/../../../arm-none-eabi/lib/thumb/v7-m/libc_nano.a(lib_a-nano-reallocr.o)
                0x0000000000004c60                _realloc_r
 .text          0x0000000000004cac       0x24 /usr/lib/gcc/arm-none-eabi/6.3.1/../../../arm-none-eabi/lib/thumb/v7-m/libc_nano.a(lib_a-sbrkr.o)
                0x0000000000004cac                _sbrk_r
 .text          0x0000000000004cd0        0x8 /usr/lib/gcc/arm-none-eabi/6.3.1/../../../arm-none-eabi/lib/thumb/v7-m/libc_nano.a(lib_a-mlock.o)
                0x0000000000004cd0                __malloc_lock
                0x0000000000004cd4                __malloc_unlock
 .text          0x0000000000004cd8       0x10 /usr/lib/gcc/arm-none-eabi/6.3.1/../../../arm-none-eabi/lib/thumb/v7-m/libc_nano.a(lib_a-nano-msizer.o)
                0x0000000000004cd8                _malloc_usable_size_r
 *(.rodata .rodata.* .constdata .constdata.*)
 .rodata.trace_puts.str1.4
                0x0000000000004ce8        0x0 ./system/src/diag/Trace.o
                                          0x2 (size before relaxing)
 .rodata.dumpExceptionStack.str1.4
                0x0000000000004ce8      0x11a ./system/src/cortexm/exception_handlers.o
 *fill*         0x0000000000004e02        0x2 
 .rodata.str1.4
                0x0000000000004e04       0x2a ./system/src/cortexm/exception_handlers.o
 *fill*         0x0000000000004e2e        0x2 
 .rodata.StateTransitionTable
                0x0000000000004e30       0xc8 ./system/src/cmsis/system_ADuCM350.o
 .rodata.seq_afe_excitechancalatten1
                0x0000000000004ef8       0x28 ./system/src/ADuCM350/afe_lib.o
                0x0000000000004ef8                seq_afe_excitechancalatten1
 .rodata.seq_afe_excitechancalatten2
                0x0000000000004f20       0x1c ./system/src/ADuCM350/afe_lib.o
                0x0000000000004f20                seq_afe_excitechancalatten2
 .rodata.seq_afe_excitechanpowerup
                0x0000000000004f3c       0x10 ./system/src/ADuCM350/afe_lib.o
                0x0000000000004f3c                seq_afe_excitechanpowerup
 .rodata.seq_afe_powerup
                0x0000000000004f4c       0x24 ./system/src/ADuCM350/afe_lib.o
                0x0000000000004f4c                seq_afe_powerup
 .rodata.seq_afe_tiachancal1
                0x0000000000004f70       0x24 ./system/src/ADuCM350/afe_lib.o
                0x0000000000004f70                seq_afe_tiachancal1
 .rodata.seq_afe_tiachancal2
                0x0000000000004f94       0x20 ./system/src/ADuCM350/afe_lib.o
                0x0000000000004f94                seq_afe_tiachancal2
 .rodata.seq_afe_tiachancal3
                0x0000000000004fb4       0x20 ./system/src/ADuCM350/afe_lib.o
                0x0000000000004fb4                seq_afe_tiachancal3
 .rodata.seq_afe_tiachancal4
                0x0000000000004fd4       0x24 ./system/src/ADuCM350/afe_lib.o
                0x0000000000004fd4                seq_afe_tiachancal4
 .rodata.seq_afe_tiachancal5
                0x0000000000004ff8       0x1c ./system/src/ADuCM350/afe_lib.o
                0x0000000000004ff8                seq_afe_tiachancal5
 .rodata        0x0000000000005014       0x14 ./system/src/ADuCM350/gpio.o
 .rodata        0x0000000000005028       0x54 ./system/src/ADuCM350/uart.o
 .rodata.gWdtStaticInitData
                0x000000000000507c        0x6 ./system/src/ADuCM350/wdt.o
 *fill*         0x0000000000005082        0x2 
 .rodata.coeff  0x0000000000005084        0xa ./src/main.o
                0x0000000000005084                coeff
 *fill*         0x000000000000508e        0x2 
 .rodata.main.str1.4
                0x0000000000005090      0x1d2 ./src/main.o
 *fill*         0x0000000000005262        0x2 
 .rodata.multiplex_AFE.str1.4
                0x0000000000005264       0x29 ./src/main.o
 *fill*         0x000000000000528d        0x3 
 .rodata.sprintf_fixed32.str1.4
                0x0000000000005290       0x19 ./src/main.o
 *fill*         0x00000000000052a9        0x3 
 .rodata.test_Init.str1.4
                0x00000000000052ac       0x6a ./src/test_common.o
 *fill*         0x0000000000005316        0x2 
 .rodata.str1.4
                0x0000000000005318       0x13 /usr/lib/gcc/arm-none-eabi/6.3.1/../../../arm-none-eabi/lib/thumb/v7-m/libc_nano.a(lib_a-nano-svfprintf.o)
 *fill*         0x000000000000532b        0x1 
 .rodata.str1.4
                0x000000000000532c       0x28 /usr/lib/gcc/arm-none-eabi/6.3.1/../../../arm-none-eabi/lib/thumb/v7-m/libc_nano.a(lib_a-nano-vfprintf_i.o)
                                         0x25 (size before relaxing)
 *(vtable)
 *(.eh_frame*)
 *(.glue_7)
 .glue_7        0x0000000000005354        0x0 linker stubs
 *(.glue_7t)
 .glue_7t       0x0000000000005354        0x0 linker stubs

.vfp11_veneer   0x0000000000005354        0x0
 .vfp11_veneer  0x0000000000005354        0x0 linker stubs

.v4_bx          0x0000000000005354        0x0
 .v4_bx         0x0000000000005354        0x0 linker stubs

.iplt           0x0000000000005354        0x0
 .iplt          0x0000000000005354        0x0 ./system/src/newlib/_cxx.o

.ARM.extab
 *(.ARM.extab* .gnu.linkonce.armextab.*)
                0x0000000000005354                . = ALIGN (0x4)
                0x0000000000005354                __exidx_start = .

.ARM.exidx      0x0000000000000394        0x8
 *(.ARM.exidx* .gnu.linkonce.armexidx.*)
 .ARM.exidx     0x0000000000000394        0x8 /usr/lib/gcc/arm-none-eabi/6.3.1/thumb/v7-m/libgcc.a(_udivmoddi4.o)
                0x000000000000039c                __exidx_end = .

.rel.dyn        0x000000000000039c        0x0
 .rel.iplt      0x000000000000039c        0x0 ./system/src/newlib/_cxx.o
                0x000000000000039c                . = ALIGN (0x4)
                0x000000000000039c                _etext = .
                0x000000000000039c                __etext = .

.data_CCMRAM    0x0000000010000000        0x0 load address 0x000000000000039c
 FILL mask 0xff
 *(.data.CCMRAM .data.CCMRAM.*)
                0x0000000010000000                . = ALIGN (0x4)
                0x0000000000005354                _sidata = LOADADDR (.data)

.data           0x0000000020000000      0x378 load address 0x0000000000005354
 FILL mask 0xff
                0x0000000020000000                _sdata = .
                0x0000000020000000                __data_start__ = .
 *(.data_begin .data_begin.*)
 .data_begin    0x0000000020000000        0x4 ./system/src/newlib/_startup.o
 *(.data .data.*)
 .data.argv.4304
                0x0000000020000004        0x8 ./system/src/newlib/_syscalls.o
 .data.ClockStateConfig
                0x000000002000000c        0xc ./system/src/cmsis/system_ADuCM350.o
 .data.FEE_DevData
                0x0000000020000018       0x60 ./system/src/ADuCM350/flash.o
 .data.UART_DevData
                0x0000000020000078       0x2c ./system/src/ADuCM350/uart.o
 .data.seq_afe_mux1
                0x00000000200000a4      0x26c ./src/main.o
                0x00000000200000a4                seq_afe_mux1
 .data          0x0000000020000310       0x64 /usr/lib/gcc/arm-none-eabi/6.3.1/../../../arm-none-eabi/lib/thumb/v7-m/libc_nano.a(lib_a-impure.o)
                0x0000000020000310                _impure_ptr
 *(.data_end .data_end.*)
 .data_end      0x0000000020000374        0x4 ./system/src/newlib/_startup.o
                0x0000000020000378                . = ALIGN (0x4)
                0x0000000020000378                _edata = .
                0x0000000020000378                __data_end__ = .

.igot.plt       0x0000000020000378        0x0 load address 0x00000000000056cc
 .igot.plt      0x0000000020000378        0x0 ./system/src/newlib/_cxx.o

.bss_CCMRAM     0x0000000010000000        0x0
 *(.bss.CCMRAM .bss.CCMRAM.*)

.bss            0x0000000020000378      0x560
                0x0000000020000378                __bss_start__ = .
                0x0000000020000378                _sbss = .
 *(.bss_begin .bss_begin.*)
 .bss_begin     0x0000000020000378        0x4 ./system/src/newlib/_startup.o
 *(.bss .bss.*)
 .bss.current_heap_end.3955
                0x000000002000037c        0x4 ./system/src/newlib/_sbrk.o
 .bss.name.4303
                0x0000000020000380        0x1 ./system/src/newlib/_syscalls.o
 *fill*         0x0000000020000381        0x3 
 .bss.buf.5199  0x0000000020000384       0x80 ./system/src/diag/Trace.o
 .bss.currentState
                0x0000000020000404        0x1 ./system/src/cmsis/system_ADuCM350.o
 *fill*         0x0000000020000405        0x3 
 .bss.gpioClock
                0x0000000020000408        0x4 ./system/src/cmsis/system_ADuCM350.o
 .bss.hfClock   0x000000002000040c        0x4 ./system/src/cmsis/system_ADuCM350.o
 .bss.privateIntOccFlag
                0x0000000020000410        0x1 ./system/src/cmsis/system_ADuCM350.o
 .bss.bufferInitialized.7021
                0x0000000020000411        0x1 ./system/src/ADuCM350/afe.o
 *fill*         0x0000000020000412        0x2 
 .bss.gDmaDescriptorForAFERx
                0x0000000020000414       0x18 ./system/src/ADuCM350/afe.o
 .bss.gDmaDescriptorForAFETx
                0x000000002000042c       0x18 ./system/src/ADuCM350/afe.o
 .bss.pNextBuffer.7022
                0x0000000020000444        0x4 ./system/src/ADuCM350/afe.o
 .bss.gBEEP_DevData
                0x0000000020000448       0x14 ./system/src/ADuCM350/beep.o
                0x0000000020000448                gBEEP_DevData
 .bss.CT_DevData
                0x000000002000045c       0x14 ./system/src/ADuCM350/captouch.o
 .bss.DMA_DevData
                0x0000000020000470        0xc ./system/src/ADuCM350/dma.o
                0x0000000020000470                DMA_DevData
 .bss.gChannelControlDataArray
                0x000000002000047c      0x200 ./system/src/ADuCM350/dma.o
 .bss.adi_GPIO_Device
                0x000000002000067c       0x5c ./system/src/ADuCM350/gpio.o
 .bss.gGPT_DevData
                0x00000000200006d8       0x30 ./system/src/ADuCM350/gpt.o
                0x00000000200006d8                gGPT_DevData
 .bss.gRNG_DevData
                0x0000000020000708       0x14 ./system/src/ADuCM350/rng.o
                0x0000000020000708                gRNG_DevData
 .bss.WDT_DevData
                0x000000002000071c        0x3 ./system/src/ADuCM350/wdt.o
 *fill*         0x000000002000071f        0x1 
 .bss.WUT_DevData
                0x0000000020000720       0x14 ./system/src/ADuCM350/wut.o
 .bss.hUartDevice
                0x0000000020000734        0x4 ./src/main.o
                0x0000000020000734                hUartDevice
 .bss           0x0000000020000738        0x8 /usr/lib/gcc/arm-none-eabi/6.3.1/../../../arm-none-eabi/lib/thumb/v7-m/libc_nano.a(lib_a-nano-mallocr.o)
                0x0000000020000738                __malloc_free_list
                0x000000002000073c                __malloc_sbrk_start
 *(COMMON)
 COMMON         0x0000000020000740        0x4 ./system/src/newlib/_syscalls.o
                0x0000000020000740                errno
 COMMON         0x0000000020000744       0x60 ./system/src/ADuCM350/afe.o
                0x0000000020000744                AFE_DevData
 COMMON         0x00000000200007a4       0x30 ./system/src/ADuCM350/crc.o
                0x00000000200007a4                CRC_DevData
                0x00000000200007bc                gDmaDescriptor
 COMMON         0x00000000200007d4       0xfc ./system/src/ADuCM350/spi.o
                0x00000000200007d4                SPI_DevData
 COMMON         0x00000000200008d0        0x4 ./src/Timer.o
                0x00000000200008d0                timer_delayCount
 *(.bss_end .bss_end.*)
 .bss_end       0x00000000200008d4        0x4 ./system/src/newlib/_startup.o
                0x00000000200008d8                . = ALIGN (0x4)
                0x00000000200008d8                __bss_end__ = .
                0x00000000200008d8                _ebss = .

.noinit_CCMRAM
 *(.noinit.CCMRAM .noinit.CCMRAM.*)

.noinit         0x00000000200008d8        0x0
                0x00000000200008d8                _noinit = .
 *(.noinit .noinit.*)
                0x00000000200008d8                . = ALIGN (0x4)
                0x00000000200008d8                _end_noinit = .
                [!provide]                        PROVIDE (end, _end_noinit)
                [!provide]                        PROVIDE (_end, _end_noinit)
                [!provide]                        PROVIDE (__end, _end_noinit)
                [!provide]                        PROVIDE (__end__, _end_noinit)

._check_stack   0x00000000200008d8      0x100
                0x00000000200009d8                . = (. + _Minimum_Stack_Size)
 *fill*         0x00000000200008d8      0x100 

.b1text
 *(.b1text)
 *(.b1rodata)
 *(.b1rodata.*)

.eb0text
 *(.eb0text)
 *(.eb0rodata)
 *(.eb0rodata.*)

.eb1text
 *(.eb1text)
 *(.eb1rodata)
 *(.eb1rodata.*)

.eb2text
 *(.eb2text)
 *(.eb2rodata)
 *(.eb2rodata.*)

.eb3text
 *(.eb3text)
 *(.eb3rodata)
 *(.eb3rodata.*)

.stab
 *(.stab)

.stabstr
 *(.stabstr)

.stab.excl
 *(.stab.excl)

.stab.exclstr
 *(.stab.exclstr)

.stab.index
 *(.stab.index)

.stab.indexstr
 *(.stab.indexstr)

.comment        0x0000000000000000       0xf3
 *(.comment)
 .comment       0x0000000000000000       0x2e ./system/src/newlib/_exit.o
                                         0x2f (size before relaxing)
 .comment       0x000000000000002e       0x2f ./system/src/newlib/_sbrk.o
 .comment       0x000000000000002e       0x2f ./system/src/newlib/_startup.o
 .comment       0x000000000000002e       0x2f ./system/src/newlib/_syscalls.o
 .comment       0x000000000000002e       0x2f ./system/src/diag/Trace.o
 .comment       0x000000000000002e       0x2f ./system/src/diag/trace_impl.o
 .comment       0x000000000000002e       0x2f ./system/src/cortexm/_initialize_hardware.o
 .comment       0x000000000000002e       0x2f ./system/src/cortexm/exception_handlers.o
 .comment       0x000000000000002e       0x2f ./system/src/cmsis/system_ADuCM350.o
 .comment       0x000000000000002e       0x2f ./system/src/cmsis/vectors_ADuCM350.o
 .comment       0x000000000000002e       0x2f ./system/src/cmsis/vetors_ADuCM350_old.o
 .comment       0x000000000000002e       0x2f ./system/src/ADuCM350/afe.o
 .comment       0x000000000000002e       0x2f ./system/src/ADuCM350/afe_lib.o
 .comment       0x000000000000002e       0x2f ./system/src/ADuCM350/beep.o
 .comment       0x000000000000002e       0x2f ./system/src/ADuCM350/captouch.o
 .comment       0x000000000000002e       0x2f ./system/src/ADuCM350/crc.o
 .comment       0x000000000000002e       0x2f ./system/src/ADuCM350/dma.o
 .comment       0x000000000000002e       0x2f ./system/src/ADuCM350/flash.o
 .comment       0x000000000000002e       0x2f ./system/src/ADuCM350/gpio.o
 .comment       0x000000000000002e       0x2f ./system/src/ADuCM350/gpt.o
 .comment       0x000000000000002e       0x2f ./system/src/ADuCM350/rng.o
 .comment       0x000000000000002e       0x2f ./system/src/ADuCM350/spi.o
 .comment       0x000000000000002e       0x2f ./system/src/ADuCM350/uart.o
 .comment       0x000000000000002e       0x2f ./system/src/ADuCM350/wdt.o
 .comment       0x000000000000002e       0x2f ./system/src/ADuCM350/wut.o
 .comment       0x000000000000002e       0x2f ./src/Timer.o
 .comment       0x000000000000002e       0x2f ./src/main.o
 .comment       0x000000000000002e       0x2f ./src/test_common.o
 .comment       0x000000000000002e       0x6e /home/a/Downloads/firm/lib/libarm_cortexM3l_math.a(arm_q15_to_q31.o)
                                         0x6f (size before relaxing)
 .comment       0x000000000000009c       0x6f /home/a/Downloads/firm/lib/libarm_cortexM3l_math.a(arm_cmplx_mag_q31.o)
 .comment       0x000000000000009c       0x6f /home/a/Downloads/firm/lib/libarm_cortexM3l_math.a(arm_sqrt_q31.o)
 .comment       0x000000000000009c       0x6f /home/a/Downloads/firm/lib/libarm_cortexM3l_math.a(arm_mult_q15.o)
 .comment       0x000000000000009c       0x2f /usr/lib/gcc/arm-none-eabi/6.3.1/thumb/v7-m/libgcc.a(_udivmoddi4.o)
 .comment       0x000000000000009c       0x57 /usr/lib/gcc/arm-none-eabi/6.3.1/../../../arm-none-eabi/lib/thumb/v7-m/libc_nano.a(lib_a-errno.o)
                                         0x58 (size before relaxing)
 .comment       0x00000000000000f3       0x58 /usr/lib/gcc/arm-none-eabi/6.3.1/../../../arm-none-eabi/lib/thumb/v7-m/libc_nano.a(lib_a-impure.o)
 .comment       0x00000000000000f3       0x58 /usr/lib/gcc/arm-none-eabi/6.3.1/../../../arm-none-eabi/lib/thumb/v7-m/libc_nano.a(lib_a-sprintf.o)
 .comment       0x00000000000000f3       0x58 /usr/lib/gcc/arm-none-eabi/6.3.1/../../../arm-none-eabi/lib/thumb/v7-m/libc_nano.a(lib_a-strcat.o)
 .comment       0x00000000000000f3       0x58 /usr/lib/gcc/arm-none-eabi/6.3.1/../../../arm-none-eabi/lib/thumb/v7-m/libc_nano.a(lib_a-strcpy.o)
 .comment       0x00000000000000f3       0x58 /usr/lib/gcc/arm-none-eabi/6.3.1/../../../arm-none-eabi/lib/thumb/v7-m/libc_nano.a(lib_a-strlen-stub.o)
 .comment       0x00000000000000f3       0x58 /usr/lib/gcc/arm-none-eabi/6.3.1/../../../arm-none-eabi/lib/thumb/v7-m/libc_nano.a(lib_a-vsnprintf.o)
 .comment       0x00000000000000f3       0x58 /usr/lib/gcc/arm-none-eabi/6.3.1/../../../arm-none-eabi/lib/thumb/v7-m/libc_nano.a(lib_a-nano-svfprintf.o)
 .comment       0x00000000000000f3       0x58 /usr/lib/gcc/arm-none-eabi/6.3.1/../../../arm-none-eabi/lib/thumb/v7-m/libc_nano.a(lib_a-nano-vfprintf_i.o)
 .comment       0x00000000000000f3       0x58 /usr/lib/gcc/arm-none-eabi/6.3.1/../../../arm-none-eabi/lib/thumb/v7-m/libc_nano.a(lib_a-memchr-stub.o)
 .comment       0x00000000000000f3       0x58 /usr/lib/gcc/arm-none-eabi/6.3.1/../../../arm-none-eabi/lib/thumb/v7-m/libc_nano.a(lib_a-memmove.o)
 .comment       0x00000000000000f3       0x58 /usr/lib/gcc/arm-none-eabi/6.3.1/../../../arm-none-eabi/lib/thumb/v7-m/libc_nano.a(lib_a-nano-freer.o)
 .comment       0x00000000000000f3       0x58 /usr/lib/gcc/arm-none-eabi/6.3.1/../../../arm-none-eabi/lib/thumb/v7-m/libc_nano.a(lib_a-nano-mallocr.o)
 .comment       0x00000000000000f3       0x58 /usr/lib/gcc/arm-none-eabi/6.3.1/../../../arm-none-eabi/lib/thumb/v7-m/libc_nano.a(lib_a-nano-reallocr.o)
 .comment       0x00000000000000f3       0x58 /usr/lib/gcc/arm-none-eabi/6.3.1/../../../arm-none-eabi/lib/thumb/v7-m/libc_nano.a(lib_a-sbrkr.o)
 .comment       0x00000000000000f3       0x58 /usr/lib/gcc/arm-none-eabi/6.3.1/../../../arm-none-eabi/lib/thumb/v7-m/libc_nano.a(lib_a-mlock.o)
 .comment       0x00000000000000f3       0x58 /usr/lib/gcc/arm-none-eabi/6.3.1/../../../arm-none-eabi/lib/thumb/v7-m/libc_nano.a(lib_a-nano-msizer.o)

.ARM.attributes
                0x0000000000000000       0x31
 .ARM.attributes
                0x0000000000000000       0x33 ./system/src/newlib/_exit.o
 .ARM.attributes
                0x0000000000000033       0x33 ./system/src/newlib/_sbrk.o
 .ARM.attributes
                0x0000000000000066       0x33 ./system/src/newlib/_startup.o
 .ARM.attributes
                0x0000000000000099       0x33 ./system/src/newlib/_syscalls.o
 .ARM.attributes
                0x00000000000000cc       0x33 ./system/src/diag/Trace.o
 .ARM.attributes
                0x00000000000000ff       0x33 ./system/src/diag/trace_impl.o
 .ARM.attributes
                0x0000000000000132       0x33 ./system/src/cortexm/_initialize_hardware.o
 .ARM.attributes
                0x0000000000000165       0x33 ./system/src/cortexm/exception_handlers.o
 .ARM.attributes
                0x0000000000000198       0x33 ./system/src/cmsis/system_ADuCM350.o
 .ARM.attributes
                0x00000000000001cb       0x33 ./system/src/cmsis/vectors_ADuCM350.o
 .ARM.attributes
                0x00000000000001fe       0x33 ./system/src/cmsis/vetors_ADuCM350_old.o
 .ARM.attributes
                0x0000000000000231       0x33 ./system/src/ADuCM350/afe.o
 .ARM.attributes
                0x0000000000000264       0x33 ./system/src/ADuCM350/afe_lib.o
 .ARM.attributes
                0x0000000000000297       0x33 ./system/src/ADuCM350/beep.o
 .ARM.attributes
                0x00000000000002ca       0x33 ./system/src/ADuCM350/captouch.o
 .ARM.attributes
                0x00000000000002fd       0x33 ./system/src/ADuCM350/crc.o
 .ARM.attributes
                0x0000000000000330       0x33 ./system/src/ADuCM350/dma.o
 .ARM.attributes
                0x0000000000000363       0x33 ./system/src/ADuCM350/flash.o
 .ARM.attributes
                0x0000000000000396       0x33 ./system/src/ADuCM350/gpio.o
 .ARM.attributes
                0x00000000000003c9       0x33 ./system/src/ADuCM350/gpt.o
 .ARM.attributes
                0x00000000000003fc       0x33 ./system/src/ADuCM350/rng.o
 .ARM.attributes
                0x000000000000042f       0x33 ./system/src/ADuCM350/spi.o
 .ARM.attributes
                0x0000000000000462       0x33 ./system/src/ADuCM350/uart.o
 .ARM.attributes
                0x0000000000000495       0x33 ./system/src/ADuCM350/wdt.o
 .ARM.attributes
                0x00000000000004c8       0x33 ./system/src/ADuCM350/wut.o
 .ARM.attributes
                0x00000000000004fb       0x33 ./src/Timer.o
 .ARM.attributes
                0x000000000000052e       0x33 ./src/main.o
 .ARM.attributes
                0x0000000000000561       0x33 ./src/test_common.o
 .ARM.attributes
                0x0000000000000594       0x33 /home/a/Downloads/firm/lib/libarm_cortexM3l_math.a(arm_q15_to_q31.o)
 .ARM.attributes
                0x00000000000005c7       0x33 /home/a/Downloads/firm/lib/libarm_cortexM3l_math.a(arm_cmplx_mag_q31.o)
 .ARM.attributes
                0x00000000000005fa       0x33 /home/a/Downloads/firm/lib/libarm_cortexM3l_math.a(arm_sqrt_q31.o)
 .ARM.attributes
                0x000000000000062d       0x33 /home/a/Downloads/firm/lib/libarm_cortexM3l_math.a(arm_mult_q15.o)
 .ARM.attributes
                0x0000000000000660       0x1d /usr/lib/gcc/arm-none-eabi/6.3.1/thumb/v7-m/libgcc.a(_arm_addsubsf3.o)
 .ARM.attributes
                0x000000000000067d       0x1d /usr/lib/gcc/arm-none-eabi/6.3.1/thumb/v7-m/libgcc.a(_arm_muldivsf3.o)
 .ARM.attributes
                0x000000000000069a       0x1d /usr/lib/gcc/arm-none-eabi/6.3.1/thumb/v7-m/libgcc.a(_arm_fixsfsi.o)
 .ARM.attributes
                0x00000000000006b7       0x1d /usr/lib/gcc/arm-none-eabi/6.3.1/thumb/v7-m/libgcc.a(_aeabi_ldivmod.o)
 .ARM.attributes
                0x00000000000006d4       0x2d /usr/lib/gcc/arm-none-eabi/6.3.1/thumb/v7-m/libgcc.a(_udivmoddi4.o)
 .ARM.attributes
                0x0000000000000701       0x1d /usr/lib/gcc/arm-none-eabi/6.3.1/thumb/v7-m/libgcc.a(_dvmd_tls.o)
 .ARM.attributes
                0x000000000000071e       0x2d /usr/lib/gcc/arm-none-eabi/6.3.1/../../../arm-none-eabi/lib/thumb/v7-m/libc_nano.a(lib_a-errno.o)
 .ARM.attributes
                0x000000000000074b       0x2d /usr/lib/gcc/arm-none-eabi/6.3.1/../../../arm-none-eabi/lib/thumb/v7-m/libc_nano.a(lib_a-impure.o)
 .ARM.attributes
                0x0000000000000778       0x1b /usr/lib/gcc/arm-none-eabi/6.3.1/../../../arm-none-eabi/lib/thumb/v7-m/libc_nano.a(lib_a-memcpy.o)
 .ARM.attributes
                0x0000000000000793       0x2d /usr/lib/gcc/arm-none-eabi/6.3.1/../../../arm-none-eabi/lib/thumb/v7-m/libc_nano.a(lib_a-sprintf.o)
 .ARM.attributes
                0x00000000000007c0       0x2d /usr/lib/gcc/arm-none-eabi/6.3.1/../../../arm-none-eabi/lib/thumb/v7-m/libc_nano.a(lib_a-strcat.o)
 .ARM.attributes
                0x00000000000007ed       0x2d /usr/lib/gcc/arm-none-eabi/6.3.1/../../../arm-none-eabi/lib/thumb/v7-m/libc_nano.a(lib_a-strcpy.o)
 .ARM.attributes
                0x000000000000081a       0x2d /usr/lib/gcc/arm-none-eabi/6.3.1/../../../arm-none-eabi/lib/thumb/v7-m/libc_nano.a(lib_a-strlen-stub.o)
 .ARM.attributes
                0x0000000000000847       0x2d /usr/lib/gcc/arm-none-eabi/6.3.1/../../../arm-none-eabi/lib/thumb/v7-m/libc_nano.a(lib_a-vsnprintf.o)
 .ARM.attributes
                0x0000000000000874       0x2d /usr/lib/gcc/arm-none-eabi/6.3.1/../../../arm-none-eabi/lib/thumb/v7-m/libc_nano.a(lib_a-nano-svfprintf.o)
 .ARM.attributes
                0x00000000000008a1       0x2d /usr/lib/gcc/arm-none-eabi/6.3.1/../../../arm-none-eabi/lib/thumb/v7-m/libc_nano.a(lib_a-nano-vfprintf_i.o)
 .ARM.attributes
                0x00000000000008ce       0x2d /usr/lib/gcc/arm-none-eabi/6.3.1/../../../arm-none-eabi/lib/thumb/v7-m/libc_nano.a(lib_a-memchr-stub.o)
 .ARM.attributes
                0x00000000000008fb       0x2d /usr/lib/gcc/arm-none-eabi/6.3.1/../../../arm-none-eabi/lib/thumb/v7-m/libc_nano.a(lib_a-memmove.o)
 .ARM.attributes
                0x0000000000000928       0x2d /usr/lib/gcc/arm-none-eabi/6.3.1/../../../arm-none-eabi/lib/thumb/v7-m/libc_nano.a(lib_a-nano-freer.o)
 .ARM.attributes
                0x0000000000000955       0x2d /usr/lib/gcc/arm-none-eabi/6.3.1/../../../arm-none-eabi/lib/thumb/v7-m/libc_nano.a(lib_a-nano-mallocr.o)
 .ARM.attributes
                0x0000000000000982       0x2d /usr/lib/gcc/arm-none-eabi/6.3.1/../../../arm-none-eabi/lib/thumb/v7-m/libc_nano.a(lib_a-nano-reallocr.o)
 .ARM.attributes
                0x00000000000009af       0x2d /usr/lib/gcc/arm-none-eabi/6.3.1/../../../arm-none-eabi/lib/thumb/v7-m/libc_nano.a(lib_a-sbrkr.o)
 .ARM.attributes
                0x00000000000009dc       0x2d /usr/lib/gcc/arm-none-eabi/6.3.1/../../../arm-none-eabi/lib/thumb/v7-m/libc_nano.a(lib_a-mlock.o)
 .ARM.attributes
                0x0000000000000a09       0x2d /usr/lib/gcc/arm-none-eabi/6.3.1/../../../arm-none-eabi/lib/thumb/v7-m/libc_nano.a(lib_a-nano-msizer.o)

.debug
 *(.debug)

.line
 *(.line)

.debug_srcinfo
 *(.debug_srcinfo)

.debug_sfnames
 *(.debug_sfnames)

.debug_aranges  0x0000000000000000     0x1978
 *(.debug_aranges)
 .debug_aranges
                0x0000000000000000       0x28 ./system/src/newlib/_exit.o
 .debug_aranges
                0x0000000000000028       0x20 ./system/src/newlib/_sbrk.o
 .debug_aranges
                0x0000000000000048       0x40 ./system/src/newlib/_startup.o
 .debug_aranges
                0x0000000000000088       0x30 ./system/src/newlib/_syscalls.o
 .debug_aranges
                0x00000000000000b8       0x38 ./system/src/diag/Trace.o
 .debug_aranges
                0x00000000000000f0       0x28 ./system/src/diag/trace_impl.o
 .debug_aranges
                0x0000000000000118       0x28 ./system/src/cortexm/_initialize_hardware.o
 .debug_aranges
                0x0000000000000140       0x88 ./system/src/cortexm/exception_handlers.o
 .debug_aranges
                0x00000000000001c8       0xf0 ./system/src/cmsis/system_ADuCM350.o
 .debug_aranges
                0x00000000000002b8      0x248 ./system/src/cmsis/vectors_ADuCM350.o
 .debug_aranges
                0x0000000000000500       0x20 ./system/src/cmsis/vetors_ADuCM350_old.o
 .debug_aranges
                0x0000000000000520      0x1b8 ./system/src/ADuCM350/afe.o
 .debug_aranges
                0x00000000000006d8       0x98 ./system/src/ADuCM350/afe_lib.o
 .debug_aranges
                0x0000000000000770       0xa0 ./system/src/ADuCM350/beep.o
 .debug_aranges
                0x0000000000000810      0x308 ./system/src/ADuCM350/captouch.o
 .debug_aranges
                0x0000000000000b18       0xa8 ./system/src/ADuCM350/crc.o
 .debug_aranges
                0x0000000000000bc0       0x58 ./system/src/ADuCM350/dma.o
 .debug_aranges
                0x0000000000000c18       0xd0 ./system/src/ADuCM350/flash.o
 .debug_aranges
                0x0000000000000ce8      0x148 ./system/src/ADuCM350/gpio.o
 .debug_aranges
                0x0000000000000e30       0xe8 ./system/src/ADuCM350/gpt.o
 .debug_aranges
                0x0000000000000f18       0x98 ./system/src/ADuCM350/rng.o
 .debug_aranges
                0x0000000000000fb0      0x278 ./system/src/ADuCM350/spi.o
 .debug_aranges
                0x0000000000001228      0x138 ./system/src/ADuCM350/uart.o
 .debug_aranges
                0x0000000000001360       0xc8 ./system/src/ADuCM350/wdt.o
 .debug_aranges
                0x0000000000001428       0xe0 ./system/src/ADuCM350/wut.o
 .debug_aranges
                0x0000000000001508       0x38 ./src/Timer.o
 .debug_aranges
                0x0000000000001540       0x80 ./src/main.o
 .debug_aranges
                0x00000000000015c0       0x40 ./src/test_common.o
 .debug_aranges
                0x0000000000001600       0x20 /home/a/Downloads/firm/lib/libarm_cortexM3l_math.a(arm_q15_to_q31.o)
 .debug_aranges
                0x0000000000001620       0x20 /home/a/Downloads/firm/lib/libarm_cortexM3l_math.a(arm_cmplx_mag_q31.o)
 .debug_aranges
                0x0000000000001640       0x20 /home/a/Downloads/firm/lib/libarm_cortexM3l_math.a(arm_sqrt_q31.o)
 .debug_aranges
                0x0000000000001660       0x20 /home/a/Downloads/firm/lib/libarm_cortexM3l_math.a(arm_mult_q15.o)
 .debug_aranges
                0x0000000000001680       0x20 /usr/lib/gcc/arm-none-eabi/6.3.1/thumb/v7-m/libgcc.a(_arm_addsubsf3.o)
 .debug_aranges
                0x00000000000016a0       0x20 /usr/lib/gcc/arm-none-eabi/6.3.1/thumb/v7-m/libgcc.a(_arm_muldivsf3.o)
 .debug_aranges
                0x00000000000016c0       0x20 /usr/lib/gcc/arm-none-eabi/6.3.1/thumb/v7-m/libgcc.a(_arm_fixsfsi.o)
 .debug_aranges
                0x00000000000016e0       0x20 /usr/lib/gcc/arm-none-eabi/6.3.1/thumb/v7-m/libgcc.a(_aeabi_ldivmod.o)
 .debug_aranges
                0x0000000000001700       0x20 /usr/lib/gcc/arm-none-eabi/6.3.1/thumb/v7-m/libgcc.a(_udivmoddi4.o)
 .debug_aranges
                0x0000000000001720       0x20 /usr/lib/gcc/arm-none-eabi/6.3.1/thumb/v7-m/libgcc.a(_dvmd_tls.o)
 .debug_aranges
                0x0000000000001740       0x20 /usr/lib/gcc/arm-none-eabi/6.3.1/../../../arm-none-eabi/lib/thumb/v7-m/libc_nano.a(lib_a-errno.o)
 .debug_aranges
                0x0000000000001760       0x18 /usr/lib/gcc/arm-none-eabi/6.3.1/../../../arm-none-eabi/lib/thumb/v7-m/libc_nano.a(lib_a-impure.o)
 .debug_aranges
                0x0000000000001778       0x20 /usr/lib/gcc/arm-none-eabi/6.3.1/../../../arm-none-eabi/lib/thumb/v7-m/libc_nano.a(lib_a-memcpy.o)
 .debug_aranges
                0x0000000000001798       0x20 /usr/lib/gcc/arm-none-eabi/6.3.1/../../../arm-none-eabi/lib/thumb/v7-m/libc_nano.a(lib_a-sprintf.o)
 .debug_aranges
                0x00000000000017b8       0x20 /usr/lib/gcc/arm-none-eabi/6.3.1/../../../arm-none-eabi/lib/thumb/v7-m/libc_nano.a(lib_a-strcat.o)
 .debug_aranges
                0x00000000000017d8       0x20 /usr/lib/gcc/arm-none-eabi/6.3.1/../../../arm-none-eabi/lib/thumb/v7-m/libc_nano.a(lib_a-strcpy.o)
 .debug_aranges
                0x00000000000017f8       0x20 /usr/lib/gcc/arm-none-eabi/6.3.1/../../../arm-none-eabi/lib/thumb/v7-m/libc_nano.a(lib_a-strlen-stub.o)
 .debug_aranges
                0x0000000000001818       0x20 /usr/lib/gcc/arm-none-eabi/6.3.1/../../../arm-none-eabi/lib/thumb/v7-m/libc_nano.a(lib_a-vsnprintf.o)
 .debug_aranges
                0x0000000000001838       0x20 /usr/lib/gcc/arm-none-eabi/6.3.1/../../../arm-none-eabi/lib/thumb/v7-m/libc_nano.a(lib_a-nano-svfprintf.o)
 .debug_aranges
                0x0000000000001858       0x20 /usr/lib/gcc/arm-none-eabi/6.3.1/../../../arm-none-eabi/lib/thumb/v7-m/libc_nano.a(lib_a-nano-vfprintf_i.o)
 .debug_aranges
                0x0000000000001878       0x20 /usr/lib/gcc/arm-none-eabi/6.3.1/../../../arm-none-eabi/lib/thumb/v7-m/libc_nano.a(lib_a-memchr-stub.o)
 .debug_aranges
                0x0000000000001898       0x20 /usr/lib/gcc/arm-none-eabi/6.3.1/../../../arm-none-eabi/lib/thumb/v7-m/libc_nano.a(lib_a-memmove.o)
 .debug_aranges
                0x00000000000018b8       0x20 /usr/lib/gcc/arm-none-eabi/6.3.1/../../../arm-none-eabi/lib/thumb/v7-m/libc_nano.a(lib_a-nano-freer.o)
 .debug_aranges
                0x00000000000018d8       0x20 /usr/lib/gcc/arm-none-eabi/6.3.1/../../../arm-none-eabi/lib/thumb/v7-m/libc_nano.a(lib_a-nano-mallocr.o)
 .debug_aranges
                0x00000000000018f8       0x20 /usr/lib/gcc/arm-none-eabi/6.3.1/../../../arm-none-eabi/lib/thumb/v7-m/libc_nano.a(lib_a-nano-reallocr.o)
 .debug_aranges
                0x0000000000001918       0x20 /usr/lib/gcc/arm-none-eabi/6.3.1/../../../arm-none-eabi/lib/thumb/v7-m/libc_nano.a(lib_a-sbrkr.o)
 .debug_aranges
                0x0000000000001938       0x20 /usr/lib/gcc/arm-none-eabi/6.3.1/../../../arm-none-eabi/lib/thumb/v7-m/libc_nano.a(lib_a-mlock.o)
 .debug_aranges
                0x0000000000001958       0x20 /usr/lib/gcc/arm-none-eabi/6.3.1/../../../arm-none-eabi/lib/thumb/v7-m/libc_nano.a(lib_a-nano-msizer.o)

.debug_pubnames
 *(.debug_pubnames)

.debug_info     0x0000000000000000    0x30f45
 *(.debug_info .gnu.linkonce.wi.*)
 .debug_info    0x0000000000000000      0x952 ./system/src/newlib/_exit.o
 .debug_info    0x0000000000000952      0x93e ./system/src/newlib/_sbrk.o
 .debug_info    0x0000000000001290      0x435 ./system/src/newlib/_startup.o
 .debug_info    0x00000000000016c5      0xa15 ./system/src/newlib/_syscalls.o
 .debug_info    0x00000000000020da      0xb26 ./system/src/diag/Trace.o
 .debug_info    0x0000000000002c00      0x162 ./system/src/diag/trace_impl.o
 .debug_info    0x0000000000002d62      0x2ba ./system/src/cortexm/_initialize_hardware.o
 .debug_info    0x000000000000301c      0xff5 ./system/src/cortexm/exception_handlers.o
 .debug_info    0x0000000000004011     0x2724 ./system/src/cmsis/system_ADuCM350.o
 .debug_info    0x0000000000006735     0x10d9 ./system/src/cmsis/vectors_ADuCM350.o
 .debug_info    0x000000000000780e       0xd0 ./system/src/cmsis/vetors_ADuCM350_old.o
 .debug_info    0x00000000000078de     0x306c ./system/src/ADuCM350/afe.o
 .debug_info    0x000000000000a94a     0x1e0e ./system/src/ADuCM350/afe_lib.o
 .debug_info    0x000000000000c758     0x1770 ./system/src/ADuCM350/beep.o
 .debug_info    0x000000000000dec8     0x3f08 ./system/src/ADuCM350/captouch.o
 .debug_info    0x0000000000011dd0     0x1605 ./system/src/ADuCM350/crc.o
 .debug_info    0x00000000000133d5      0xadf ./system/src/ADuCM350/dma.o
 .debug_info    0x0000000000013eb4     0x199e ./system/src/ADuCM350/flash.o
 .debug_info    0x0000000000015852     0x149c ./system/src/ADuCM350/gpio.o
 .debug_info    0x0000000000016cee     0x185c ./system/src/ADuCM350/gpt.o
 .debug_info    0x000000000001854a     0x1467 ./system/src/ADuCM350/rng.o
 .debug_info    0x00000000000199b1     0x328d ./system/src/ADuCM350/spi.o
 .debug_info    0x000000000001cc3e     0x201a ./system/src/ADuCM350/uart.o
 .debug_info    0x000000000001ec58      0xbf9 ./system/src/ADuCM350/wdt.o
 .debug_info    0x000000000001f851     0x1048 ./system/src/ADuCM350/wut.o
 .debug_info    0x0000000000020899      0x694 ./src/Timer.o
 .debug_info    0x0000000000020f2d     0x1b6f ./src/main.o
 .debug_info    0x0000000000022a9c      0xaae ./src/test_common.o
 .debug_info    0x000000000002354a      0x158 /home/a/Downloads/firm/lib/libarm_cortexM3l_math.a(arm_q15_to_q31.o)
 .debug_info    0x00000000000236a2      0x1b1 /home/a/Downloads/firm/lib/libarm_cortexM3l_math.a(arm_cmplx_mag_q31.o)
 .debug_info    0x0000000000023853      0x1f0 /home/a/Downloads/firm/lib/libarm_cortexM3l_math.a(arm_sqrt_q31.o)
 .debug_info    0x0000000000023a43      0x179 /home/a/Downloads/firm/lib/libarm_cortexM3l_math.a(arm_mult_q15.o)
 .debug_info    0x0000000000023bbc       0xc0 /usr/lib/gcc/arm-none-eabi/6.3.1/thumb/v7-m/libgcc.a(_arm_addsubsf3.o)
 .debug_info    0x0000000000023c7c       0xc0 /usr/lib/gcc/arm-none-eabi/6.3.1/thumb/v7-m/libgcc.a(_arm_muldivsf3.o)
 .debug_info    0x0000000000023d3c       0xc0 /usr/lib/gcc/arm-none-eabi/6.3.1/thumb/v7-m/libgcc.a(_arm_fixsfsi.o)
 .debug_info    0x0000000000023dfc       0xbb /usr/lib/gcc/arm-none-eabi/6.3.1/thumb/v7-m/libgcc.a(_aeabi_ldivmod.o)
 .debug_info    0x0000000000023eb7      0xc24 /usr/lib/gcc/arm-none-eabi/6.3.1/thumb/v7-m/libgcc.a(_udivmoddi4.o)
 .debug_info    0x0000000000024adb       0xbf /usr/lib/gcc/arm-none-eabi/6.3.1/thumb/v7-m/libgcc.a(_dvmd_tls.o)
 .debug_info    0x0000000000024b9a      0x8cb /usr/lib/gcc/arm-none-eabi/6.3.1/../../../arm-none-eabi/lib/thumb/v7-m/libc_nano.a(lib_a-errno.o)
 .debug_info    0x0000000000025465      0x8a4 /usr/lib/gcc/arm-none-eabi/6.3.1/../../../arm-none-eabi/lib/thumb/v7-m/libc_nano.a(lib_a-impure.o)
 .debug_info    0x0000000000025d09       0xcd /usr/lib/gcc/arm-none-eabi/6.3.1/../../../arm-none-eabi/lib/thumb/v7-m/libc_nano.a(lib_a-memcpy.o)
 .debug_info    0x0000000000025dd6      0xbd2 /usr/lib/gcc/arm-none-eabi/6.3.1/../../../arm-none-eabi/lib/thumb/v7-m/libc_nano.a(lib_a-sprintf.o)
 .debug_info    0x00000000000269a8      0x909 /usr/lib/gcc/arm-none-eabi/6.3.1/../../../arm-none-eabi/lib/thumb/v7-m/libc_nano.a(lib_a-strcat.o)
 .debug_info    0x00000000000272b1      0x8b7 /usr/lib/gcc/arm-none-eabi/6.3.1/../../../arm-none-eabi/lib/thumb/v7-m/libc_nano.a(lib_a-strcpy.o)
 .debug_info    0x0000000000027b68      0x8b5 /usr/lib/gcc/arm-none-eabi/6.3.1/../../../arm-none-eabi/lib/thumb/v7-m/libc_nano.a(lib_a-strlen-stub.o)
 .debug_info    0x000000000002841d      0xc24 /usr/lib/gcc/arm-none-eabi/6.3.1/../../../arm-none-eabi/lib/thumb/v7-m/libc_nano.a(lib_a-vsnprintf.o)
 .debug_info    0x0000000000029041     0x1651 /usr/lib/gcc/arm-none-eabi/6.3.1/../../../arm-none-eabi/lib/thumb/v7-m/libc_nano.a(lib_a-nano-svfprintf.o)
 .debug_info    0x000000000002a692     0x142c /usr/lib/gcc/arm-none-eabi/6.3.1/../../../arm-none-eabi/lib/thumb/v7-m/libc_nano.a(lib_a-nano-vfprintf_i.o)
 .debug_info    0x000000000002babe      0x934 /usr/lib/gcc/arm-none-eabi/6.3.1/../../../arm-none-eabi/lib/thumb/v7-m/libc_nano.a(lib_a-memchr-stub.o)
 .debug_info    0x000000000002c3f2      0xe2c /usr/lib/gcc/arm-none-eabi/6.3.1/../../../arm-none-eabi/lib/thumb/v7-m/libc_nano.a(lib_a-memmove.o)
 .debug_info    0x000000000002d21e      0xac1 /usr/lib/gcc/arm-none-eabi/6.3.1/../../../arm-none-eabi/lib/thumb/v7-m/libc_nano.a(lib_a-nano-freer.o)
 .debug_info    0x000000000002dcdf      0xb75 /usr/lib/gcc/arm-none-eabi/6.3.1/../../../arm-none-eabi/lib/thumb/v7-m/libc_nano.a(lib_a-nano-mallocr.o)
 .debug_info    0x000000000002e854      0xac6 /usr/lib/gcc/arm-none-eabi/6.3.1/../../../arm-none-eabi/lib/thumb/v7-m/libc_nano.a(lib_a-nano-reallocr.o)
 .debug_info    0x000000000002f31a      0x95a /usr/lib/gcc/arm-none-eabi/6.3.1/../../../arm-none-eabi/lib/thumb/v7-m/libc_nano.a(lib_a-sbrkr.o)
 .debug_info    0x000000000002fc74      0x8d7 /usr/lib/gcc/arm-none-eabi/6.3.1/../../../arm-none-eabi/lib/thumb/v7-m/libc_nano.a(lib_a-mlock.o)
 .debug_info    0x000000000003054b      0x9fa /usr/lib/gcc/arm-none-eabi/6.3.1/../../../arm-none-eabi/lib/thumb/v7-m/libc_nano.a(lib_a-nano-msizer.o)

.debug_abbrev   0x0000000000000000     0x6eef
 *(.debug_abbrev)
 .debug_abbrev  0x0000000000000000      0x1f3 ./system/src/newlib/_exit.o
 .debug_abbrev  0x00000000000001f3      0x1fc ./system/src/newlib/_sbrk.o
 .debug_abbrev  0x00000000000003ef      0x1b3 ./system/src/newlib/_startup.o
 .debug_abbrev  0x00000000000005a2      0x234 ./system/src/newlib/_syscalls.o
 .debug_abbrev  0x00000000000007d6      0x276 ./system/src/diag/Trace.o
 .debug_abbrev  0x0000000000000a4c       0xc5 ./system/src/diag/trace_impl.o
 .debug_abbrev  0x0000000000000b11       0xea ./system/src/cortexm/_initialize_hardware.o
 .debug_abbrev  0x0000000000000bfb      0x2b4 ./system/src/cortexm/exception_handlers.o
 .debug_abbrev  0x0000000000000eaf      0x381 ./system/src/cmsis/system_ADuCM350.o
 .debug_abbrev  0x0000000000001230      0x230 ./system/src/cmsis/vectors_ADuCM350.o
 .debug_abbrev  0x0000000000001460       0x9d ./system/src/cmsis/vetors_ADuCM350_old.o
 .debug_abbrev  0x00000000000014fd      0x488 ./system/src/ADuCM350/afe.o
 .debug_abbrev  0x0000000000001985      0x31e ./system/src/ADuCM350/afe_lib.o
 .debug_abbrev  0x0000000000001ca3      0x375 ./system/src/ADuCM350/beep.o
 .debug_abbrev  0x0000000000002018      0x360 ./system/src/ADuCM350/captouch.o
 .debug_abbrev  0x0000000000002378      0x35b ./system/src/ADuCM350/crc.o
 .debug_abbrev  0x00000000000026d3      0x257 ./system/src/ADuCM350/dma.o
 .debug_abbrev  0x000000000000292a      0x333 ./system/src/ADuCM350/flash.o
 .debug_abbrev  0x0000000000002c5d      0x293 ./system/src/ADuCM350/gpio.o
 .debug_abbrev  0x0000000000002ef0      0x36b ./system/src/ADuCM350/gpt.o
 .debug_abbrev  0x000000000000325b      0x375 ./system/src/ADuCM350/rng.o
 .debug_abbrev  0x00000000000035d0      0x3cd ./system/src/ADuCM350/spi.o
 .debug_abbrev  0x000000000000399d      0x35a ./system/src/ADuCM350/uart.o
 .debug_abbrev  0x0000000000003cf7      0x286 ./system/src/ADuCM350/wdt.o
 .debug_abbrev  0x0000000000003f7d      0x24b ./system/src/ADuCM350/wut.o
 .debug_abbrev  0x00000000000041c8      0x1b8 ./src/Timer.o
 .debug_abbrev  0x0000000000004380      0x3d8 ./src/main.o
 .debug_abbrev  0x0000000000004758      0x275 ./src/test_common.o
 .debug_abbrev  0x00000000000049cd       0x94 /home/a/Downloads/firm/lib/libarm_cortexM3l_math.a(arm_q15_to_q31.o)
 .debug_abbrev  0x0000000000004a61       0xb0 /home/a/Downloads/firm/lib/libarm_cortexM3l_math.a(arm_cmplx_mag_q31.o)
 .debug_abbrev  0x0000000000004b11       0xde /home/a/Downloads/firm/lib/libarm_cortexM3l_math.a(arm_sqrt_q31.o)
 .debug_abbrev  0x0000000000004bef       0x8c /home/a/Downloads/firm/lib/libarm_cortexM3l_math.a(arm_mult_q15.o)
 .debug_abbrev  0x0000000000004c7b       0x14 /usr/lib/gcc/arm-none-eabi/6.3.1/thumb/v7-m/libgcc.a(_arm_addsubsf3.o)
 .debug_abbrev  0x0000000000004c8f       0x14 /usr/lib/gcc/arm-none-eabi/6.3.1/thumb/v7-m/libgcc.a(_arm_muldivsf3.o)
 .debug_abbrev  0x0000000000004ca3       0x14 /usr/lib/gcc/arm-none-eabi/6.3.1/thumb/v7-m/libgcc.a(_arm_fixsfsi.o)
 .debug_abbrev  0x0000000000004cb7       0x14 /usr/lib/gcc/arm-none-eabi/6.3.1/thumb/v7-m/libgcc.a(_aeabi_ldivmod.o)
 .debug_abbrev  0x0000000000004ccb      0x18c /usr/lib/gcc/arm-none-eabi/6.3.1/thumb/v7-m/libgcc.a(_udivmoddi4.o)
 .debug_abbrev  0x0000000000004e57       0x14 /usr/lib/gcc/arm-none-eabi/6.3.1/thumb/v7-m/libgcc.a(_dvmd_tls.o)
 .debug_abbrev  0x0000000000004e6b      0x178 /usr/lib/gcc/arm-none-eabi/6.3.1/../../../arm-none-eabi/lib/thumb/v7-m/libc_nano.a(lib_a-errno.o)
 .debug_abbrev  0x0000000000004fe3      0x15c /usr/lib/gcc/arm-none-eabi/6.3.1/../../../arm-none-eabi/lib/thumb/v7-m/libc_nano.a(lib_a-impure.o)
 .debug_abbrev  0x000000000000513f       0x14 /usr/lib/gcc/arm-none-eabi/6.3.1/../../../arm-none-eabi/lib/thumb/v7-m/libc_nano.a(lib_a-memcpy.o)
 .debug_abbrev  0x0000000000005153      0x222 /usr/lib/gcc/arm-none-eabi/6.3.1/../../../arm-none-eabi/lib/thumb/v7-m/libc_nano.a(lib_a-sprintf.o)
 .debug_abbrev  0x0000000000005375      0x1bf /usr/lib/gcc/arm-none-eabi/6.3.1/../../../arm-none-eabi/lib/thumb/v7-m/libc_nano.a(lib_a-strcat.o)
 .debug_abbrev  0x0000000000005534      0x180 /usr/lib/gcc/arm-none-eabi/6.3.1/../../../arm-none-eabi/lib/thumb/v7-m/libc_nano.a(lib_a-strcpy.o)
 .debug_abbrev  0x00000000000056b4      0x171 /usr/lib/gcc/arm-none-eabi/6.3.1/../../../arm-none-eabi/lib/thumb/v7-m/libc_nano.a(lib_a-strlen-stub.o)
 .debug_abbrev  0x0000000000005825      0x231 /usr/lib/gcc/arm-none-eabi/6.3.1/../../../arm-none-eabi/lib/thumb/v7-m/libc_nano.a(lib_a-vsnprintf.o)
 .debug_abbrev  0x0000000000005a56      0x2cc /usr/lib/gcc/arm-none-eabi/6.3.1/../../../arm-none-eabi/lib/thumb/v7-m/libc_nano.a(lib_a-nano-svfprintf.o)
 .debug_abbrev  0x0000000000005d22      0x28b /usr/lib/gcc/arm-none-eabi/6.3.1/../../../arm-none-eabi/lib/thumb/v7-m/libc_nano.a(lib_a-nano-vfprintf_i.o)
 .debug_abbrev  0x0000000000005fad      0x1a5 /usr/lib/gcc/arm-none-eabi/6.3.1/../../../arm-none-eabi/lib/thumb/v7-m/libc_nano.a(lib_a-memchr-stub.o)
 .debug_abbrev  0x0000000000006152      0x1ad /usr/lib/gcc/arm-none-eabi/6.3.1/../../../arm-none-eabi/lib/thumb/v7-m/libc_nano.a(lib_a-memmove.o)
 .debug_abbrev  0x00000000000062ff      0x244 /usr/lib/gcc/arm-none-eabi/6.3.1/../../../arm-none-eabi/lib/thumb/v7-m/libc_nano.a(lib_a-nano-freer.o)
 .debug_abbrev  0x0000000000006543      0x27f /usr/lib/gcc/arm-none-eabi/6.3.1/../../../arm-none-eabi/lib/thumb/v7-m/libc_nano.a(lib_a-nano-mallocr.o)
 .debug_abbrev  0x00000000000067c2      0x1f9 /usr/lib/gcc/arm-none-eabi/6.3.1/../../../arm-none-eabi/lib/thumb/v7-m/libc_nano.a(lib_a-nano-reallocr.o)
 .debug_abbrev  0x00000000000069bb      0x1df /usr/lib/gcc/arm-none-eabi/6.3.1/../../../arm-none-eabi/lib/thumb/v7-m/libc_nano.a(lib_a-sbrkr.o)
 .debug_abbrev  0x0000000000006b9a      0x1a1 /usr/lib/gcc/arm-none-eabi/6.3.1/../../../arm-none-eabi/lib/thumb/v7-m/libc_nano.a(lib_a-mlock.o)
 .debug_abbrev  0x0000000000006d3b      0x1b4 /usr/lib/gcc/arm-none-eabi/6.3.1/../../../arm-none-eabi/lib/thumb/v7-m/libc_nano.a(lib_a-nano-msizer.o)

.debug_line     0x0000000000000000     0xc804
 *(.debug_line)
 .debug_line    0x0000000000000000      0x276 ./system/src/newlib/_exit.o
 .debug_line    0x0000000000000276      0x22a ./system/src/newlib/_sbrk.o
 .debug_line    0x00000000000004a0      0x2e4 ./system/src/newlib/_startup.o
 .debug_line    0x0000000000000784      0x2f3 ./system/src/newlib/_syscalls.o
 .debug_line    0x0000000000000a77      0x2f1 ./system/src/diag/Trace.o
 .debug_line    0x0000000000000d68      0x40f ./system/src/diag/trace_impl.o
 .debug_line    0x0000000000001177      0x268 ./system/src/cortexm/_initialize_hardware.o
 .debug_line    0x00000000000013df      0x509 ./system/src/cortexm/exception_handlers.o
 .debug_line    0x00000000000018e8      0x8d2 ./system/src/cmsis/system_ADuCM350.o
 .debug_line    0x00000000000021ba      0x7e8 ./system/src/cmsis/vectors_ADuCM350.o
 .debug_line    0x00000000000029a2       0xd0 ./system/src/cmsis/vetors_ADuCM350_old.o
 .debug_line    0x0000000000002a72      0xb84 ./system/src/ADuCM350/afe.o
 .debug_line    0x00000000000035f6      0x5a7 ./system/src/ADuCM350/afe_lib.o
 .debug_line    0x0000000000003b9d      0x5bd ./system/src/ADuCM350/beep.o
 .debug_line    0x000000000000415a      0xdfa ./system/src/ADuCM350/captouch.o
 .debug_line    0x0000000000004f54      0x54c ./system/src/ADuCM350/crc.o
 .debug_line    0x00000000000054a0      0x413 ./system/src/ADuCM350/dma.o
 .debug_line    0x00000000000058b3      0x60e ./system/src/ADuCM350/flash.o
 .debug_line    0x0000000000005ec1      0x654 ./system/src/ADuCM350/gpio.o
 .debug_line    0x0000000000006515      0x60b ./system/src/ADuCM350/gpt.o
 .debug_line    0x0000000000006b20      0x594 ./system/src/ADuCM350/rng.o
 .debug_line    0x00000000000070b4      0xcde ./system/src/ADuCM350/spi.o
 .debug_line    0x0000000000007d92      0x818 ./system/src/ADuCM350/uart.o
 .debug_line    0x00000000000085aa      0x4e4 ./system/src/ADuCM350/wdt.o
 .debug_line    0x0000000000008a8e      0x4fe ./system/src/ADuCM350/wut.o
 .debug_line    0x0000000000008f8c      0x2c6 ./src/Timer.o
 .debug_line    0x0000000000009252      0x77d ./src/main.o
 .debug_line    0x00000000000099cf      0x4a4 ./src/test_common.o
 .debug_line    0x0000000000009e73      0x14d /home/a/Downloads/firm/lib/libarm_cortexM3l_math.a(arm_q15_to_q31.o)
 .debug_line    0x0000000000009fc0      0x160 /home/a/Downloads/firm/lib/libarm_cortexM3l_math.a(arm_cmplx_mag_q31.o)
 .debug_line    0x000000000000a120      0x16e /home/a/Downloads/firm/lib/libarm_cortexM3l_math.a(arm_sqrt_q31.o)
 .debug_line    0x000000000000a28e      0x157 /home/a/Downloads/firm/lib/libarm_cortexM3l_math.a(arm_mult_q15.o)
 .debug_line    0x000000000000a3e5      0x11a /usr/lib/gcc/arm-none-eabi/6.3.1/thumb/v7-m/libgcc.a(_arm_addsubsf3.o)
 .debug_line    0x000000000000a4ff      0x13d /usr/lib/gcc/arm-none-eabi/6.3.1/thumb/v7-m/libgcc.a(_arm_muldivsf3.o)
 .debug_line    0x000000000000a63c       0x7a /usr/lib/gcc/arm-none-eabi/6.3.1/thumb/v7-m/libgcc.a(_arm_fixsfsi.o)
 .debug_line    0x000000000000a6b6       0x7f /usr/lib/gcc/arm-none-eabi/6.3.1/thumb/v7-m/libgcc.a(_aeabi_ldivmod.o)
 .debug_line    0x000000000000a735      0x244 /usr/lib/gcc/arm-none-eabi/6.3.1/thumb/v7-m/libgcc.a(_udivmoddi4.o)
 .debug_line    0x000000000000a979       0x61 /usr/lib/gcc/arm-none-eabi/6.3.1/thumb/v7-m/libgcc.a(_dvmd_tls.o)
 .debug_line    0x000000000000a9da      0x104 /usr/lib/gcc/arm-none-eabi/6.3.1/../../../arm-none-eabi/lib/thumb/v7-m/libc_nano.a(lib_a-errno.o)
 .debug_line    0x000000000000aade       0xe9 /usr/lib/gcc/arm-none-eabi/6.3.1/../../../arm-none-eabi/lib/thumb/v7-m/libc_nano.a(lib_a-impure.o)
 .debug_line    0x000000000000abc7       0xbe /usr/lib/gcc/arm-none-eabi/6.3.1/../../../arm-none-eabi/lib/thumb/v7-m/libc_nano.a(lib_a-memcpy.o)
 .debug_line    0x000000000000ac85      0x1a1 /usr/lib/gcc/arm-none-eabi/6.3.1/../../../arm-none-eabi/lib/thumb/v7-m/libc_nano.a(lib_a-sprintf.o)
 .debug_line    0x000000000000ae26      0x155 /usr/lib/gcc/arm-none-eabi/6.3.1/../../../arm-none-eabi/lib/thumb/v7-m/libc_nano.a(lib_a-strcat.o)
 .debug_line    0x000000000000af7b      0x14d /usr/lib/gcc/arm-none-eabi/6.3.1/../../../arm-none-eabi/lib/thumb/v7-m/libc_nano.a(lib_a-strcpy.o)
 .debug_line    0x000000000000b0c8      0x152 /usr/lib/gcc/arm-none-eabi/6.3.1/../../../arm-none-eabi/lib/thumb/v7-m/libc_nano.a(lib_a-strlen-stub.o)
 .debug_line    0x000000000000b21a      0x1cf /usr/lib/gcc/arm-none-eabi/6.3.1/../../../arm-none-eabi/lib/thumb/v7-m/libc_nano.a(lib_a-vsnprintf.o)
 .debug_line    0x000000000000b3e9      0x3e4 /usr/lib/gcc/arm-none-eabi/6.3.1/../../../arm-none-eabi/lib/thumb/v7-m/libc_nano.a(lib_a-nano-svfprintf.o)
 .debug_line    0x000000000000b7cd      0x3e4 /usr/lib/gcc/arm-none-eabi/6.3.1/../../../arm-none-eabi/lib/thumb/v7-m/libc_nano.a(lib_a-nano-vfprintf_i.o)
 .debug_line    0x000000000000bbb1      0x188 /usr/lib/gcc/arm-none-eabi/6.3.1/../../../arm-none-eabi/lib/thumb/v7-m/libc_nano.a(lib_a-memchr-stub.o)
 .debug_line    0x000000000000bd39      0x1f1 /usr/lib/gcc/arm-none-eabi/6.3.1/../../../arm-none-eabi/lib/thumb/v7-m/libc_nano.a(lib_a-memmove.o)
 .debug_line    0x000000000000bf2a      0x1a9 /usr/lib/gcc/arm-none-eabi/6.3.1/../../../arm-none-eabi/lib/thumb/v7-m/libc_nano.a(lib_a-nano-freer.o)
 .debug_line    0x000000000000c0d3      0x1c0 /usr/lib/gcc/arm-none-eabi/6.3.1/../../../arm-none-eabi/lib/thumb/v7-m/libc_nano.a(lib_a-nano-mallocr.o)
 .debug_line    0x000000000000c293      0x179 /usr/lib/gcc/arm-none-eabi/6.3.1/../../../arm-none-eabi/lib/thumb/v7-m/libc_nano.a(lib_a-nano-reallocr.o)
 .debug_line    0x000000000000c40c      0x15a /usr/lib/gcc/arm-none-eabi/6.3.1/../../../arm-none-eabi/lib/thumb/v7-m/libc_nano.a(lib_a-sbrkr.o)
 .debug_line    0x000000000000c566      0x144 /usr/lib/gcc/arm-none-eabi/6.3.1/../../../arm-none-eabi/lib/thumb/v7-m/libc_nano.a(lib_a-mlock.o)
 .debug_line    0x000000000000c6aa      0x15a /usr/lib/gcc/arm-none-eabi/6.3.1/../../../arm-none-eabi/lib/thumb/v7-m/libc_nano.a(lib_a-nano-msizer.o)

.debug_frame    0x0000000000000000     0x3b7c
 *(.debug_frame)
 .debug_frame   0x0000000000000000       0x38 ./system/src/newlib/_exit.o
 .debug_frame   0x0000000000000038       0x28 ./system/src/newlib/_sbrk.o
 .debug_frame   0x0000000000000060       0x7c ./system/src/newlib/_startup.o
 .debug_frame   0x00000000000000dc       0x50 ./system/src/newlib/_syscalls.o
 .debug_frame   0x000000000000012c       0x94 ./system/src/diag/Trace.o
 .debug_frame   0x00000000000001c0       0x30 ./system/src/diag/trace_impl.o
 .debug_frame   0x00000000000001f0       0x40 ./system/src/cortexm/_initialize_hardware.o
 .debug_frame   0x0000000000000230      0x144 ./system/src/cortexm/exception_handlers.o
 .debug_frame   0x0000000000000374      0x274 ./system/src/cmsis/system_ADuCM350.o
 .debug_frame   0x00000000000005e8      0x7c0 ./system/src/cmsis/vectors_ADuCM350.o
 .debug_frame   0x0000000000000da8       0x20 ./system/src/cmsis/vetors_ADuCM350_old.o
 .debug_frame   0x0000000000000dc8      0x438 ./system/src/ADuCM350/afe.o
 .debug_frame   0x0000000000001200      0x204 ./system/src/ADuCM350/afe_lib.o
 .debug_frame   0x0000000000001404      0x13c ./system/src/ADuCM350/beep.o
 .debug_frame   0x0000000000001540      0x6a0 ./system/src/ADuCM350/captouch.o
 .debug_frame   0x0000000000001be0      0x180 ./system/src/ADuCM350/crc.o
 .debug_frame   0x0000000000001d60       0xc0 ./system/src/ADuCM350/dma.o
 .debug_frame   0x0000000000001e20      0x238 ./system/src/ADuCM350/flash.o
 .debug_frame   0x0000000000002058      0x30c ./system/src/ADuCM350/gpio.o
 .debug_frame   0x0000000000002364      0x1f4 ./system/src/ADuCM350/gpt.o
 .debug_frame   0x0000000000002558      0x130 ./system/src/ADuCM350/rng.o
 .debug_frame   0x0000000000002688      0x608 ./system/src/ADuCM350/spi.o
 .debug_frame   0x0000000000002c90      0x314 ./system/src/ADuCM350/uart.o
 .debug_frame   0x0000000000002fa4      0x18c ./system/src/ADuCM350/wdt.o
 .debug_frame   0x0000000000003130      0x1ec ./system/src/ADuCM350/wut.o
 .debug_frame   0x000000000000331c       0x58 ./src/Timer.o
 .debug_frame   0x0000000000003374      0x174 ./src/main.o
 .debug_frame   0x00000000000034e8       0x88 ./src/test_common.o
 .debug_frame   0x0000000000003570       0x20 /home/a/Downloads/firm/lib/libarm_cortexM3l_math.a(arm_q15_to_q31.o)
 .debug_frame   0x0000000000003590       0x40 /home/a/Downloads/firm/lib/libarm_cortexM3l_math.a(arm_cmplx_mag_q31.o)
 .debug_frame   0x00000000000035d0       0x40 /home/a/Downloads/firm/lib/libarm_cortexM3l_math.a(arm_sqrt_q31.o)
 .debug_frame   0x0000000000003610       0x2c /home/a/Downloads/firm/lib/libarm_cortexM3l_math.a(arm_mult_q15.o)
 .debug_frame   0x000000000000363c       0x4c /usr/lib/gcc/arm-none-eabi/6.3.1/thumb/v7-m/libgcc.a(_arm_addsubsf3.o)
 .debug_frame   0x0000000000003688       0x38 /usr/lib/gcc/arm-none-eabi/6.3.1/thumb/v7-m/libgcc.a(_arm_muldivsf3.o)
 .debug_frame   0x00000000000036c0       0x24 /usr/lib/gcc/arm-none-eabi/6.3.1/thumb/v7-m/libgcc.a(_arm_fixsfsi.o)
 .debug_frame   0x00000000000036e4       0x44 /usr/lib/gcc/arm-none-eabi/6.3.1/thumb/v7-m/libgcc.a(_aeabi_ldivmod.o)
 .debug_frame   0x0000000000003728       0x34 /usr/lib/gcc/arm-none-eabi/6.3.1/thumb/v7-m/libgcc.a(_udivmoddi4.o)
 .debug_frame   0x000000000000375c       0x20 /usr/lib/gcc/arm-none-eabi/6.3.1/../../../arm-none-eabi/lib/thumb/v7-m/libc_nano.a(lib_a-errno.o)