Archive member included to satisfy reference by file (symbol)

/home/a/Downloads/firm/lib/libarm_cortexM3l_math.a(arm_q15_to_q31.o)
                              ./src/main.o (arm_q15_to_q31)
/home/a/Downloads/firm/lib/libarm_cortexM3l_math.a(arm_mult_q15.o)
                              ./src/main.o (arm_mult_q15)
/usr/lib/gcc/arm-none-eabi/6.3.1/thumb/v7-m/libgcc.a(_arm_addsubdf3.o)
                              ./src/main.o (__aeabi_ui2d)
/usr/lib/gcc/arm-none-eabi/6.3.1/thumb/v7-m/libgcc.a(_arm_muldivdf3.o)
                              ./src/main.o (__aeabi_ddiv)
/usr/lib/gcc/arm-none-eabi/6.3.1/thumb/v7-m/libgcc.a(_aeabi_ldivmod.o)
                              ./src/main.o (__aeabi_ldivmod)
/usr/lib/gcc/arm-none-eabi/6.3.1/thumb/v7-m/libgcc.a(_udivmoddi4.o)
                              /usr/lib/gcc/arm-none-eabi/6.3.1/thumb/v7-m/libgcc.a(_aeabi_ldivmod.o) (__udivmoddi4)
/usr/lib/gcc/arm-none-eabi/6.3.1/thumb/v7-m/libgcc.a(unwind-arm.o)
                              ./system/src/newlib/_cxx.o (__aeabi_unwind_cpp_pr1)
/usr/lib/gcc/arm-none-eabi/6.3.1/thumb/v7-m/libgcc.a(libunwind.o)
                              /usr/lib/gcc/arm-none-eabi/6.3.1/thumb/v7-m/libgcc.a(unwind-arm.o) (restore_core_regs)
/usr/lib/gcc/arm-none-eabi/6.3.1/thumb/v7-m/libgcc.a(pr-support.o)
                              /usr/lib/gcc/arm-none-eabi/6.3.1/thumb/v7-m/libgcc.a(unwind-arm.o) (__gnu_unwind_execute)
/usr/lib/gcc/arm-none-eabi/6.3.1/thumb/v7-m/libgcc.a(_dvmd_tls.o)
                              /usr/lib/gcc/arm-none-eabi/6.3.1/thumb/v7-m/libgcc.a(_aeabi_ldivmod.o) (__aeabi_ldiv0)
/usr/lib/gcc/arm-none-eabi/6.3.1/../../../arm-none-eabi/lib/thumb/v7-m/libc_nano.a(lib_a-abs.o)
                              ./system/src/ADuCM350/captouch_lib.o (abs)
/usr/lib/gcc/arm-none-eabi/6.3.1/../../../arm-none-eabi/lib/thumb/v7-m/libc_nano.a(lib_a-clock.o)
                              ./src/main.o (clock)
/usr/lib/gcc/arm-none-eabi/6.3.1/../../../arm-none-eabi/lib/thumb/v7-m/libc_nano.a(lib_a-errno.o)
                              ./system/src/newlib/_sbrk.o (__errno)
/usr/lib/gcc/arm-none-eabi/6.3.1/../../../arm-none-eabi/lib/thumb/v7-m/libc_nano.a(lib_a-impure.o)
                              /usr/lib/gcc/arm-none-eabi/6.3.1/../../../arm-none-eabi/lib/thumb/v7-m/libc_nano.a(lib_a-clock.o) (_impure_ptr)
/usr/lib/gcc/arm-none-eabi/6.3.1/../../../arm-none-eabi/lib/thumb/v7-m/libc_nano.a(lib_a-memcpy.o)
                              ./system/src/ADuCM350/uart.o (memcpy)
/usr/lib/gcc/arm-none-eabi/6.3.1/../../../arm-none-eabi/lib/thumb/v7-m/libc_nano.a(lib_a-printf.o)
                              ./src/main.o (printf)
/usr/lib/gcc/arm-none-eabi/6.3.1/../../../arm-none-eabi/lib/thumb/v7-m/libc_nano.a(lib_a-rand.o)
                              ./src/main.o (srand)
/usr/lib/gcc/arm-none-eabi/6.3.1/../../../arm-none-eabi/lib/thumb/v7-m/libc_nano.a(lib_a-sprintf.o)
                              ./src/main.o (sprintf)
/usr/lib/gcc/arm-none-eabi/6.3.1/../../../arm-none-eabi/lib/thumb/v7-m/libc_nano.a(lib_a-sscanf.o)
                              ./src/main.o (sscanf)
/usr/lib/gcc/arm-none-eabi/6.3.1/../../../arm-none-eabi/lib/thumb/v7-m/libc_nano.a(lib_a-stdio.o)
                              /usr/lib/gcc/arm-none-eabi/6.3.1/../../../arm-none-eabi/lib/thumb/v7-m/libc_nano.a(lib_a-sscanf.o) (__seofread)
/usr/lib/gcc/arm-none-eabi/6.3.1/../../../arm-none-eabi/lib/thumb/v7-m/libc_nano.a(lib_a-strcat.o)
                              ./src/main.o (strcat)
/usr/lib/gcc/arm-none-eabi/6.3.1/../../../arm-none-eabi/lib/thumb/v7-m/libc_nano.a(lib_a-strcpy.o)
                              /usr/lib/gcc/arm-none-eabi/6.3.1/../../../arm-none-eabi/lib/thumb/v7-m/libc_nano.a(lib_a-strcat.o) (strcpy)
/usr/lib/gcc/arm-none-eabi/6.3.1/../../../arm-none-eabi/lib/thumb/v7-m/libc_nano.a(lib_a-strlen-stub.o)
                              ./system/src/diag/Trace.o (strlen)
/usr/lib/gcc/arm-none-eabi/6.3.1/../../../arm-none-eabi/lib/thumb/v7-m/libc_nano.a(lib_a-strncmp.o)
                              ./src/main.o (strncmp)
/usr/lib/gcc/arm-none-eabi/6.3.1/../../../arm-none-eabi/lib/thumb/v7-m/libc_nano.a(lib_a-timesr.o)
                              /usr/lib/gcc/arm-none-eabi/6.3.1/../../../arm-none-eabi/lib/thumb/v7-m/libc_nano.a(lib_a-clock.o) (_times_r)
/usr/lib/gcc/arm-none-eabi/6.3.1/../../../arm-none-eabi/lib/thumb/v7-m/libc_nano.a(lib_a-vsnprintf.o)
                              ./system/src/diag/Trace.o (vsnprintf)
/usr/lib/gcc/arm-none-eabi/6.3.1/../../../arm-none-eabi/lib/thumb/v7-m/libc_nano.a(lib_a-writer.o)
                              /usr/lib/gcc/arm-none-eabi/6.3.1/../../../arm-none-eabi/lib/thumb/v7-m/libc_nano.a(lib_a-stdio.o) (_write_r)
/usr/lib/gcc/arm-none-eabi/6.3.1/../../../arm-none-eabi/lib/thumb/v7-m/libc_nano.a(lib_a-closer.o)
                              /usr/lib/gcc/arm-none-eabi/6.3.1/../../../arm-none-eabi/lib/thumb/v7-m/libc_nano.a(lib_a-stdio.o) (_close_r)
[...]
Memory Configuration

Name             Origin             Length             Attributes
FLASH            0x0000000000000000 0x0000000000060000 xr
RAM              0x0000000020000000 0x0000000000004000 xrw
RAM2             0x0000000020040000 0x0000000000004000 xrw
CCMRAM           0x0000000010000000 0x0000000000000000 xrw
FLASHB1          0x0000000000000000 0x0000000000000000 xr
EXTMEMB0         0x0000000000000000 0x0000000000000000 xr
EXTMEMB1         0x0000000000000000 0x0000000000000000 xr
EXTMEMB2         0x0000000000000000 0x0000000000000000 xr
EXTMEMB3         0x0000000000000000 0x0000000000000000 xr
FLASHC           0x00000000000007fc 0x0000000000000004 r
FLASHCODE        0x0000000000000800 0x0000000000032000 xr
*default*        0x0000000000000000 0xffffffffffffffff

Linker script and memory map

LOAD ./system/src/newlib/_cxx.o
LOAD ./system/src/newlib/_exit.o
LOAD ./system/src/newlib/_sbrk.o
LOAD ./system/src/newlib/_startup.o
LOAD ./system/src/newlib/_syscalls.o
LOAD ./system/src/newlib/assert.o
LOAD ./system/src/diag/Trace.o
LOAD ./system/src/diag/trace_impl.o
LOAD ./system/src/cortexm/_initialize_hardware.o
LOAD ./system/src/cortexm/_reset_hardware.o
LOAD ./system/src/cortexm/exception_handlers.o
LOAD ./system/src/cmsis/system_ADuCM350.o
LOAD ./system/src/cmsis/vectors_ADuCM350.o
LOAD ./system/src/cmsis/vetors_ADuCM350_old.o
LOAD ./system/src/ADuCM350/adi_nvic.o
LOAD ./system/src/ADuCM350/afe.o
LOAD ./system/src/ADuCM350/afe_lib.o
LOAD ./system/src/ADuCM350/beep.o
LOAD ./system/src/ADuCM350/captouch.o
LOAD ./system/src/ADuCM350/captouch_lib.o
LOAD ./system/src/ADuCM350/crc.o
LOAD ./system/src/ADuCM350/dma.o
LOAD ./system/src/ADuCM350/flash.o
LOAD ./system/src/ADuCM350/gpio.o
LOAD ./system/src/ADuCM350/gpt.o
LOAD ./system/src/ADuCM350/metrics.o
LOAD ./system/src/ADuCM350/pdi.o
LOAD ./system/src/ADuCM350/rng.o
LOAD ./system/src/ADuCM350/rtc.o
LOAD ./system/src/ADuCM350/spi.o
LOAD ./system/src/ADuCM350/uart.o
LOAD ./system/src/ADuCM350/wdt.o
LOAD ./system/src/ADuCM350/wut.o
LOAD ./src/PinMux.o
LOAD ./src/Timer.o
LOAD ./src/_write.o
LOAD ./src/crc32.o
LOAD ./src/main.o
LOAD ./src/test_common.o
LOAD /home/a/Downloads/firm/lib/libarm_cortexM3l_math.a
LOAD /usr/lib/gcc/arm-none-eabi/6.3.1/thumb/v7-m/libgcc.a
LOAD /usr/lib/gcc/arm-none-eabi/6.3.1/../../../arm-none-eabi/lib/thumb/v7-m/libc_nano.a
LOAD /home/a/Downloads/firm/lib/libm.a
START GROUP
LOAD /usr/lib/gcc/arm-none-eabi/6.3.1/../../../arm-none-eabi/lib/thumb/v7-m/librdimon.a
END GROUP
                0x0000000020004000                __stack = (ORIGIN (RAM) + LENGTH (RAM))
                0x0000000020004000                _estack = __stack
                0x0000000000000400                __Main_Stack_Size = 0x400
                [!provide]                        PROVIDE (_Main_Stack_Size, __Main_Stack_Size)
                0x0000000020003c00                __Main_Stack_Limit = (__stack - __Main_Stack_Size)
                [!provide]                        PROVIDE (_Main_Stack_Limit, __Main_Stack_Limit)
                0x0000000000000100                _Minimum_Stack_Size = 0x100
                0x0000000020001a20                PROVIDE (_Heap_Begin, _end_noinit)
                0x0000000020003c00                PROVIDE (_Heap_Limit, (__stack - __Main_Stack_Size))

.isr_vector     0x0000000000000000      0x392
 FILL mask 0xff
                0x0000000000000000                __vectors_start = ABSOLUTE (.)
                0x0000000000000000                __vectors_start__ = ABSOLUTE (.)
 *(.isr_vector)
 .isr_vector    0x0000000000000000      0x134 ./system/src/cmsis/vectors_ADuCM350.o
                0x0000000000000000                __vector_table
 .isr_vector    0x0000000000000134       0x44 ./system/src/cmsis/vetors_ADuCM350_old.o
                0x0000000000000134                __isr_vectors
 *(.cfmconfig)
 *(.after_vectors .after_vectors.*)
 .after_vectors
                0x0000000000000178      0x114 ./system/src/newlib/_startup.o
                0x0000000000000178                _start
 .after_vectors
                0x000000000000028c      0x104 ./system/src/cortexm/exception_handlers.o
                0x000000000000028c                Reset_Handler
                0x0000000000000292                NMI_Handler
                0x00000000000002aa                HardFault_Handler_C
                0x00000000000002e0                MemManage_Handler
                0x00000000000002f8                BusFault_Handler_C
                0x000000000000032c                UsageFault_Handler
                0x0000000000000340                UsageFault_Handler_C
                0x0000000000000374                SVC_Handler
                0x0000000000000378                DebugMon_Handler
                0x000000000000037c                PendSV_Handler
 .after_vectors
                0x0000000000000390        0x2 ./system/src/cmsis/vetors_ADuCM350_old.o
                0x0000000000000390                DeviceInterrupt_Handler
                0x0000000000000390                Default_Handler

.checksums      0x00000000000007fc        0x0
 FILL mask 0xff

.inits          0x0000000000000800       0x28
                0x0000000000000800                __data_regions_array_start = .
                0x0000000000000800        0x4 LONG 0x59d0 LOADADDR (.data)
                0x0000000000000804        0x4 LONG 0x20000000 ADDR (.data)
                0x0000000000000808        0x4 LONG 0x2000010c (ADDR (.data) + SIZEOF (.data))
                0x000000000000080c        0x4 LONG 0x394 LOADADDR (.data_CCMRAM)
                0x0000000000000810        0x4 LONG 0x10000000 ADDR (.data_CCMRAM)
                0x0000000000000814        0x4 LONG 0x10000000 (ADDR (.data_CCMRAM) + SIZEOF (.data_CCMRAM))
                0x0000000000000818                __data_regions_array_end = .
                0x0000000000000818                __bss_regions_array_start = .
                0x0000000000000818        0x4 LONG 0x20000200 ADDR (.bss)
                0x000000000000081c        0x4 LONG 0x20001a20 (ADDR (.bss) + SIZEOF (.bss))
                0x0000000000000820        0x4 LONG 0x10000000 ADDR (.bss_CCMRAM)
                0x0000000000000824        0x4 LONG 0x10000000 (ADDR (.bss_CCMRAM) + SIZEOF (.bss_CCMRAM))
                0x0000000000000828                __bss_regions_array_end = .
 *(.init)
 *(.fini)
                0x0000000000000828                . = ALIGN (0x4)
                0x0000000000000828                PROVIDE (__preinit_array_start, .)
 *(.preinit_array_sysinit .preinit_array_sysinit.*)
 *(.preinit_array_platform .preinit_array_platform.*)
 *(.preinit_array .preinit_array.*)
                0x0000000000000828                PROVIDE (__preinit_array_end, .)
                0x0000000000000828                . = ALIGN (0x4)
                0x0000000000000828                PROVIDE (__init_array_start, .)
 *(SORT(.init_array.*))
 *(.init_array)
                0x0000000000000828                PROVIDE (__init_array_end, .)
                0x0000000000000828                . = ALIGN (0x4)
                0x0000000000000828                PROVIDE (__fini_array_start, .)
 *(SORT(.fini_array.*))
 *(.fini_array)
                0x0000000000000828                PROVIDE (__fini_array_end, .)

.flashtext
 *(.flashtext .flashtext.*)

.text           0x0000000000000828     0x51a8
 *(.text .text.*)
 .text._exit    0x0000000000000828        0x2 ./system/src/newlib/_exit.o
                0x0000000000000828                _exit
 *fill*         0x000000000000082a        0x2 
 .text.abort    0x000000000000082c       0x14 ./system/src/newlib/_exit.o
                0x000000000000082c                abort
 .text._sbrk    0x0000000000000840       0x44 ./system/src/newlib/_sbrk.o
                0x0000000000000840                _sbrk
 .text.__initialize_args
                0x0000000000000884       0x10 ./system/src/newlib/_syscalls.o
                0x0000000000000884                __initialize_args
 .text.__assert_func
                0x0000000000000894       0x38 ./system/src/newlib/assert.o
                0x0000000000000894                __assert_func
 .text.trace_printf
                0x00000000000008cc       0x30 ./system/src/diag/Trace.o
                0x00000000000008cc                trace_printf
 .text.trace_puts
                0x00000000000008fc       0x20 ./system/src/diag/Trace.o
                0x00000000000008fc                trace_puts
 .text.trace_write
                0x000000000000091c        0x6 ./system/src/diag/trace_impl.o
                0x000000000000091c                trace_write
 *fill*         0x0000000000000922        0x2 
 .text.__initialize_hardware_early
                0x0000000000000924       0x18 ./system/src/cortexm/_initialize_hardware.o
                0x0000000000000924                __initialize_hardware_early
 .text.__initialize_hardware
                0x000000000000093c        0x8 ./system/src/cortexm/_initialize_hardware.o
                0x000000000000093c                __initialize_hardware
 .text.dumpExceptionStack
                0x0000000000000944       0xf4 ./system/src/cortexm/exception_handlers.o
                0x0000000000000944                dumpExceptionStack
 .text.SystemCoreClockUpdate
                0x0000000000000a38       0x74 ./system/src/cmsis/system_ADuCM350.o
                0x0000000000000a38                SystemCoreClockUpdate
 .text.SetSystemClockMux
                0x0000000000000aac       0xc4 ./system/src/cmsis/system_ADuCM350.o
                0x0000000000000aac                SetSystemClockMux
 .text.SystemInit
                0x0000000000000b70       0x8c ./system/src/cmsis/system_ADuCM350.o
                0x0000000000000b70                SystemInit
 .text.SetSystemClockDivider
                0x0000000000000bfc       0x4c ./system/src/cmsis/system_ADuCM350.o
                0x0000000000000bfc                SetSystemClockDivider
 .text.SystemEnterLowPowerMode
                0x0000000000000c48       0xa8 ./system/src/cmsis/system_ADuCM350.o
                0x0000000000000c48                SystemEnterLowPowerMode
 .text.SystemExitLowPowerMode
                0x0000000000000cf0       0x28 ./system/src/cmsis/system_ADuCM350.o
                0x0000000000000cf0                SystemExitLowPowerMode
 .text.NmiSR    0x0000000000000d18        0xc ./system/src/cmsis/vectors_ADuCM350.o
                0x0000000000000d18                NmiSR
 .text.WDog_Tmr_Int_Handler
                0x0000000000000d24        0xc ./system/src/cmsis/vectors_ADuCM350.o
                0x0000000000000d24                WDog_Tmr_Int_Handler
 .text.I2C0_Slave_Int_Handler
                0x0000000000000d30        0xc ./system/src/cmsis/vectors_ADuCM350.o
                0x0000000000000d30                I2C0_Slave_Int_Handler
 .text.I2C0_Master_Int_Handler
                0x0000000000000d3c        0xc ./system/src/cmsis/vectors_ADuCM350.o
                0x0000000000000d3c                I2C0_Master_Int_Handler
 .text.DMA_Err_Int_Handler
                0x0000000000000d48        0xc ./system/src/cmsis/vectors_ADuCM350.o
                0x0000000000000d48                DMA_Err_Int_Handler
 .text.DMA_UART_TX_Int_Handler
                0x0000000000000d54        0xc ./system/src/cmsis/vectors_ADuCM350.o
                0x0000000000000d54                DMA_UART_TX_Int_Handler
 .text.DMA_UART_RX_Int_Handler
                0x0000000000000d60        0xc ./system/src/cmsis/vectors_ADuCM350.o
                0x0000000000000d60                DMA_UART_RX_Int_Handler
 .text.DMA_I2C0_STX_Int_Handler
                0x0000000000000d6c        0xc ./system/src/cmsis/vectors_ADuCM350.o
                0x0000000000000d6c                DMA_I2C0_STX_Int_Handler
 .text.DMA_I2C0_SRX_Int_Handler
                0x0000000000000d78        0xc ./system/src/cmsis/vectors_ADuCM350.o
                0x0000000000000d78                DMA_I2C0_SRX_Int_Handler
 .text.DMA_I2C0_MX_Int_Handler
                0x0000000000000d84        0xc ./system/src/cmsis/vectors_ADuCM350.o
                0x0000000000000d84                DMA_I2C0_MX_Int_Handler
 .text.DMA_PDI_Int_Handler
                0x0000000000000d90        0xc ./system/src/cmsis/vectors_ADuCM350.o
                0x0000000000000d90                DMA_PDI_Int_Handler
 .text.DMA_I2S_Int_Handler
                0x0000000000000d9c        0xc ./system/src/cmsis/vectors_ADuCM350.o
                0x0000000000000d9c                DMA_I2S_Int_Handler
 .text.USB_Wakeup_Int_Handler
                0x0000000000000da8        0xc ./system/src/cmsis/vectors_ADuCM350.o
                0x0000000000000da8                USB_Wakeup_Int_Handler
 .text.USB_Control_Int_Handler
                0x0000000000000db4        0xc ./system/src/cmsis/vectors_ADuCM350.o
                0x0000000000000db4                USB_Control_Int_Handler
 .text.USB_DMA_Int_Handler
                0x0000000000000dc0        0xc ./system/src/cmsis/vectors_ADuCM350.o
                0x0000000000000dc0                USB_DMA_Int_Handler
 .text.I2S_Int_Handler
                0x0000000000000dcc        0xc ./system/src/cmsis/vectors_ADuCM350.o
                0x0000000000000dcc                I2S_Int_Handler
 .text.RTC_Int_Handler
                0x0000000000000dd8        0xc ./system/src/cmsis/vectors_ADuCM350.o
                0x0000000000000dd8                RTC_Int_Handler
 .text.LCD_Int_Handler
                0x0000000000000de4        0xc ./system/src/cmsis/vectors_ADuCM350.o
                0x0000000000000de4                LCD_Int_Handler
 .text.XTAL_Int_Handler
                0x0000000000000df0        0xc ./system/src/cmsis/vectors_ADuCM350.o
                0x0000000000000df0                XTAL_Int_Handler
 .text.PLL_Int_Handler
                0x0000000000000dfc        0xc ./system/src/cmsis/vectors_ADuCM350.o
                0x0000000000000dfc                PLL_Int_Handler
 .text.PDI_Int_Handler
                0x0000000000000e08        0xc ./system/src/cmsis/vectors_ADuCM350.o
                0x0000000000000e08                PDI_Int_Handler
 .text.RESERVED_VECTOR
                0x0000000000000e14        0xc ./system/src/cmsis/vectors_ADuCM350.o
                0x0000000000000e14                RESERVED_VECTOR
 .text.ResetISR
                0x0000000000000e20       0x40 ./system/src/cmsis/vectors_ADuCM350.o
                0x0000000000000e20                ResetISR
 .text.adi_AFE_ProgramRxDMA
                0x0000000000000e60       0x32 ./system/src/ADuCM350/afe.o
                0x0000000000000e60                adi_AFE_ProgramRxDMA
 *fill*         0x0000000000000e92        0x2 
 .text.adi_AFE_EnableInterruptSource
                0x0000000000000e94       0x7c ./system/src/ADuCM350/afe.o
                0x0000000000000e94                adi_AFE_EnableInterruptSource
 .text.adi_AFE_ClearInterruptSource
                0x0000000000000f10       0x34 ./system/src/ADuCM350/afe.o
                0x0000000000000f10                adi_AFE_ClearInterruptSource
 .text.AFE_Capture_Int_Handler
                0x0000000000000f44       0xc4 ./system/src/ADuCM350/afe.o
                0x0000000000000f44                AFE_Capture_Int_Handler
 .text.AFE_Generate_Int_Handler
                0x0000000000001008       0x7c ./system/src/ADuCM350/afe.o
                0x0000000000001008                AFE_Generate_Int_Handler
 .text.AFE_CmdFIFO_Int_Handler
                0x0000000000001084       0xfc ./system/src/ADuCM350/afe.o
                0x0000000000001084                AFE_CmdFIFO_Int_Handler
 .text.AFE_DataFIFO_Int_Handler
                0x0000000000001180       0xb4 ./system/src/ADuCM350/afe.o
                0x0000000000001180                AFE_DataFIFO_Int_Handler
 .text.DMA_AFE_TX_Int_Handler
                0x0000000000001234       0x2c ./system/src/ADuCM350/afe.o
                0x0000000000001234                DMA_AFE_TX_Int_Handler
 .text.DMA_AFE_RX_Int_Handler
                0x0000000000001260       0xdc ./system/src/ADuCM350/afe.o
                0x0000000000001260                DMA_AFE_RX_Int_Handler
 .text.adi_Beep_SetInterruptStatus
                0x000000000000133c       0x1a ./system/src/ADuCM350/beep.o
                0x000000000000133c                adi_Beep_SetInterruptStatus
 *fill*         0x0000000000001356        0x2 
 .text.Beep_Int_Handler
                0x0000000000001358       0x90 ./system/src/ADuCM350/beep.o
                0x0000000000001358                Beep_Int_Handler
 .text.CapTouch_Int_Handler
                0x00000000000013e8       0x3c ./system/src/ADuCM350/captouch.o
                0x00000000000013e8                CapTouch_Int_Handler
 .text.DMA_CRC_Int_Handler
                0x0000000000001424       0x50 ./system/src/ADuCM350/crc.o
                0x0000000000001424                DMA_CRC_Int_Handler
 .text.adi_DMA_Init
                0x0000000000001474       0xac ./system/src/ADuCM350/dma.o
                0x0000000000001474                adi_DMA_Init
 .text.adi_DMA_UnInit
                0x0000000000001520       0x44 ./system/src/ADuCM350/dma.o
                0x0000000000001520                adi_DMA_UnInit
 .text.adi_DMA_SetChannelAssign
                0x0000000000001564       0x20 ./system/src/ADuCM350/dma.o
                0x0000000000001564                adi_DMA_SetChannelAssign
 .text.adi_DMA_SubmitTransfer
                0x0000000000001584      0x10c ./system/src/ADuCM350/dma.o
                0x0000000000001584                adi_DMA_SubmitTransfer
 .text.adi_DMA_ReSubmit
                0x0000000000001690       0x3c ./system/src/ADuCM350/dma.o
                0x0000000000001690                adi_DMA_ReSubmit
 .text.cmdResult
                0x00000000000016cc       0x28 ./system/src/ADuCM350/flash.o
 .text.flashInterruptCommon
                0x00000000000016f4       0x12 ./system/src/ADuCM350/flash.o
 .text.doCmd    0x0000000000001706       0x36 ./system/src/ADuCM350/flash.o
 .text.Flash0_Int_Handler
                0x000000000000173c       0x10 ./system/src/ADuCM350/flash.o
                0x000000000000173c                Flash0_Int_Handler
 .text.Flash1_Int_Handler
                0x000000000000174c       0x10 ./system/src/ADuCM350/flash.o
                0x000000000000174c                Flash1_Int_Handler
 .text.GPFlash_Int_Handler
                0x000000000000175c       0x10 ./system/src/ADuCM350/flash.o
                0x000000000000175c                GPFlash_Int_Handler
 .text.adi_FEE_Init
                0x000000000000176c       0xe8 ./system/src/ADuCM350/flash.o
                0x000000000000176c                adi_FEE_Init
 .text.adi_FEE_UnInit
                0x0000000000001854       0x50 ./system/src/ADuCM350/flash.o
                0x0000000000001854                adi_FEE_UnInit
 .text.adi_FEE_PageErase
                0x00000000000018a4       0x44 ./system/src/ADuCM350/flash.o
                0x00000000000018a4                adi_FEE_PageErase
 .text.adi_FEE_MassErase
                0x00000000000018e8       0x32 ./system/src/ADuCM350/flash.o
                0x00000000000018e8                adi_FEE_MassErase
 .text.adi_FEE_VerifySignature
                0x000000000000191a       0x78 ./system/src/ADuCM350/flash.o
                0x000000000000191a                adi_FEE_VerifySignature
 .text.adi_FEE_Abort
                0x0000000000001992       0x1a ./system/src/ADuCM350/flash.o
                0x0000000000001992                adi_FEE_Abort
 .text.adi_FEE_Write
                0x00000000000019ac       0xa4 ./system/src/ADuCM350/flash.o
                0x00000000000019ac                adi_FEE_Write
 .text.adi_FEE_SubmitTxBuffer
                0x0000000000001a50       0x84 ./system/src/ADuCM350/flash.o
                0x0000000000001a50                adi_FEE_SubmitTxBuffer
 .text.adi_FEE_GetTxBuffer
                0x0000000000001ad4       0x74 ./system/src/ADuCM350/flash.o
                0x0000000000001ad4                adi_FEE_GetTxBuffer
 .text.adi_FEE_GetPageNumber
                0x0000000000001b48       0x18 ./system/src/ADuCM350/flash.o
                0x0000000000001b48                adi_FEE_GetPageNumber
 .text.adi_FEE_SetParityChecking
                0x0000000000001b60       0x6c ./system/src/ADuCM350/flash.o
                0x0000000000001b60                adi_FEE_SetParityChecking
 .text.adi_FEE_SetInterruptAbort
                0x0000000000001bcc       0x66 ./system/src/ADuCM350/flash.o
                0x0000000000001bcc                adi_FEE_SetInterruptAbort
 *fill*         0x0000000000001c32        0x2 
 .text.adi_GPIO_ClearIRQ
                0x0000000000001c34       0x14 ./system/src/ADuCM350/gpio.o
                0x0000000000001c34                adi_GPIO_ClearIRQ
 .text.adi_GPIO_SetHigh
                0x0000000000001c48        0x6 ./system/src/ADuCM350/gpio.o
                0x0000000000001c48                adi_GPIO_SetHigh
 .text.adi_GPIO_SetLow
                0x0000000000001c4e        0x6 ./system/src/ADuCM350/gpio.o
                0x0000000000001c4e                adi_GPIO_SetLow
 .text.CommonInterruptHandler
                0x0000000000001c54       0x74 ./system/src/ADuCM350/gpio.o
                0x0000000000001c54                CommonInterruptHandler
 .text.Ext_Int0_Handler
                0x0000000000001cc8        0xc ./system/src/ADuCM350/gpio.o
                0x0000000000001cc8                Ext_Int0_Handler
 .text.Ext_Int1_Handler
                0x0000000000001cd4        0xc ./system/src/ADuCM350/gpio.o
                0x0000000000001cd4                Ext_Int1_Handler
 .text.Ext_Int2_Handler
                0x0000000000001ce0        0xc ./system/src/ADuCM350/gpio.o
                0x0000000000001ce0                Ext_Int2_Handler
 .text.Ext_Int3_Handler
                0x0000000000001cec        0xc ./system/src/ADuCM350/gpio.o
                0x0000000000001cec                Ext_Int3_Handler
 .text.Ext_Int4_Handler
                0x0000000000001cf8        0xc ./system/src/ADuCM350/gpio.o
                0x0000000000001cf8                Ext_Int4_Handler
 .text.Ext_Int5_Handler
                0x0000000000001d04        0xc ./system/src/ADuCM350/gpio.o
                0x0000000000001d04                Ext_Int5_Handler
 .text.Ext_Int6_Handler
                0x0000000000001d10        0xc ./system/src/ADuCM350/gpio.o
                0x0000000000001d10                Ext_Int6_Handler
 .text.Ext_Int7_Handler
                0x0000000000001d1c        0xc ./system/src/ADuCM350/gpio.o
                0x0000000000001d1c                Ext_Int7_Handler
 .text.Ext_Int8_Handler
                0x0000000000001d28        0xc ./system/src/ADuCM350/gpio.o
                0x0000000000001d28                Ext_Int8_Handler
 .text.GPIO_A_Int_Handler
                0x0000000000001d34        0xc ./system/src/ADuCM350/gpio.o
                0x0000000000001d34                GPIO_A_Int_Handler
 .text.GPIO_B_Int_Handler
                0x0000000000001d40        0xc ./system/src/ADuCM350/gpio.o
                0x0000000000001d40                GPIO_B_Int_Handler
 .text.CommonIntHandler
                0x0000000000001d4c       0x36 ./system/src/ADuCM350/gpt.o
 *fill*         0x0000000000001d82        0x2 
 .text.GP_Tmr0_Int_Handler
                0x0000000000001d84       0x10 ./system/src/ADuCM350/gpt.o
                0x0000000000001d84                GP_Tmr0_Int_Handler
 .text.GP_Tmr1_Int_Handler
                0x0000000000001d94       0x10 ./system/src/ADuCM350/gpt.o
                0x0000000000001d94                GP_Tmr1_Int_Handler
 .text.GP_Tmr2_Int_Handler
                0x0000000000001da4       0x10 ./system/src/ADuCM350/gpt.o
                0x0000000000001da4                GP_Tmr2_Int_Handler
 .text.Random_Int_Handler
                0x0000000000001db4       0x48 ./system/src/ADuCM350/rng.o
                0x0000000000001db4                Random_Int_Handler
 .text.AssertChipSelect
                0x0000000000001dfc       0x38 ./system/src/ADuCM350/spi.o
 .text.common_SPI_Int_Handler
                0x0000000000001e34       0xaa ./system/src/ADuCM350/spi.o
 *fill*         0x0000000000001ede        0x2 
 .text.SPI0_Int_Handler
                0x0000000000001ee0       0x10 ./system/src/ADuCM350/spi.o
                0x0000000000001ee0                SPI0_Int_Handler
 .text.SPI1_Int_Handler
                0x0000000000001ef0       0x10 ./system/src/ADuCM350/spi.o
                0x0000000000001ef0                SPI1_Int_Handler
 .text.SPIH_Int_Handler
                0x0000000000001f00       0x10 ./system/src/ADuCM350/spi.o
                0x0000000000001f00                SPIH_Int_Handler
 .text.DMA_SPI0_TX_Int_Handler
                0x0000000000001f10       0x10 ./system/src/ADuCM350/spi.o
                0x0000000000001f10                DMA_SPI0_TX_Int_Handler
 .text.DMA_SPI0_RX_Int_Handler
                0x0000000000001f20       0x10 ./system/src/ADuCM350/spi.o
                0x0000000000001f20                DMA_SPI0_RX_Int_Handler
 .text.DMA_SPI1_TX_Int_Handler
                0x0000000000001f30       0x14 ./system/src/ADuCM350/spi.o
                0x0000000000001f30                DMA_SPI1_TX_Int_Handler
 .text.DMA_SPI1_RX_Int_Handler
                0x0000000000001f44       0x14 ./system/src/ADuCM350/spi.o
                0x0000000000001f44                DMA_SPI1_RX_Int_Handler
 .text.DMA_SPIH_TX_Int_Handler
                0x0000000000001f58       0x14 ./system/src/ADuCM350/spi.o
                0x0000000000001f58                DMA_SPIH_TX_Int_Handler
 .text.DMA_SPIH_RX_Int_Handler
                0x0000000000001f6c       0x14 ./system/src/ADuCM350/spi.o
                0x0000000000001f6c                DMA_SPIH_RX_Int_Handler
 .text.UART_RX_Status_Handler
                0x0000000000001f80        0x8 ./system/src/ADuCM350/uart.o
 .text.UART_Int_Handler
                0x0000000000001f88       0xbc ./system/src/ADuCM350/uart.o
                0x0000000000001f88                UART_Int_Handler
 .text.adi_WDT_UnInit
                0x0000000000002044       0x28 ./system/src/ADuCM350/wdt.o
                0x0000000000002044                adi_WDT_UnInit
 .text.adi_WDT_SetEnable
                0x000000000000206c       0x4c ./system/src/ADuCM350/wdt.o
                0x000000000000206c                adi_WDT_SetEnable
 .text.adi_WDT_ResetTimer
                0x00000000000020b8       0x34 ./system/src/ADuCM350/wdt.o
                0x00000000000020b8                adi_WDT_ResetTimer
 .text.adi_WDT_Init
                0x00000000000020ec       0x80 ./system/src/ADuCM350/wdt.o
                0x00000000000020ec                adi_WDT_Init
 .text.adi_WUT_Init
                0x000000000000216c       0xa0 ./system/src/ADuCM350/wut.o
                0x000000000000216c                adi_WUT_Init
 .text.adi_WUT_SetClockSelect
                0x000000000000220c       0x24 ./system/src/ADuCM350/wut.o
                0x000000000000220c                adi_WUT_SetClockSelect
 .text.adi_WUT_SetInterruptEnable
                0x0000000000002230       0x26 ./system/src/ADuCM350/wut.o
                0x0000000000002230                adi_WUT_SetInterruptEnable
 .text.adi_WUT_GetInterruptEnable
                0x0000000000002256       0x12 ./system/src/ADuCM350/wut.o
                0x0000000000002256                adi_WUT_GetInterruptEnable
 .text.adi_WUT_SetPrescaler
                0x0000000000002268       0x20 ./system/src/ADuCM350/wut.o
                0x0000000000002268                adi_WUT_SetPrescaler
 .text.adi_WUT_SetTimerEnable
                0x0000000000002288       0x26 ./system/src/ADuCM350/wut.o
                0x0000000000002288                adi_WUT_SetTimerEnable
 .text.adi_WUT_GetTimerEnable
                0x00000000000022ae        0xa ./system/src/ADuCM350/wut.o
                0x00000000000022ae                adi_WUT_GetTimerEnable
 .text.adi_WUT_SetComparator
                0x00000000000022b8       0x8c ./system/src/ADuCM350/wut.o
                0x00000000000022b8                adi_WUT_SetComparator
 .text.adi_WUT_SetTimerMode
                0x0000000000002344       0x26 ./system/src/ADuCM350/wut.o
                0x0000000000002344                adi_WUT_SetTimerMode
 .text.adi_WUT_ClearInterruptFlag
                0x000000000000236a        0xc ./system/src/ADuCM350/wut.o
                0x000000000000236a                adi_WUT_ClearInterruptFlag
 .text.adi_WUT_RegisterCallback
                0x0000000000002376        0x8 ./system/src/ADuCM350/wut.o
                0x0000000000002376                adi_WUT_RegisterCallback
 *fill*         0x000000000000237e        0x2 
 .text.WakeUp_Int_Handler
                0x0000000000002380       0x38 ./system/src/ADuCM350/wut.o
                0x0000000000002380                WakeUp_Int_Handler
 .text.crc_reflect
                0x00000000000023b8       0x24 ./src/crc32.o
                0x00000000000023b8                crc_reflect
 .text.crc_update
                0x00000000000023dc       0x28 ./src/crc32.o
                0x00000000000023dc                crc_update
 .text.wutCallback
                0x0000000000002404       0x20 ./src/main.o
 .text.verifyFlash
                0x0000000000002424       0xbc ./src/main.o
 .text.verifyFlashErased
                0x00000000000024e0       0x38 ./src/main.o
 .text.InitializeWUT
                0x0000000000002518       0xc4 ./src/main.o
 .text.erasePages
                0x00000000000025dc       0x8c ./src/main.o
 .text.checkAndErase
                0x0000000000002668       0x90 ./src/main.o
 .text.eraseSignaturePage
                0x00000000000026f8       0x5c ./src/main.o
 .text.writeFlash
                0x0000000000002754       0x88 ./src/main.o
 .text.testParityChecking
                0x00000000000027dc      0x130 ./src/main.o
 .text.checkSignatures
                0x000000000000290c       0xfc ./src/main.o
 .text.crcBlock
                0x0000000000002a08       0x32 ./src/main.o
 *fill*         0x0000000000002a3a        0x2 
 .text.massErase
                0x0000000000002a3c       0x18 ./src/main.o
 .text.testFlash
                0x0000000000002a54      0x2a4 ./src/main.o
 .text.HardFault_Handler
                0x0000000000002cf8       0x10 ./src/main.o
                0x0000000000002cf8                HardFault_Handler
 .text.BusFault_Handler
                0x0000000000002d08       0x10 ./src/main.o
                0x0000000000002d08                BusFault_Handler
 .text.Parity_Int_Handler
                0x0000000000002d18       0x50 ./src/main.o
                0x0000000000002d18                Parity_Int_Handler
 .text.SysTick_Handler
                0x0000000000002d68       0x24 ./src/main.o
                0x0000000000002d68                SysTick_Handler
 .text.main     0x0000000000002d8c      0x138 ./src/main.o
                0x0000000000002d8c                main
 .text.quit     0x0000000000002ec4        0xa ./src/test_common.o
 .text.test_Pass
                0x0000000000002ece        0x8 ./src/test_common.o
                0x0000000000002ece                test_Pass
 .text.test_Fail
                0x0000000000002ed6        0x8 ./src/test_common.o
                0x0000000000002ed6                test_Fail
 *fill*         0x0000000000002ede        0x2 
 .text.test_Init
                0x0000000000002ee0       0x4c ./src/test_common.o
                0x0000000000002ee0                test_Init
 .text.test_Perf
                0x0000000000002f2c        0x2 ./src/test_common.o
                0x0000000000002f2c                test_Perf
 *fill*         0x0000000000002f2e        0x2 
 .text          0x0000000000002f30        0xc /usr/lib/gcc/arm-none-eabi/6.3.1/../../../arm-none-eabi/lib/thumb/v7-m/libc_nano.a(lib_a-errno.o)
                0x0000000000002f30                __errno
 .text          0x0000000000002f3c       0xec /usr/lib/gcc/arm-none-eabi/6.3.1/../../../arm-none-eabi/lib/thumb/v7-m/libc_nano.a(lib_a-memcpy.o)
                0x0000000000002f3c                memcpy
 .text          0x0000000000003028       0xd8 /usr/lib/gcc/arm-none-eabi/6.3.1/../../../arm-none-eabi/lib/thumb/v7-m/libc_nano.a(lib_a-rand.o)
                0x0000000000003028                srand
                0x0000000000003074                rand
 .text          0x0000000000003100       0x80 /usr/lib/gcc/arm-none-eabi/6.3.1/../../../arm-none-eabi/lib/thumb/v7-m/libc_nano.a(lib_a-sprintf.o)
                0x0000000000003100                _siprintf_r
                0x0000000000003100                _sprintf_r
                0x000000000000313c                sprintf
                0x000000000000313c                siprintf
 .text          0x0000000000003180       0x8c /usr/lib/gcc/arm-none-eabi/6.3.1/../../../arm-none-eabi/lib/thumb/v7-m/libc_nano.a(lib_a-stdio.o)
                0x0000000000003180                __sread
                0x00000000000031a4                __seofread
                0x00000000000031a8                __swrite
                0x00000000000031e4                __sseek
                0x0000000000003204                __sclose
 .text          0x000000000000320c       0x5c /usr/lib/gcc/arm-none-eabi/6.3.1/../../../arm-none-eabi/lib/thumb/v7-m/libc_nano.a(lib_a-strlen-stub.o)
                0x000000000000320c                strlen
 .text          0x0000000000003268       0x8c /usr/lib/gcc/arm-none-eabi/6.3.1/../../../arm-none-eabi/lib/thumb/v7-m/libc_nano.a(lib_a-vsnprintf.o)
                0x0000000000003268                _vsnprintf_r
                0x0000000000003268                _vsniprintf_r
                0x00000000000032d4                vsnprintf
                0x00000000000032d4                vsniprintf
 .text          0x00000000000032f4       0x2c /usr/lib/gcc/arm-none-eabi/6.3.1/../../../arm-none-eabi/lib/thumb/v7-m/libc_nano.a(lib_a-writer.o)
                0x00000000000032f4                _write_r
 .text          0x0000000000003320       0x24 /usr/lib/gcc/arm-none-eabi/6.3.1/../../../arm-none-eabi/lib/thumb/v7-m/libc_nano.a(lib_a-closer.o)
                0x0000000000003320                _close_r
 .text          0x0000000000003344      0x210 /usr/lib/gcc/arm-none-eabi/6.3.1/../../../arm-none-eabi/lib/thumb/v7-m/libc_nano.a(lib_a-findfp.o)
                0x0000000000003348                _cleanup_r
                0x0000000000003358                __sfmoreglue
                0x0000000000003388                __sfp
                0x0000000000003500                _cleanup
                0x0000000000003514                __sinit
                0x000000000000351c                __sfp_lock_acquire
                0x0000000000003520                __sfp_lock_release
                0x0000000000003524                __sinit_lock_acquire
                0x0000000000003528                __sinit_lock_release
                0x000000000000352c                __fp_lock_all
                0x0000000000003540                __fp_unlock_all
 .text          0x0000000000003554       0x98 /usr/lib/gcc/arm-none-eabi/6.3.1/../../../arm-none-eabi/lib/thumb/v7-m/libc_nano.a(lib_a-fwalk.o)
                0x0000000000003554                _fwalk
                0x000000000000359c                _fwalk_reent
 .text          0x00000000000035ec       0x2c /usr/lib/gcc/arm-none-eabi/6.3.1/../../../arm-none-eabi/lib/thumb/v7-m/libc_nano.a(lib_a-lseekr.o)
                0x00000000000035ec                _lseek_r
 .text          0x0000000000003618       0x20 /usr/lib/gcc/arm-none-eabi/6.3.1/../../../arm-none-eabi/lib/thumb/v7-m/libc_nano.a(lib_a-malloc.o)
                0x0000000000003618                malloc
                0x0000000000003628                free
 .text          0x0000000000003638       0x94 /usr/lib/gcc/arm-none-eabi/6.3.1/../../../arm-none-eabi/lib/thumb/v7-m/libc_nano.a(lib_a-memset.o)
                0x0000000000003638                memset
 .text          0x00000000000036cc       0xa8 /usr/lib/gcc/arm-none-eabi/6.3.1/../../../arm-none-eabi/lib/thumb/v7-m/libc_nano.a(lib_a-nano-freer.o)
                0x00000000000036cc                _free_r
 .text          0x0000000000003774       0xc8 /usr/lib/gcc/arm-none-eabi/6.3.1/../../../arm-none-eabi/lib/thumb/v7-m/libc_nano.a(lib_a-nano-mallocr.o)
                0x0000000000003774                _malloc_r
 .text          0x000000000000383c      0x440 /usr/lib/gcc/arm-none-eabi/6.3.1/../../../arm-none-eabi/lib/thumb/v7-m/libc_nano.a(lib_a-nano-svfprintf.o)
                0x000000000000383c                __ssputs_r
                0x0000000000003900                __ssprint_r
                0x00000000000039f4                _svfprintf_r
                0x00000000000039f4                _svfiprintf_r
 .text          0x0000000000003c7c      0x3a0 /usr/lib/gcc/arm-none-eabi/6.3.1/../../../arm-none-eabi/lib/thumb/v7-m/libc_nano.a(lib_a-nano-vfprintf_i.o)
                0x0000000000003c7c                _printf_common
                0x0000000000003d98                _printf_i
 .text          0x000000000000401c       0x2c /usr/lib/gcc/arm-none-eabi/6.3.1/../../../arm-none-eabi/lib/thumb/v7-m/libc_nano.a(lib_a-readr.o)
                0x000000000000401c                _read_r
 .text          0x0000000000004048       0x24 /usr/lib/gcc/arm-none-eabi/6.3.1/../../../arm-none-eabi/lib/thumb/v7-m/libc_nano.a(lib_a-sbrkr.o)
                0x0000000000004048                _sbrk_r
 .text          0x000000000000406c      0x1bc /usr/lib/gcc/arm-none-eabi/6.3.1/../../../arm-none-eabi/lib/thumb/v7-m/libc_nano.a(lib_a-fflush.o)
                0x000000000000406c                __sflush_r
                0x00000000000041a4                _fflush_r
                0x0000000000004204                fflush
 .text          0x0000000000004228       0x8c /usr/lib/gcc/arm-none-eabi/6.3.1/../../../arm-none-eabi/lib/thumb/v7-m/libc_nano.a(lib_a-memchr-stub.o)
                0x0000000000004228                memchr
 .text          0x00000000000042b4       0xc4 /usr/lib/gcc/arm-none-eabi/6.3.1/../../../arm-none-eabi/lib/thumb/v7-m/libc_nano.a(lib_a-memmove.o)
                0x00000000000042b4                memmove
 .text          0x0000000000004378        0x8 /usr/lib/gcc/arm-none-eabi/6.3.1/../../../arm-none-eabi/lib/thumb/v7-m/libc_nano.a(lib_a-mlock.o)
                0x0000000000004378                __malloc_lock
                0x000000000000437c                __malloc_unlock
 .text          0x0000000000004380       0x4c /usr/lib/gcc/arm-none-eabi/6.3.1/../../../arm-none-eabi/lib/thumb/v7-m/libc_nano.a(lib_a-nano-reallocr.o)
                0x0000000000004380                _realloc_r
 .text          0x00000000000043cc       0x10 /usr/lib/gcc/arm-none-eabi/6.3.1/../../../arm-none-eabi/lib/thumb/v7-m/libc_nano.a(lib_a-nano-msizer.o)
                0x00000000000043cc                _malloc_usable_size_r
 .text          0x00000000000043dc      0x820 /usr/lib/gcc/arm-none-eabi/6.3.1/../../../arm-none-eabi/lib/thumb/v7-m/librdimon.a(rdimon-syscalls.o)
                0x000000000000442c                _swiread
                0x0000000000004454                _read
                0x00000000000044ac                _swilseek
                0x0000000000004550                _lseek
                0x0000000000004554                _swiwrite
                0x000000000000457c                _write
                0x00000000000045f4                _swiclose
                0x000000000000461c                _close
                0x000000000000468c                _getpid
                0x00000000000046e4                _swistat
                0x0000000000004730                _fstat
                0x000000000000474c                _stat
                0x0000000000004788                _swiopen
                0x000000000000485c                _open
                0x0000000000004870                _get_semihosting_exts
                0x0000000000004974                _has_ext_exit_extended
                0x000000000000498c                _has_ext_stdout_stderr
                0x00000000000049a4                initialise_monitor_handles
                0x0000000000004a94                _link
                0x0000000000004aa4                _unlink
                0x0000000000004ae0                _gettimeofday
                0x0000000000004b0c                _clock
                0x0000000000004b20                _times
                0x0000000000004b40                _isatty
                0x0000000000004b7c                _system
                0x0000000000004bc0                _rename
 *(.rodata .rodata.* .constdata .constdata.*)
 .rodata.abort.str1.4
                0x0000000000004bfc       0x14 ./system/src/newlib/_exit.o
 .rodata.__assert_func.str1.4
                0x0000000000004c10       0x3f ./system/src/newlib/assert.o
                                         0x43 (size before relaxing)
 .rodata.trace_puts.str1.4
                0x0000000000004c4f       0x3f ./system/src/diag/Trace.o
                                          0x2 (size before relaxing)
 *fill*         0x0000000000004c4f        0x1 
 .rodata.dumpExceptionStack.str1.4
                0x0000000000004c50      0x11a ./system/src/cortexm/exception_handlers.o
 *fill*         0x0000000000004d6a        0x2 
 .rodata.str1.4
                0x0000000000004d6c       0x2a ./system/src/cortexm/exception_handlers.o
 *fill*         0x0000000000004d96        0x2 
 .rodata        0x0000000000004d98       0x14 ./system/src/ADuCM350/gpio.o
 .rodata.gWdtStaticInitData
                0x0000000000004dac        0x6 ./system/src/ADuCM350/wdt.o
 *fill*         0x0000000000004db2        0x2 
 .rodata.gWutStaticInitData
                0x0000000000004db4       0x18 ./system/src/ADuCM350/wut.o
 .rodata.crc_table
                0x0000000000004dcc      0x400 ./src/crc32.o
 .rodata.BusFault_Handler.str1.4
                0x00000000000051cc        0xa ./src/main.o
 *fill*         0x00000000000051d6        0x2 
 .rodata.HardFault_Handler.str1.4
                0x00000000000051d8        0xb ./src/main.o
 *fill*         0x00000000000051e3        0x1 
 .rodata.InitializeWUT.str1.4
                0x00000000000051e4      0x155 ./src/main.o
 *fill*         0x0000000000005339        0x3 
 .rodata.Parity_Int_Handler.str1.4
                0x000000000000533c       0x29 ./src/main.o
 *fill*         0x0000000000005365        0x3 
 .rodata.__func__.11126
                0x0000000000005368        0xa ./src/main.o
 *fill*         0x0000000000005372        0x2 
 .rodata.checkAndErase.str1.4
                0x0000000000005374       0x25 ./src/main.o
 *fill*         0x0000000000005399        0x3 
 .rodata.checkSignatures.str1.4
                0x000000000000539c       0xa3 ./src/main.o
 *fill*         0x000000000000543f        0x1 
 .rodata.erasePages.str1.4
                0x0000000000005440       0x66 ./src/main.o
 *fill*         0x00000000000054a6        0x2 
 .rodata.main.str1.4
                0x00000000000054a8       0xbe ./src/main.o
 *fill*         0x0000000000005566        0x2 
 .rodata.massErase.str1.4
                0x0000000000005568       0x12 ./src/main.o
 *fill*         0x000000000000557a        0x2 
 .rodata.testFlash.str1.4
                0x000000000000557c      0x140 ./src/main.o
 .rodata.testParityChecking.str1.4
                0x00000000000056bc       0xf3 ./src/main.o
 *fill*         0x00000000000057af        0x1 
 .rodata.verifyFlash.str1.4
                0x00000000000057b0       0x4b ./src/main.o
 *fill*         0x00000000000057fb        0x1 
 .rodata.verifyFlashErased.str1.4
                0x00000000000057fc       0x23 ./src/main.o
 *fill*         0x000000000000581f        0x1 
 .rodata.writeFlash.str1.4
                0x0000000000005820       0x88 ./src/main.o
 .rodata.test_Init.str1.4
                0x00000000000058a8       0x6a ./src/test_common.o
 *fill*         0x0000000000005912        0x2 
 .rodata        0x0000000000005914        0x4 /usr/lib/gcc/arm-none-eabi/6.3.1/../../../arm-none-eabi/lib/thumb/v7-m/libc_nano.a(lib_a-impure.o)
                0x0000000000005914                _global_impure_ptr
 .rodata        0x0000000000005918       0x60 /usr/lib/gcc/arm-none-eabi/6.3.1/../../../arm-none-eabi/lib/thumb/v7-m/libc_nano.a(lib_a-findfp.o)
                0x0000000000005918                __sf_fake_stderr
                0x0000000000005938                __sf_fake_stdout
                0x0000000000005958                __sf_fake_stdin
 .rodata.str1.4
                0x0000000000005978       0x13 /usr/lib/gcc/arm-none-eabi/6.3.1/../../../arm-none-eabi/lib/thumb/v7-m/libc_nano.a(lib_a-nano-svfprintf.o)
 *fill*         0x000000000000598b        0x1 
 .rodata.str1.4
                0x000000000000598c       0x25 /usr/lib/gcc/arm-none-eabi/6.3.1/../../../arm-none-eabi/lib/thumb/v7-m/libc_nano.a(lib_a-nano-vfprintf_i.o)
 *fill*         0x00000000000059b1        0x3 
 .rodata.str1.4
                0x00000000000059b4       0x1c /usr/lib/gcc/arm-none-eabi/6.3.1/../../../arm-none-eabi/lib/thumb/v7-m/librdimon.a(rdimon-syscalls.o)
 *(vtable)
 *(.eh_frame*)
 *(.glue_7)
 .glue_7        0x00000000000059d0        0x0 linker stubs
 *(.glue_7t)
 .glue_7t       0x00000000000059d0        0x0 linker stubs

.vfp11_veneer   0x00000000000059d0        0x0
 .vfp11_veneer  0x00000000000059d0        0x0 linker stubs

.v4_bx          0x00000000000059d0        0x0
 .v4_bx         0x00000000000059d0        0x0 linker stubs

.iplt           0x00000000000059d0        0x0
 .iplt          0x00000000000059d0        0x0 ./system/src/newlib/_cxx.o

.rel.dyn        0x00000000000059d0        0x0
 .rel.iplt      0x00000000000059d0        0x0 ./system/src/newlib/_cxx.o

.ARM.extab
 *(.ARM.extab* .gnu.linkonce.armextab.*)
                0x00000000000059d0                . = ALIGN (0x4)
                0x00000000000059d0                __exidx_start = .

.ARM.exidx
 *(.ARM.exidx* .gnu.linkonce.armexidx.*)
                0x00000000000059d0                __exidx_end = .
                0x00000000000059d0                . = ALIGN (0x4)
                0x00000000000059d0                _etext = .
                0x00000000000059d0                __etext = .

.data_CCMRAM    0x0000000010000000        0x0 load address 0x0000000000000394
 FILL mask 0xff
 *(.data.CCMRAM .data.CCMRAM.*)
                0x0000000010000000                . = ALIGN (0x4)
                0x00000000000059d0                _sidata = LOADADDR (.data)

.data           0x0000000020000000      0x10c load address 0x00000000000059d0
 FILL mask 0xff
                0x0000000020000000                _sdata = .
                0x0000000020000000                __data_start__ = .
 *(.data_begin .data_begin.*)
 .data_begin    0x0000000020000000        0x4 ./system/src/newlib/_startup.o
 *(.data .data.*)
 .data.argv.4304
                0x0000000020000004        0x8 ./system/src/newlib/_syscalls.o
 .data.FEE_DevData
                0x000000002000000c       0x60 ./system/src/ADuCM350/flash.o
 .data.UART_DevData
                0x000000002000006c       0x2c ./system/src/ADuCM350/uart.o
 .data          0x0000000020000098       0x64 /usr/lib/gcc/arm-none-eabi/6.3.1/../../../arm-none-eabi/lib/thumb/v7-m/libc_nano.a(lib_a-impure.o)
                0x0000000020000098                _impure_ptr
 .data          0x00000000200000fc        0xc /usr/lib/gcc/arm-none-eabi/6.3.1/../../../arm-none-eabi/lib/thumb/v7-m/librdimon.a(rdimon-syscalls.o)
                0x00000000200000fc                __heap_limit
 *(.data_end .data_end.*)
 .data_end      0x0000000020000108        0x4 ./system/src/newlib/_startup.o
                0x000000002000010c                . = ALIGN (0x4)
                0x000000002000010c                _edata = .
                0x000000002000010c                __data_end__ = .

.igot.plt       0x000000002000010c        0x0 load address 0x0000000000005adc
 .igot.plt      0x000000002000010c        0x0 ./system/src/newlib/_cxx.o

.bss_CCMRAM     0x0000000010000000        0x0
 *(.bss.CCMRAM .bss.CCMRAM.*)

.bss            0x0000000020000200     0x1820
                0x0000000020000200                __bss_start__ = .
                0x0000000020000200                _sbss = .
 *(.bss_begin .bss_begin.*)
 .bss_begin     0x0000000020000200        0x4 ./system/src/newlib/_startup.o
 *(.bss .bss.*)
 .bss.current_heap_end.3955
                0x0000000020000204        0x4 ./system/src/newlib/_sbrk.o
 .bss.name.4303
                0x0000000020000208        0x1 ./system/src/newlib/_syscalls.o
 *fill*         0x0000000020000209        0x3 
 .bss.buf.5199  0x000000002000020c       0x80 ./system/src/diag/Trace.o
 .bss.gpioClock
                0x000000002000028c        0x4 ./system/src/cmsis/system_ADuCM350.o
 .bss.hfClock   0x0000000020000290        0x4 ./system/src/cmsis/system_ADuCM350.o
 .bss.privateIntOccFlag
                0x0000000020000294        0x1 ./system/src/cmsis/system_ADuCM350.o
 .bss.bufferInitialized.7021
                0x0000000020000295        0x1 ./system/src/ADuCM350/afe.o
 *fill*         0x0000000020000296        0x2 
 .bss.pNextBuffer.7022
                0x0000000020000298        0x4 ./system/src/ADuCM350/afe.o
 .bss.gBEEP_DevData
                0x000000002000029c       0x14 ./system/src/ADuCM350/beep.o
                0x000000002000029c                gBEEP_DevData
 .bss.CT_DevData
                0x00000000200002b0       0x14 ./system/src/ADuCM350/captouch.o
 .bss.DMA_DevData
                0x00000000200002c4        0xc ./system/src/ADuCM350/dma.o
                0x00000000200002c4                DMA_DevData
 *fill*         0x00000000200002d0      0x130 
 .bss.gChannelControlDataArray
                0x0000000020000400      0x200 ./system/src/ADuCM350/dma.o
 .bss.pDMABuffer
                0x0000000020000600        0x4 ./system/src/ADuCM350/flash.o
 .bss.adi_GPIO_Device
                0x0000000020000604       0x5c ./system/src/ADuCM350/gpio.o
 .bss.gGPT_DevData
                0x0000000020000660       0x30 ./system/src/ADuCM350/gpt.o
                0x0000000020000660                gGPT_DevData
 .bss.gRNG_DevData
                0x0000000020000690       0x14 ./system/src/ADuCM350/rng.o
                0x0000000020000690                gRNG_DevData
 .bss.WDT_DevData
                0x00000000200006a4        0x3 ./system/src/ADuCM350/wdt.o
 *fill*         0x00000000200006a7        0x1 
 .bss.WUT_DevData
                0x00000000200006a8       0x14 ./system/src/ADuCM350/wut.o
 .bss.buffer.11116
                0x00000000200006bc     0x1000 ./src/main.o
 .bss.hAbortFlashDevice
                0x00000000200016bc        0x4 ./src/main.o
 .bss.hWUT      0x00000000200016c0        0x4 ./src/main.o
 .bss.parityErrorOccurred
                0x00000000200016c4        0x1 ./src/main.o
 *fill*         0x00000000200016c5        0x3 
 .bss.strbuf    0x00000000200016c8      0x100 ./src/main.o
 .bss.tickCount
                0x00000000200017c8        0x4 ./src/main.o
 .bss.totalCount
                0x00000000200017cc        0x4 ./src/main.o
 .bss.wakeCount
                0x00000000200017d0        0x4 ./src/main.o
 .bss           0x00000000200017d4        0x8 /usr/lib/gcc/arm-none-eabi/6.3.1/../../../arm-none-eabi/lib/thumb/v7-m/libc_nano.a(lib_a-nano-mallocr.o)
                0x00000000200017d4                __malloc_free_list
                0x00000000200017d8                __malloc_sbrk_start
 .bss           0x00000000200017dc       0xb0 /usr/lib/gcc/arm-none-eabi/6.3.1/../../../arm-none-eabi/lib/thumb/v7-m/librdimon.a(rdimon-syscalls.o)
 *(COMMON)
 COMMON         0x000000002000188c        0x4 ./system/src/newlib/_syscalls.o
                0x000000002000188c                errno
 COMMON         0x0000000020001890       0x60 ./system/src/ADuCM350/afe.o
                0x0000000020001890                AFE_DevData
 COMMON         0x00000000200018f0       0x30 ./system/src/ADuCM350/crc.o
                0x00000000200018f0                CRC_DevData
                0x0000000020001908                gDmaDescriptor
 COMMON         0x0000000020001920       0xfc ./system/src/ADuCM350/spi.o
                0x0000000020001920                SPI_DevData
 *(.bss_end .bss_end.*)
 .bss_end       0x0000000020001a1c        0x4 ./system/src/newlib/_startup.o
                0x0000000020001a20                . = ALIGN (0x4)
                0x0000000020001a20                __bss_end__ = .
                0x0000000020001a20                _ebss = .

.noinit_CCMRAM
 *(.noinit.CCMRAM .noinit.CCMRAM.*)

.noinit         0x0000000020001a20        0x0
                0x0000000020001a20                _noinit = .
 *(.noinit .noinit.*)
                0x0000000020001a20                . = ALIGN (0x4)
                0x0000000020001a20                _end_noinit = .
                0x0000000020001a20                PROVIDE (end, _end_noinit)
                [!provide]                        PROVIDE (_end, _end_noinit)
                [!provide]                        PROVIDE (__end, _end_noinit)
                [!provide]                        PROVIDE (__end__, _end_noinit)

._check_stack   0x0000000020001a20      0x100
                0x0000000020001b20                . = (. + _Minimum_Stack_Size)
 *fill*         0x0000000020001a20      0x100 

.b1text
 *(.b1text)
 *(.b1rodata)
 *(.b1rodata.*)

.eb0text
 *(.eb0text)
 *(.eb0rodata)
 *(.eb0rodata.*)

.eb1text
 *(.eb1text)
 *(.eb1rodata)
 *(.eb1rodata.*)

.eb2text
 *(.eb2text)
 *(.eb2rodata)
 *(.eb2rodata.*)

.eb3text
 *(.eb3text)
 *(.eb3rodata)
 *(.eb3rodata.*)

.stab
 *(.stab)

.stabstr
 *(.stabstr)

.stab.excl
 *(.stab.excl)

.stab.exclstr
 *(.stab.exclstr)

.stab.index
 *(.stab.index)

.stab.indexstr
 *(.stab.indexstr)

.comment        0x0000000000000000       0x85
 *(.comment)
 .comment       0x0000000000000000       0x2e ./system/src/newlib/_exit.o
                                         0x2f (size before relaxing)
 .comment       0x000000000000002e       0x2f ./system/src/newlib/_sbrk.o
 .comment       0x000000000000002e       0x2f ./system/src/newlib/_startup.o
 .comment       0x000000000000002e       0x2f ./system/src/newlib/_syscalls.o
 .comment       0x000000000000002e       0x2f ./system/src/newlib/assert.o
 .comment       0x000000000000002e       0x2f ./system/src/diag/Trace.o
 .comment       0x000000000000002e       0x2f ./system/src/diag/trace_impl.o
 .comment       0x000000000000002e       0x2f ./system/src/cortexm/_initialize_hardware.o
 .comment       0x000000000000002e       0x2f ./system/src/cortexm/exception_handlers.o
 .comment       0x000000000000002e       0x2f ./system/src/cmsis/system_ADuCM350.o
 .comment       0x000000000000002e       0x2f ./system/src/cmsis/vectors_ADuCM350.o
 .comment       0x000000000000002e       0x2f ./system/src/cmsis/vetors_ADuCM350_old.o
 .comment       0x000000000000002e       0x2f ./system/src/ADuCM350/afe.o
 .comment       0x000000000000002e       0x2f ./system/src/ADuCM350/beep.o
 .comment       0x000000000000002e       0x2f ./system/src/ADuCM350/captouch.o
 .comment       0x000000000000002e       0x2f ./system/src/ADuCM350/crc.o
 .comment       0x000000000000002e       0x2f ./system/src/ADuCM350/dma.o
 .comment       0x000000000000002e       0x2f ./system/src/ADuCM350/flash.o
 .comment       0x000000000000002e       0x2f ./system/src/ADuCM350/gpio.o
 .comment       0x000000000000002e       0x2f ./system/src/ADuCM350/gpt.o
 .comment       0x000000000000002e       0x2f ./system/src/ADuCM350/rng.o
 .comment       0x000000000000002e       0x2f ./system/src/ADuCM350/spi.o
 .comment       0x000000000000002e       0x2f ./system/src/ADuCM350/uart.o
 .comment       0x000000000000002e       0x2f ./system/src/ADuCM350/wdt.o
 .comment       0x000000000000002e       0x2f ./system/src/ADuCM350/wut.o
 .comment       0x000000000000002e       0x2f ./src/crc32.o
 .comment       0x000000000000002e       0x2f ./src/main.o
 .comment       0x000000000000002e       0x2f ./src/test_common.o
 .comment       0x000000000000002e       0x57 /usr/lib/gcc/arm-none-eabi/6.3.1/../../../arm-none-eabi/lib/thumb/v7-m/libc_nano.a(lib_a-errno.o)
                                         0x58 (size before relaxing)
 .comment       0x0000000000000085       0x58 /usr/lib/gcc/arm-none-eabi/6.3.1/../../../arm-none-eabi/lib/thumb/v7-m/libc_nano.a(lib_a-impure.o)
 .comment       0x0000000000000085       0x58 /usr/lib/gcc/arm-none-eabi/6.3.1/../../../arm-none-eabi/lib/thumb/v7-m/libc_nano.a(lib_a-rand.o)
 .comment       0x0000000000000085       0x58 /usr/lib/gcc/arm-none-eabi/6.3.1/../../../arm-none-eabi/lib/thumb/v7-m/libc_nano.a(lib_a-sprintf.o)
 .comment       0x0000000000000085       0x58 /usr/lib/gcc/arm-none-eabi/6.3.1/../../../arm-none-eabi/lib/thumb/v7-m/libc_nano.a(lib_a-stdio.o)
 .comment       0x0000000000000085       0x58 /usr/lib/gcc/arm-none-eabi/6.3.1/../../../arm-none-eabi/lib/thumb/v7-m/libc_nano.a(lib_a-strlen-stub.o)
 .comment       0x0000000000000085       0x58 /usr/lib/gcc/arm-none-eabi/6.3.1/../../../arm-none-eabi/lib/thumb/v7-m/libc_nano.a(lib_a-vsnprintf.o)
 .comment       0x0000000000000085       0x58 /usr/lib/gcc/arm-none-eabi/6.3.1/../../../arm-none-eabi/lib/thumb/v7-m/libc_nano.a(lib_a-writer.o)
 .comment       0x0000000000000085       0x58 /usr/lib/gcc/arm-none-eabi/6.3.1/../../../arm-none-eabi/lib/thumb/v7-m/libc_nano.a(lib_a-closer.o)
 .comment       0x0000000000000085       0x58 /usr/lib/gcc/arm-none-eabi/6.3.1/../../../arm-none-eabi/lib/thumb/v7-m/libc_nano.a(lib_a-findfp.o)
 .comment       0x0000000000000085       0x58 /usr/lib/gcc/arm-none-eabi/6.3.1/../../../arm-none-eabi/lib/thumb/v7-m/libc_nano.a(lib_a-fwalk.o)
 .comment       0x0000000000000085       0x58 /usr/lib/gcc/arm-none-eabi/6.3.1/../../../arm-none-eabi/lib/thumb/v7-m/libc_nano.a(lib_a-lseekr.o)
 .comment       0x0000000000000085       0x58 /usr/lib/gcc/arm-none-eabi/6.3.1/../../../arm-none-eabi/lib/thumb/v7-m/libc_nano.a(lib_a-malloc.o)
 .comment       0x0000000000000085       0x58 /usr/lib/gcc/arm-none-eabi/6.3.1/../../../arm-none-eabi/lib/thumb/v7-m/libc_nano.a(lib_a-memset.o)
 .comment       0x0000000000000085       0x58 /usr/lib/gcc/arm-none-eabi/6.3.1/../../../arm-none-eabi/lib/thumb/v7-m/libc_nano.a(lib_a-nano-freer.o)
 .comment       0x0000000000000085       0x58 /usr/lib/gcc/arm-none-eabi/6.3.1/../../../arm-none-eabi/lib/thumb/v7-m/libc_nano.a(lib_a-nano-mallocr.o)
 .comment       0x0000000000000085       0x58 /usr/lib/gcc/arm-none-eabi/6.3.1/../../../arm-none-eabi/lib/thumb/v7-m/libc_nano.a(lib_a-nano-svfprintf.o)
 .comment       0x0000000000000085       0x58 /usr/lib/gcc/arm-none-eabi/6.3.1/../../../arm-none-eabi/lib/thumb/v7-m/libc_nano.a(lib_a-nano-vfprintf_i.o)
 .comment       0x0000000000000085       0x58 /usr/lib/gcc/arm-none-eabi/6.3.1/../../../arm-none-eabi/lib/thumb/v7-m/libc_nano.a(lib_a-readr.o)
 .comment       0x0000000000000085       0x58 /usr/lib/gcc/arm-none-eabi/6.3.1/../../../arm-none-eabi/lib/thumb/v7-m/libc_nano.a(lib_a-sbrkr.o)
 .comment       0x0000000000000085       0x58 /usr/lib/gcc/arm-none-eabi/6.3.1/../../../arm-none-eabi/lib/thumb/v7-m/libc_nano.a(lib_a-fflush.o)
 .comment       0x0000000000000085       0x58 /usr/lib/gcc/arm-none-eabi/6.3.1/../../../arm-none-eabi/lib/thumb/v7-m/libc_nano.a(lib_a-memchr-stub.o)
 .comment       0x0000000000000085       0x58 /usr/lib/gcc/arm-none-eabi/6.3.1/../../../arm-none-eabi/lib/thumb/v7-m/libc_nano.a(lib_a-memmove.o)
 .comment       0x0000000000000085       0x58 /usr/lib/gcc/arm-none-eabi/6.3.1/../../../arm-none-eabi/lib/thumb/v7-m/libc_nano.a(lib_a-mlock.o)
 .comment       0x0000000000000085       0x58 /usr/lib/gcc/arm-none-eabi/6.3.1/../../../arm-none-eabi/lib/thumb/v7-m/libc_nano.a(lib_a-nano-reallocr.o)
 .comment       0x0000000000000085       0x58 /usr/lib/gcc/arm-none-eabi/6.3.1/../../../arm-none-eabi/lib/thumb/v7-m/libc_nano.a(lib_a-nano-msizer.o)
 .comment       0x0000000000000085       0x58 /usr/lib/gcc/arm-none-eabi/6.3.1/../../../arm-none-eabi/lib/thumb/v7-m/librdimon.a(rdimon-syscalls.o)

.ARM.attributes
                0x0000000000000000       0x31
 .ARM.attributes
                0x0000000000000000       0x33 ./system/src/newlib/_exit.o
 .ARM.attributes
                0x0000000000000033       0x33 ./system/src/newlib/_sbrk.o
 .ARM.attributes
                0x0000000000000066       0x33 ./system/src/newlib/_startup.o
 .ARM.attributes
                0x0000000000000099       0x33 ./system/src/newlib/_syscalls.o
 .ARM.attributes
                0x00000000000000cc       0x33 ./system/src/newlib/assert.o
 .ARM.attributes
                0x00000000000000ff       0x33 ./system/src/diag/Trace.o
 .ARM.attributes
                0x0000000000000132       0x33 ./system/src/diag/trace_impl.o
 .ARM.attributes
                0x0000000000000165       0x33 ./system/src/cortexm/_initialize_hardware.o
 .ARM.attributes
                0x0000000000000198       0x33 ./system/src/cortexm/exception_handlers.o
 .ARM.attributes
                0x00000000000001cb       0x33 ./system/src/cmsis/system_ADuCM350.o
 .ARM.attributes
                0x00000000000001fe       0x33 ./system/src/cmsis/vectors_ADuCM350.o
 .ARM.attributes
                0x0000000000000231       0x33 ./system/src/cmsis/vetors_ADuCM350_old.o
 .ARM.attributes
                0x0000000000000264       0x33 ./system/src/ADuCM350/afe.o
 .ARM.attributes
                0x0000000000000297       0x33 ./system/src/ADuCM350/beep.o
 .ARM.attributes
                0x00000000000002ca       0x33 ./system/src/ADuCM350/captouch.o
 .ARM.attributes
                0x00000000000002fd       0x33 ./system/src/ADuCM350/crc.o
 .ARM.attributes
                0x0000000000000330       0x33 ./system/src/ADuCM350/dma.o
 .ARM.attributes
                0x0000000000000363       0x33 ./system/src/ADuCM350/flash.o
 .ARM.attributes
                0x0000000000000396       0x33 ./system/src/ADuCM350/gpio.o
 .ARM.attributes
                0x00000000000003c9       0x33 ./system/src/ADuCM350/gpt.o
 .ARM.attributes
                0x00000000000003fc       0x33 ./system/src/ADuCM350/rng.o
 .ARM.attributes
                0x000000000000042f       0x33 ./system/src/ADuCM350/spi.o
 .ARM.attributes
                0x0000000000000462       0x33 ./system/src/ADuCM350/uart.o
 .ARM.attributes
                0x0000000000000495       0x33 ./system/src/ADuCM350/wdt.o
 .ARM.attributes
                0x00000000000004c8       0x33 ./system/src/ADuCM350/wut.o
 .ARM.attributes
                0x00000000000004fb       0x33 ./src/crc32.o
 .ARM.attributes
                0x000000000000052e       0x33 ./src/main.o
 .ARM.attributes
                0x0000000000000561       0x33 ./src/test_common.o
 .ARM.attributes
                0x0000000000000594       0x2d /usr/lib/gcc/arm-none-eabi/6.3.1/../../../arm-none-eabi/lib/thumb/v7-m/libc_nano.a(lib_a-errno.o)
 .ARM.attributes
                0x00000000000005c1       0x2d /usr/lib/gcc/arm-none-eabi/6.3.1/../../../arm-none-eabi/lib/thumb/v7-m/libc_nano.a(lib_a-impure.o)
 .ARM.attributes
                0x00000000000005ee       0x1b /usr/lib/gcc/arm-none-eabi/6.3.1/../../../arm-none-eabi/lib/thumb/v7-m/libc_nano.a(lib_a-memcpy.o)
 .ARM.attributes
                0x0000000000000609       0x2d /usr/lib/gcc/arm-none-eabi/6.3.1/../../../arm-none-eabi/lib/thumb/v7-m/libc_nano.a(lib_a-rand.o)
 .ARM.attributes
                0x0000000000000636       0x2d /usr/lib/gcc/arm-none-eabi/6.3.1/../../../arm-none-eabi/lib/thumb/v7-m/libc_nano.a(lib_a-sprintf.o)
 .ARM.attributes
                0x0000000000000663       0x2d /usr/lib/gcc/arm-none-eabi/6.3.1/../../../arm-none-eabi/lib/thumb/v7-m/libc_nano.a(lib_a-stdio.o)
 .ARM.attributes
                0x0000000000000690       0x2d /usr/lib/gcc/arm-none-eabi/6.3.1/../../../arm-none-eabi/lib/thumb/v7-m/libc_nano.a(lib_a-strlen-stub.o)
 .ARM.attributes
                0x00000000000006bd       0x2d /usr/lib/gcc/arm-none-eabi/6.3.1/../../../arm-none-eabi/lib/thumb/v7-m/libc_nano.a(lib_a-vsnprintf.o)
 .ARM.attributes
                0x00000000000006ea       0x2d /usr/lib/gcc/arm-none-eabi/6.3.1/../../../arm-none-eabi/lib/thumb/v7-m/libc_nano.a(lib_a-writer.o)
 .ARM.attributes
                0x0000000000000717       0x2d /usr/lib/gcc/arm-none-eabi/6.3.1/../../../arm-none-eabi/lib/thumb/v7-m/libc_nano.a(lib_a-closer.o)
 .ARM.attributes
                0x0000000000000744       0x2d /usr/lib/gcc/arm-none-eabi/6.3.1/../../../arm-none-eabi/lib/thumb/v7-m/libc_nano.a(lib_a-findfp.o)
 .ARM.attributes
                0x0000000000000771       0x2d /usr/lib/gcc/arm-none-eabi/6.3.1/../../../arm-none-eabi/lib/thumb/v7-m/libc_nano.a(lib_a-fwalk.o)
 .ARM.attributes
                0x000000000000079e       0x2d /usr/lib/gcc/arm-none-eabi/6.3.1/../../../arm-none-eabi/lib/thumb/v7-m/libc_nano.a(lib_a-lseekr.o)
 .ARM.attributes
                0x00000000000007cb       0x2d /usr/lib/gcc/arm-none-eabi/6.3.1/../../../arm-none-eabi/lib/thumb/v7-m/libc_nano.a(lib_a-malloc.o)
 .ARM.attributes
                0x00000000000007f8       0x2d /usr/lib/gcc/arm-none-eabi/6.3.1/../../../arm-none-eabi/lib/thumb/v7-m/libc_nano.a(lib_a-memset.o)
 .ARM.attributes
                0x0000000000000825       0x2d /usr/lib/gcc/arm-none-eabi/6.3.1/../../../arm-none-eabi/lib/thumb/v7-m/libc_nano.a(lib_a-nano-freer.o)
 .ARM.attributes
                0x0000000000000852       0x2d /usr/lib/gcc/arm-none-eabi/6.3.1/../../../arm-none-eabi/lib/thumb/v7-m/libc_nano.a(lib_a-nano-mallocr.o)
 .ARM.attributes
                0x000000000000087f       0x2d /usr/lib/gcc/arm-none-eabi/6.3.1/../../../arm-none-eabi/lib/thumb/v7-m/libc_nano.a(lib_a-nano-svfprintf.o)
 .ARM.attributes
                0x00000000000008ac       0x2d /usr/lib/gcc/arm-none-eabi/6.3.1/../../../arm-none-eabi/lib/thumb/v7-m/libc_nano.a(lib_a-nano-vfprintf_i.o)
 .ARM.attributes
                0x00000000000008d9       0x2d /usr/lib/gcc/arm-none-eabi/6.3.1/../../../arm-none-eabi/lib/thumb/v7-m/libc_nano.a(lib_a-readr.o)
 .ARM.attributes
                0x0000000000000906       0x2d /usr/lib/gcc/arm-none-eabi/6.3.1/../../../arm-none-eabi/lib/thumb/v7-m/libc_nano.a(lib_a-sbrkr.o)
 .ARM.attributes
                0x0000000000000933       0x2d /usr/lib/gcc/arm-none-eabi/6.3.1/../../../arm-none-eabi/lib/thumb/v7-m/libc_nano.a(lib_a-fflush.o)
 .ARM.attributes
                0x0000000000000960       0x2d /usr/lib/gcc/arm-none-eabi/6.3.1/../../../arm-none-eabi/lib/thumb/v7-m/libc_nano.a(lib_a-memchr-stub.o)
 .ARM.attributes
                0x000000000000098d       0x2d /usr/lib/gcc/arm-none-eabi/6.3.1/../../../arm-none-eabi/lib/thumb/v7-m/libc_nano.a(lib_a-memmove.o)
 .ARM.attributes
                0x00000000000009ba       0x2d /usr/lib/gcc/arm-none-eabi/6.3.1/../../../arm-none-eabi/lib/thumb/v7-m/libc_nano.a(lib_a-mlock.o)
 .ARM.attributes
                0x00000000000009e7       0x2d /usr/lib/gcc/arm-none-eabi/6.3.1/../../../arm-none-eabi/lib/thumb/v7-m/libc_nano.a(lib_a-nano-reallocr.o)
 .ARM.attributes
                0x0000000000000a14       0x2d /usr/lib/gcc/arm-none-eabi/6.3.1/../../../arm-none-eabi/lib/thumb/v7-m/libc_nano.a(lib_a-nano-msizer.o)
 .ARM.attributes
                0x0000000000000a41       0x2d /usr/lib/gcc/arm-none-eabi/6.3.1/../../../arm-none-eabi/lib/thumb/v7-m/librdimon.a(rdimon-syscalls.o)

.debug
 *(.debug)

.line
 *(.line)

.debug_srcinfo
 *(.debug_srcinfo)

.debug_sfnames
 *(.debug_sfnames)

.debug_aranges  0x0000000000000000     0x1988
 *(.debug_aranges)
 .debug_aranges
                0x0000000000000000       0x28 ./system/src/newlib/_exit.o
 .debug_aranges
                0x0000000000000028       0x20 ./system/src/newlib/_sbrk.o
 .debug_aranges
                0x0000000000000048       0x40 ./system/src/newlib/_startup.o
 .debug_aranges
                0x0000000000000088       0x30 ./system/src/newlib/_syscalls.o
 .debug_aranges
                0x00000000000000b8       0x20 ./system/src/newlib/assert.o
 .debug_aranges
                0x00000000000000d8       0x38 ./system/src/diag/Trace.o
 .debug_aranges
                0x0000000000000110       0x28 ./system/src/diag/trace_impl.o
 .debug_aranges
                0x0000000000000138       0x28 ./system/src/cortexm/_initialize_hardware.o
 .debug_aranges
                0x0000000000000160       0x88 ./system/src/cortexm/exception_handlers.o
 .debug_aranges
                0x00000000000001e8       0xf0 ./system/src/cmsis/system_ADuCM350.o
 .debug_aranges
                0x00000000000002d8      0x248 ./system/src/cmsis/vectors_ADuCM350.o
 .debug_aranges
                0x0000000000000520       0x20 ./system/src/cmsis/vetors_ADuCM350_old.o
 .debug_aranges
                0x0000000000000540      0x1b8 ./system/src/ADuCM350/afe.o
 .debug_aranges
                0x00000000000006f8       0xa0 ./system/src/ADuCM350/beep.o
 .debug_aranges
                0x0000000000000798      0x308 ./system/src/ADuCM350/captouch.o
 .debug_aranges
                0x0000000000000aa0       0xa8 ./system/src/ADuCM350/crc.o
 .debug_aranges
                0x0000000000000b48       0x58 ./system/src/ADuCM350/dma.o
 .debug_aranges
                0x0000000000000ba0       0xd0 ./system/src/ADuCM350/flash.o
 .debug_aranges
                0x0000000000000c70      0x148 ./system/src/ADuCM350/gpio.o
 .debug_aranges
                0x0000000000000db8       0xe8 ./system/src/ADuCM350/gpt.o
 .debug_aranges
                0x0000000000000ea0       0x98 ./system/src/ADuCM350/rng.o
 .debug_aranges
                0x0000000000000f38      0x278 ./system/src/ADuCM350/spi.o
 .debug_aranges
                0x00000000000011b0      0x138 ./system/src/ADuCM350/uart.o
 .debug_aranges
                0x00000000000012e8       0xc8 ./system/src/ADuCM350/wdt.o
 .debug_aranges
                0x00000000000013b0       0xe0 ./system/src/ADuCM350/wut.o
 .debug_aranges
                0x0000000000001490       0x28 ./src/crc32.o
 .debug_aranges
                0x00000000000014b8      0x118 ./src/main.o
 .debug_aranges
                0x00000000000015d0       0x40 ./src/test_common.o
 .debug_aranges
                0x0000000000001610       0x20 /usr/lib/gcc/arm-none-eabi/6.3.1/../../../arm-none-eabi/lib/thumb/v7-m/libc_nano.a(lib_a-errno.o)
 .debug_aranges
                0x0000000000001630       0x18 /usr/lib/gcc/arm-none-eabi/6.3.1/../../../arm-none-eabi/lib/thumb/v7-m/libc_nano.a(lib_a-impure.o)
 .debug_aranges
                0x0000000000001648       0x20 /usr/lib/gcc/arm-none-eabi/6.3.1/../../../arm-none-eabi/lib/thumb/v7-m/libc_nano.a(lib_a-memcpy.o)
 .debug_aranges
                0x0000000000001668       0x20 /usr/lib/gcc/arm-none-eabi/6.3.1/../../../arm-none-eabi/lib/thumb/v7-m/libc_nano.a(lib_a-rand.o)
 .debug_aranges
                0x0000000000001688       0x20 /usr/lib/gcc/arm-none-eabi/6.3.1/../../../arm-none-eabi/lib/thumb/v7-m/libc_nano.a(lib_a-sprintf.o)
 .debug_aranges
                0x00000000000016a8       0x20 /usr/lib/gcc/arm-none-eabi/6.3.1/../../../arm-none-eabi/lib/thumb/v7-m/libc_nano.a(lib_a-stdio.o)
 .debug_aranges
                0x00000000000016c8       0x20 /usr/lib/gcc/arm-none-eabi/6.3.1/../../../arm-none-eabi/lib/thumb/v7-m/libc_nano.a(lib_a-strlen-stub.o)
 .debug_aranges
                0x00000000000016e8       0x20 /usr/lib/gcc/arm-none-eabi/6.3.1/../../../arm-none-eabi/lib/thumb/v7-m/libc_nano.a(lib_a-vsnprintf.o)
 .debug_aranges
                0x0000000000001708       0x20 /usr/lib/gcc/arm-none-eabi/6.3.1/../../../arm-none-eabi/lib/thumb/v7-m/libc_nano.a(lib_a-writer.o)
 .debug_aranges
                0x0000000000001728       0x20 /usr/lib/gcc/arm-none-eabi/6.3.1/../../../arm-none-eabi/lib/thumb/v7-m/libc_nano.a(lib_a-closer.o)
 .debug_aranges
                0x0000000000001748       0x20 /usr/lib/gcc/arm-none-eabi/6.3.1/../../../arm-none-eabi/lib/thumb/v7-m/libc_nano.a(lib_a-findfp.o)
 .debug_aranges
                0x0000000000001768       0x20 /usr/lib/gcc/arm-none-eabi/6.3.1/../../../arm-none-eabi/lib/thumb/v7-m/libc_nano.a(lib_a-fwalk.o)
 .debug_aranges
                0x0000000000001788       0x20 /usr/lib/gcc/arm-none-eabi/6.3.1/../../../arm-none-eabi/lib/thumb/v7-m/libc_nano.a(lib_a-lseekr.o)
 .debug_aranges
                0x00000000000017a8       0x20 /usr/lib/gcc/arm-none-eabi/6.3.1/../../../arm-none-eabi/lib/thumb/v7-m/libc_nano.a(lib_a-malloc.o)
 .debug_aranges
                0x00000000000017c8       0x20 /usr/lib/gcc/arm-none-eabi/6.3.1/../../../arm-none-eabi/lib/thumb/v7-m/libc_nano.a(lib_a-memset.o)
 .debug_aranges
                0x00000000000017e8       0x20 /usr/lib/gcc/arm-none-eabi/6.3.1/../../../arm-none-eabi/lib/thumb/v7-m/libc_nano.a(lib_a-nano-freer.o)
 .debug_aranges
                0x0000000000001808       0x20 /usr/lib/gcc/arm-none-eabi/6.3.1/../../../arm-none-eabi/lib/thumb/v7-m/libc_nano.a(lib_a-nano-mallocr.o)
 .debug_aranges
                0x0000000000001828       0x20 /usr/lib/gcc/arm-none-eabi/6.3.1/../../../arm-none-eabi/lib/thumb/v7-m/libc_nano.a(lib_a-nano-svfprintf.o)
 .debug_aranges
                0x0000000000001848       0x20 /usr/lib/gcc/arm-none-eabi/6.3.1/../../../arm-none-eabi/lib/thumb/v7-m/libc_nano.a(lib_a-nano-vfprintf_i.o)
 .debug_aranges
                0x0000000000001868       0x20 /usr/lib/gcc/arm-none-eabi/6.3.1/../../../arm-none-eabi/lib/thumb/v7-m/libc_nano.a(lib_a-readr.o)
 .debug_aranges
                0x0000000000001888       0x20 /usr/lib/gcc/arm-none-eabi/6.3.1/../../../arm-none-eabi/lib/thumb/v7-m/libc_nano.a(lib_a-sbrkr.o)
 .debug_aranges
                0x00000000000018a8       0x20 /usr/lib/gcc/arm-none-eabi/6.3.1/../../../arm-none-eabi/lib/thumb/v7-m/libc_nano.a(lib_a-fflush.o)
 .debug_aranges
                0x00000000000018c8       0x20 /usr/lib/gcc/arm-none-eabi/6.3.1/../../../arm-none-eabi/lib/thumb/v7-m/libc_nano.a(lib_a-memchr-stub.o)
 .debug_aranges
                0x00000000000018e8       0x20 /usr/lib/gcc/arm-none-eabi/6.3.1/../../../arm-none-eabi/lib/thumb/v7-m/libc_nano.a(lib_a-memmove.o)
 .debug_aranges
                0x0000000000001908       0x20 /usr/lib/gcc/arm-none-eabi/6.3.1/../../../arm-none-eabi/lib/thumb/v7-m/libc_nano.a(lib_a-mlock.o)
 .debug_aranges
                0x0000000000001928       0x20 /usr/lib/gcc/arm-none-eabi/6.3.1/../../../arm-none-eabi/lib/thumb/v7-m/libc_nano.a(lib_a-nano-reallocr.o)
 .debug_aranges
                0x0000000000001948       0x20 /usr/lib/gcc/arm-none-eabi/6.3.1/../../../arm-none-eabi/lib/thumb/v7-m/libc_nano.a(lib_a-nano-msizer.o)
 .debug_aranges
                0x0000000000001968       0x20 /usr/lib/gcc/arm-none-eabi/6.3.1/../../../arm-none-eabi/lib/thumb/v7-m/librdimon.a(rdimon-syscalls.o)

.debug_pubnames
 *(.debug_pubnames)

.debug_info     0x0000000000000000    0x39e13
 *(.debug_info .gnu.linkonce.wi.*)
 .debug_info    0x0000000000000000      0x952 ./system/src/newlib/_exit.o
 .debug_info    0x0000000000000952      0x93e ./system/src/newlib/_sbrk.o
 .debug_info    0x0000000000001290      0x435 ./system/src/newlib/_startup.o
 .debug_info    0x00000000000016c5      0xa15 ./system/src/newlib/_syscalls.o
 .debug_info    0x00000000000020da      0x97d ./system/src/newlib/assert.o
 .debug_info    0x0000000000002a57      0xb26 ./system/src/diag/Trace.o
 .debug_info    0x000000000000357d      0x162 ./system/src/diag/trace_impl.o
 .debug_info    0x00000000000036df      0x2ba ./system/src/cortexm/_initialize_hardware.o
 .debug_info    0x0000000000003999      0xff5 ./system/src/cortexm/exception_handlers.o
 .debug_info    0x000000000000498e     0x2724 ./system/src/cmsis/system_ADuCM350.o
 .debug_info    0x00000000000070b2     0x10d9 ./system/src/cmsis/vectors_ADuCM350.o
 .debug_info    0x000000000000818b       0xd0 ./system/src/cmsis/vetors_ADuCM350_old.o
 .debug_info    0x000000000000825b     0x306c ./system/src/ADuCM350/afe.o
 .debug_info    0x000000000000b2c7     0x1770 ./system/src/ADuCM350/beep.o
 .debug_info    0x000000000000ca37     0x3f08 ./system/src/ADuCM350/captouch.o
 .debug_info    0x000000000001093f     0x1605 ./system/src/ADuCM350/crc.o
 .debug_info    0x0000000000011f44      0xadf ./system/src/ADuCM350/dma.o
 .debug_info    0x0000000000012a23     0x199e ./system/src/ADuCM350/flash.o
 .debug_info    0x00000000000143c1     0x149c ./system/src/ADuCM350/gpio.o
 .debug_info    0x000000000001585d     0x185c ./system/src/ADuCM350/gpt.o
 .debug_info    0x00000000000170b9     0x1467 ./system/src/ADuCM350/rng.o
 .debug_info    0x0000000000018520     0x328d ./system/src/ADuCM350/spi.o
 .debug_info    0x000000000001b7ad     0x201a ./system/src/ADuCM350/uart.o
 .debug_info    0x000000000001d7c7      0xbf9 ./system/src/ADuCM350/wdt.o
 .debug_info    0x000000000001e3c0     0x1048 ./system/src/ADuCM350/wut.o
 .debug_info    0x000000000001f408      0x999 ./src/crc32.o
 .debug_info    0x000000000001fda1     0x430f ./src/main.o
 .debug_info    0x00000000000240b0      0xaae ./src/test_common.o
 .debug_info    0x0000000000024b5e      0x8cb /usr/lib/gcc/arm-none-eabi/6.3.1/../../../arm-none-eabi/lib/thumb/v7-m/libc_nano.a(lib_a-errno.o)
 .debug_info    0x0000000000025429      0x8a4 /usr/lib/gcc/arm-none-eabi/6.3.1/../../../arm-none-eabi/lib/thumb/v7-m/libc_nano.a(lib_a-impure.o)
 .debug_info    0x0000000000025ccd       0xcd /usr/lib/gcc/arm-none-eabi/6.3.1/../../../arm-none-eabi/lib/thumb/v7-m/libc_nano.a(lib_a-memcpy.o)
 .debug_info    0x0000000000025d9a      0x96e /usr/lib/gcc/arm-none-eabi/6.3.1/../../../arm-none-eabi/lib/thumb/v7-m/libc_nano.a(lib_a-rand.o)
 .debug_info    0x0000000000026708      0xbd2 /usr/lib/gcc/arm-none-eabi/6.3.1/../../../arm-none-eabi/lib/thumb/v7-m/libc_nano.a(lib_a-sprintf.o)
 .debug_info    0x00000000000272da      0xd58 /usr/lib/gcc/arm-none-eabi/6.3.1/../../../arm-none-eabi/lib/thumb/v7-m/libc_nano.a(lib_a-stdio.o)
 .debug_info    0x0000000000028032      0x8b5 /usr/lib/gcc/arm-none-eabi/6.3.1/../../../arm-none-eabi/lib/thumb/v7-m/libc_nano.a(lib_a-strlen-stub.o)
 .debug_info    0x00000000000288e7      0xc24 /usr/lib/gcc/arm-none-eabi/6.3.1/../../../arm-none-eabi/lib/thumb/v7-m/libc_nano.a(lib_a-vsnprintf.o)
 .debug_info    0x000000000002950b      0x981 /usr/lib/gcc/arm-none-eabi/6.3.1/../../../arm-none-eabi/lib/thumb/v7-m/libc_nano.a(lib_a-writer.o)
 .debug_info    0x0000000000029e8c      0x939 /usr/lib/gcc/arm-none-eabi/6.3.1/../../../arm-none-eabi/lib/thumb/v7-m/libc_nano.a(lib_a-closer.o)
 .debug_info    0x000000000002a7c5     0x1070 /usr/lib/gcc/arm-none-eabi/6.3.1/../../../arm-none-eabi/lib/thumb/v7-m/libc_nano.a(lib_a-findfp.o)
 .debug_info    0x000000000002b835      0xbce /usr/lib/gcc/arm-none-eabi/6.3.1/../../../arm-none-eabi/lib/thumb/v7-m/libc_nano.a(lib_a-fwalk.o)
 .debug_info    0x000000000002c403      0x964 /usr/lib/gcc/arm-none-eabi/6.3.1/../../../arm-none-eabi/lib/thumb/v7-m/libc_nano.a(lib_a-lseekr.o)
 .debug_info    0x000000000002cd67      0x921 /usr/lib/gcc/arm-none-eabi/6.3.1/../../../arm-none-eabi/lib/thumb/v7-m/libc_nano.a(lib_a-malloc.o)
 .debug_info    0x000000000002d688      0xe1d /usr/lib/gcc/arm-none-eabi/6.3.1/../../../arm-none-eabi/lib/thumb/v7-m/libc_nano.a(lib_a-memset.o)
 .debug_info    0x000000000002e4a5      0xac1 /usr/lib/gcc/arm-none-eabi/6.3.1/../../../arm-none-eabi/lib/thumb/v7-m/libc_nano.a(lib_a-nano-freer.o)
 .debug_info    0x000000000002ef66      0xb75 /usr/lib/gcc/arm-none-eabi/6.3.1/../../../arm-none-eabi/lib/thumb/v7-m/libc_nano.a(lib_a-nano-mallocr.o)
 .debug_info    0x000000000002fadb     0x1651 /usr/lib/gcc/arm-none-eabi/6.3.1/../../../arm-none-eabi/lib/thumb/v7-m/libc_nano.a(lib_a-nano-svfprintf.o)
 .debug_info    0x000000000003112c     0x142c /usr/lib/gcc/arm-none-eabi/6.3.1/../../../arm-none-eabi/lib/thumb/v7-m/libc_nano.a(lib_a-nano-vfprintf_i.o)
 .debug_info    0x0000000000032558      0x97a /usr/lib/gcc/arm-none-eabi/6.3.1/../../../arm-none-eabi/lib/thumb/v7-m/libc_nano.a(lib_a-readr.o)
 .debug_info    0x0000000000032ed2      0x95a /usr/lib/gcc/arm-none-eabi/6.3.1/../../../arm-none-eabi/lib/thumb/v7-m/libc_nano.a(lib_a-sbrkr.o)
 .debug_info    0x000000000003382c      0xc93 /usr/lib/gcc/arm-none-eabi/6.3.1/../../../arm-none-eabi/lib/thumb/v7-m/libc_nano.a(lib_a-fflush.o)
 .debug_info    0x00000000000344bf      0x934 /usr/lib/gcc/arm-none-eabi/6.3.1/../../../arm-none-eabi/lib/thumb/v7-m/libc_nano.a(lib_a-memchr-stub.o)
 .debug_info    0x0000000000034df3      0xe2c /usr/lib/gcc/arm-none-eabi/6.3.1/../../../arm-none-eabi/lib/thumb/v7-m/libc_nano.a(lib_a-memmove.o)
 .debug_info    0x0000000000035c1f      0x8d7 /usr/lib/gcc/arm-none-eabi/6.3.1/../../../arm-none-eabi/lib/thumb/v7-m/libc_nano.a(lib_a-mlock.o)
 .debug_info    0x00000000000364f6      0xac6 /usr/lib/gcc/arm-none-eabi/6.3.1/../../../arm-none-eabi/lib/thumb/v7-m/libc_nano.a(lib_a-nano-reallocr.o)
 .debug_info    0x0000000000036fbc      0x9fa /usr/lib/gcc/arm-none-eabi/6.3.1/../../../arm-none-eabi/lib/thumb/v7-m/libc_nano.a(lib_a-nano-msizer.o)
 .debug_info    0x00000000000379b6     0x245d /usr/lib/gcc/arm-none-eabi/6.3.1/../../../arm-none-eabi/lib/thumb/v7-m/librdimon.a(rdimon-syscalls.o)

.debug_abbrev   0x0000000000000000     0x8360
 *(.debug_abbrev)
 .debug_abbrev  0x0000000000000000      0x1f3 ./system/src/newlib/_exit.o
 .debug_abbrev  0x00000000000001f3      0x1fc ./system/src/newlib/_sbrk.o
 .debug_abbrev  0x00000000000003ef      0x1b3 ./system/src/newlib/_startup.o
 .debug_abbrev  0x00000000000005a2      0x234 ./system/src/newlib/_syscalls.o
 .debug_abbrev  0x00000000000007d6      0x1f3 ./system/src/newlib/assert.o
 .debug_abbrev  0x00000000000009c9      0x276 ./system/src/diag/Trace.o
 .debug_abbrev  0x0000000000000c3f       0xc5 ./system/src/diag/trace_impl.o
 .debug_abbrev  0x0000000000000d04       0xea ./system/src/cortexm/_initialize_hardware.o
 .debug_abbrev  0x0000000000000dee      0x2b4 ./system/src/cortexm/exception_handlers.o
 .debug_abbrev  0x00000000000010a2      0x381 ./system/src/cmsis/system_ADuCM350.o
 .debug_abbrev  0x0000000000001423      0x230 ./system/src/cmsis/vectors_ADuCM350.o
 .debug_abbrev  0x0000000000001653       0x9d ./system/src/cmsis/vetors_ADuCM350_old.o
 .debug_abbrev  0x00000000000016f0      0x488 ./system/src/ADuCM350/afe.o
 .debug_abbrev  0x0000000000001b78      0x375 ./system/src/ADuCM350/beep.o
 .debug_abbrev  0x0000000000001eed      0x360 ./system/src/ADuCM350/captouch.o
 .debug_abbrev  0x000000000000224d      0x35b ./system/src/ADuCM350/crc.o
 .debug_abbrev  0x00000000000025a8      0x257 ./system/src/ADuCM350/dma.o
 .debug_abbrev  0x00000000000027ff      0x333 ./system/src/ADuCM350/flash.o
 .debug_abbrev  0x0000000000002b32      0x293 ./system/src/ADuCM350/gpio.o
 .debug_abbrev  0x0000000000002dc5      0x36b ./system/src/ADuCM350/gpt.o
 .debug_abbrev  0x0000000000003130      0x375 ./system/src/ADuCM350/rng.o
 .debug_abbrev  0x00000000000034a5      0x3cd ./system/src/ADuCM350/spi.o
 .debug_abbrev  0x0000000000003872      0x35a ./system/src/ADuCM350/uart.o
 .debug_abbrev  0x0000000000003bcc      0x286 ./system/src/ADuCM350/wdt.o
 .debug_abbrev  0x0000000000003e52      0x24b ./system/src/ADuCM350/wut.o
 .debug_abbrev  0x000000000000409d      0x231 ./src/crc32.o
 .debug_abbrev  0x00000000000042ce      0x4fc ./src/main.o
 .debug_abbrev  0x00000000000047ca      0x275 ./src/test_common.o
 .debug_abbrev  0x0000000000004a3f      0x178 /usr/lib/gcc/arm-none-eabi/6.3.1/../../../arm-none-eabi/lib/thumb/v7-m/libc_nano.a(lib_a-errno.o)
 .debug_abbrev  0x0000000000004bb7      0x15c /usr/lib/gcc/arm-none-eabi/6.3.1/../../../arm-none-eabi/lib/thumb/v7-m/libc_nano.a(lib_a-impure.o)
 .debug_abbrev  0x0000000000004d13       0x14 /usr/lib/gcc/arm-none-eabi/6.3.1/../../../arm-none-eabi/lib/thumb/v7-m/libc_nano.a(lib_a-memcpy.o)
 .debug_abbrev  0x0000000000004d27      0x1f4 /usr/lib/gcc/arm-none-eabi/6.3.1/../../../arm-none-eabi/lib/thumb/v7-m/libc_nano.a(lib_a-rand.o)
 .debug_abbrev  0x0000000000004f1b      0x222 /usr/lib/gcc/arm-none-eabi/6.3.1/../../../arm-none-eabi/lib/thumb/v7-m/libc_nano.a(lib_a-sprintf.o)
 .debug_abbrev  0x000000000000513d      0x242 /usr/lib/gcc/arm-none-eabi/6.3.1/../../../arm-none-eabi/lib/thumb/v7-m/libc_nano.a(lib_a-stdio.o)
 .debug_abbrev  0x000000000000537f      0x171 /usr/lib/gcc/arm-none-eabi/6.3.1/../../../arm-none-eabi/lib/thumb/v7-m/libc_nano.a(lib_a-strlen-stub.o)
 .debug_abbrev  0x00000000000054f0      0x231 /usr/lib/gcc/arm-none-eabi/6.3.1/../../../arm-none-eabi/lib/thumb/v7-m/libc_nano.a(lib_a-vsnprintf.o)
 .debug_abbrev  0x0000000000005721      0x1c0 /usr/lib/gcc/arm-none-eabi/6.3.1/../../../arm-none-eabi/lib/thumb/v7-m/libc_nano.a(lib_a-writer.o)
 .debug_abbrev  0x00000000000058e1      0x1bb /usr/lib/gcc/arm-none-eabi/6.3.1/../../../arm-none-eabi/lib/thumb/v7-m/libc_nano.a(lib_a-closer.o)
 .debug_abbrev  0x0000000000005a9c      0x38f /usr/lib/gcc/arm-none-eabi/6.3.1/../../../arm-none-eabi/lib/thumb/v7-m/libc_nano.a(lib_a-findfp.o)
 .debug_abbrev  0x0000000000005e2b      0x1df /usr/lib/gcc/arm-none-eabi/6.3.1/../../../arm-none-eabi/lib/thumb/v7-m/libc_nano.a(lib_a-fwalk.o)
 .debug_abbrev  0x000000000000600a      0x1ca /usr/lib/gcc/arm-none-eabi/6.3.1/../../../arm-none-eabi/lib/thumb/v7-m/libc_nano.a(lib_a-lseekr.o)
 .debug_abbrev  0x00000000000061d4      0x1c9 /usr/lib/gcc/arm-none-eabi/6.3.1/../../../arm-none-eabi/lib/thumb/v7-m/libc_nano.a(lib_a-malloc.o)
 .debug_abbrev  0x000000000000639d      0x1a8 /usr/lib/gcc/arm-none-eabi/6.3.1/../../../arm-none-eabi/lib/thumb/v7-m/libc_nano.a(lib_a-memset.o)
 .debug_abbrev  0x0000000000006545      0x244 /usr/lib/gcc/arm-none-eabi/6.3.1/../../../arm-none-eabi/lib/thumb/v7-m/libc_nano.a(lib_a-nano-freer.o)
 .debug_abbrev  0x0000000000006789      0x27f /usr/lib/gcc/arm-none-eabi/6.3.1/../../../arm-none-eabi/lib/thumb/v7-m/libc_nano.a(lib_a-nano-mallocr.o)
 .debug_abbrev  0x0000000000006a08      0x2cc /usr/lib/gcc/arm-none-eabi/6.3.1/../../../arm-none-eabi/lib/thumb/v7-m/libc_nano.a(lib_a-nano-svfprintf.o)
 .debug_abbrev  0x0000000000006cd4      0x28b /usr/lib/gcc/arm-none-eabi/6.3.1/../../../arm-none-eabi/lib/thumb/v7-m/libc_nano.a(lib_a-nano-vfprintf_i.o)
 .debug_abbrev  0x0000000000006f5f      0x1bb /usr/lib/gcc/arm-none-eabi/6.3.1/../../../arm-none-eabi/lib/thumb/v7-m/libc_nano.a(lib_a-readr.o)
 .debug_abbrev  0x000000000000711a      0x1df /usr/lib/gcc/arm-none-eabi/6.3.1/../../../arm-none-eabi/lib/thumb/v7-m/libc_nano.a(lib_a-sbrkr.o)
 .debug_abbrev  0x00000000000072f9      0x2a1 /usr/lib/gcc/arm-none-eabi/6.3.1/../../../arm-none-eabi/lib/thumb/v7-m/libc_nano.a(lib_a-fflush.o)
 .debug_abbrev  0x000000000000759a      0x1a5 /usr/lib/gcc/arm-none-eabi/6.3.1/../../../arm-none-eabi/lib/thumb/v7-m/libc_nano.a(lib_a-memchr-stub.o)
 .debug_abbrev  0x000000000000773f      0x1ad /usr/lib/gcc/arm-none-eabi/6.3.1/../../../arm-none-eabi/lib/thumb/v7-m/libc_nano.a(lib_a-memmove.o)
 .debug_abbrev  0x00000000000078ec      0x1a1 /usr/lib/gcc/arm-none-eabi/6.3.1/../../../arm-none-eabi/lib/thumb/v7-m/libc_nano.a(lib_a-mlock.o)
 .debug_abbrev  0x0000000000007a8d      0x1f9 /usr/lib/gcc/arm-none-eabi/6.3.1/../../../arm-none-eabi/lib/thumb/v7-m/libc_nano.a(lib_a-nano-reallocr.o)
 .debug_abbrev  0x0000000000007c86      0x1b4 /usr/lib/gcc/arm-none-eabi/6.3.1/../../../arm-none-eabi/lib/thumb/v7-m/libc_nano.a(lib_a-nano-msizer.o)
 .debug_abbrev  0x0000000000007e3a      0x526 /usr/lib/gcc/arm-none-eabi/6.3.1/../../../arm-none-eabi/lib/thumb/v7-m/librdimon.a(rdimon-syscalls.o)

.debug_line     0x0000000000000000     0xd1cf
 *(.debug_line)
 .debug_line    0x0000000000000000      0x276 ./system/src/newlib/_exit.o
 .debug_line    0x0000000000000276      0x22a ./system/src/newlib/_sbrk.o
 .debug_line    0x00000000000004a0      0x2e4 ./system/src/newlib/_startup.o
 .debug_line    0x0000000000000784      0x2f3 ./system/src/newlib/_syscalls.o
 .debug_line    0x0000000000000a77      0x29f ./system/src/newlib/assert.o
 .debug_line    0x0000000000000d16      0x2f1 ./system/src/diag/Trace.o
 .debug_line    0x0000000000001007      0x40f ./system/src/diag/trace_impl.o
 .debug_line    0x0000000000001416      0x268 ./system/src/cortexm/_initialize_hardware.o
 .debug_line    0x000000000000167e      0x509 ./system/src/cortexm/exception_handlers.o
 .debug_line    0x0000000000001b87      0x8d2 ./system/src/cmsis/system_ADuCM350.o
 .debug_line    0x0000000000002459      0x7e8 ./system/src/cmsis/vectors_ADuCM350.o
 .debug_line    0x0000000000002c41       0xd0 ./system/src/cmsis/vetors_ADuCM350_old.o
 .debug_line    0x0000000000002d11      0xb84 ./system/src/ADuCM350/afe.o
 .debug_line    0x0000000000003895      0x5bd ./system/src/ADuCM350/beep.o
 .debug_line    0x0000000000003e52      0xdfa ./system/src/ADuCM350/captouch.o
 .debug_line    0x0000000000004c4c      0x54c ./system/src/ADuCM350/crc.o
 .debug_line    0x0000000000005198      0x413 ./system/src/ADuCM350/dma.o
 .debug_line    0x00000000000055ab      0x60e ./system/src/ADuCM350/flash.o
 .debug_line    0x0000000000005bb9      0x654 ./system/src/ADuCM350/gpio.o
 .debug_line    0x000000000000620d      0x60b ./system/src/ADuCM350/gpt.o
 .debug_line    0x0000000000006818      0x594 ./system/src/ADuCM350/rng.o
 .debug_line    0x0000000000006dac      0xcde ./system/src/ADuCM350/spi.o
 .debug_line    0x0000000000007a8a      0x818 ./system/src/ADuCM350/uart.o
 .debug_line    0x00000000000082a2      0x4e4 ./system/src/ADuCM350/wdt.o
 .debug_line    0x0000000000008786      0x4fe ./system/src/ADuCM350/wut.o
 .debug_line    0x0000000000008c84      0x1cd ./src/crc32.o
 .debug_line    0x0000000000008e51      0xa78 ./src/main.o
 .debug_line    0x00000000000098c9      0x4a4 ./src/test_common.o
 .debug_line    0x0000000000009d6d      0x104 /usr/lib/gcc/arm-none-eabi/6.3.1/../../../arm-none-eabi/lib/thumb/v7-m/libc_nano.a(lib_a-errno.o)
 .debug_line    0x0000000000009e71       0xe9 /usr/lib/gcc/arm-none-eabi/6.3.1/../../../arm-none-eabi/lib/thumb/v7-m/libc_nano.a(lib_a-impure.o)
 .debug_line    0x0000000000009f5a       0xbe /usr/lib/gcc/arm-none-eabi/6.3.1/../../../arm-none-eabi/lib/thumb/v7-m/libc_nano.a(lib_a-memcpy.o)
 .debug_line    0x000000000000a018      0x179 /usr/lib/gcc/arm-none-eabi/6.3.1/../../../arm-none-eabi/lib/thumb/v7-m/libc_nano.a(lib_a-rand.o)
 .debug_line    0x000000000000a191      0x1a1 /usr/lib/gcc/arm-none-eabi/6.3.1/../../../arm-none-eabi/lib/thumb/v7-m/libc_nano.a(lib_a-sprintf.o)
 .debug_line    0x000000000000a332      0x1b0 /usr/lib/gcc/arm-none-eabi/6.3.1/../../../arm-none-eabi/lib/thumb/v7-m/libc_nano.a(lib_a-stdio.o)
 .debug_line    0x000000000000a4e2      0x152 /usr/lib/gcc/arm-none-eabi/6.3.1/../../../arm-none-eabi/lib/thumb/v7-m/libc_nano.a(lib_a-strlen-stub.o)
 .debug_line    0x000000000000a634      0x1cf /usr/lib/gcc/arm-none-eabi/6.3.1/../../../arm-none-eabi/lib/thumb/v7-m/libc_nano.a(lib_a-vsnprintf.o)
 .debug_line    0x000000000000a803      0x15d /usr/lib/gcc/arm-none-eabi/6.3.1/../../../arm-none-eabi/lib/thumb/v7-m/libc_nano.a(lib_a-writer.o)
 .debug_line    0x000000000000a960      0x15b /usr/lib/gcc/arm-none-eabi/6.3.1/../../../arm-none-eabi/lib/thumb/v7-m/libc_nano.a(lib_a-closer.o)
 .debug_line    0x000000000000aabb      0x282 /usr/lib/gcc/arm-none-eabi/6.3.1/../../../arm-none-eabi/lib/thumb/v7-m/libc_nano.a(lib_a-findfp.o)
 .debug_line    0x000000000000ad3d      0x1ba /usr/lib/gcc/arm-none-eabi/6.3.1/../../../arm-none-eabi/lib/thumb/v7-m/libc_nano.a(lib_a-fwalk.o)
 .debug_line    0x000000000000aef7      0x15d /usr/lib/gcc/arm-none-eabi/6.3.1/../../../arm-none-eabi/lib/thumb/v7-m/libc_nano.a(lib_a-lseekr.o)
 .debug_line    0x000000000000b054      0x154 /usr/lib/gcc/arm-none-eabi/6.3.1/../../../arm-none-eabi/lib/thumb/v7-m/libc_nano.a(lib_a-malloc.o)
 .debug_line    0x000000000000b1a8      0x1e2 /usr/lib/gcc/arm-none-eabi/6.3.1/../../../arm-none-eabi/lib/thumb/v7-m/libc_nano.a(lib_a-memset.o)
 .debug_line    0x000000000000b38a      0x1a9 /usr/lib/gcc/arm-none-eabi/6.3.1/../../../arm-none-eabi/lib/thumb/v7-m/libc_nano.a(lib_a-nano-freer.o)
 .debug_line    0x000000000000b533      0x1c0 /usr/lib/gcc/arm-none-eabi/6.3.1/../../../arm-none-eabi/lib/thumb/v7-m/libc_nano.a(lib_a-nano-mallocr.o)
 .debug_line    0x000000000000b6f3      0x3e4 /usr/lib/gcc/arm-none-eabi/6.3.1/../../../arm-none-eabi/lib/thumb/v7-m/libc_nano.a(lib_a-nano-svfprintf.o)
 .debug_line    0x000000000000bad7      0x3e4 /usr/lib/gcc/arm-none-eabi/6.3.1/../../../arm-none-eabi/lib/thumb/v7-m/libc_nano.a(lib_a-nano-vfprintf_i.o)
 .debug_line    0x000000000000bebb      0x15c /usr/lib/gcc/arm-none-eabi/6.3.1/../../../arm-none-eabi/lib/thumb/v7-m/libc_nano.a(lib_a-readr.o)
 .debug_line    0x000000000000c017      0x15a /usr/lib/gcc/arm-none-eabi/6.3.1/../../../arm-none-eabi/lib/thumb/v7-m/libc_nano.a(lib_a-sbrkr.o)
 .debug_line    0x000000000000c171      0x255 /usr/lib/gcc/arm-none-eabi/6.3.1/../../../arm-none-eabi/lib/thumb/v7-m/libc_nano.a(lib_a-fflush.o)
 .debug_line    0x000000000000c3c6      0x188 /usr/lib/gcc/arm-none-eabi/6.3.1/../../../arm-none-eabi/lib/thumb/v7-m/libc_nano.a(lib_a-memchr-stub.o)
 .debug_line    0x000000000000c54e      0x1f1 /usr/lib/gcc/arm-none-eabi/6.3.1/../../../arm-none-eabi/lib/thumb/v7-m/libc_nano.a(lib_a-memmove.o)
 .debug_line    0x000000000000c73f      0x144 /usr/lib/gcc/arm-none-eabi/6.3.1/../../../arm-none-eabi/lib/thumb/v7-m/libc_nano.a(lib_a-mlock.o)
 .debug_line    0x000000000000c883      0x179 /usr/lib/gcc/arm-none-eabi/6.3.1/../../../arm-none-eabi/lib/thumb/v7-m/libc_nano.a(lib_a-nano-reallocr.o)
 .debug_line    0x000000000000c9fc      0x15a /usr/lib/gcc/arm-none-eabi/6.3.1/../../../arm-none-eabi/lib/thumb/v7-m/libc_nano.a(lib_a-nano-msizer.o)
 .debug_line    0x000000000000cb56      0x679 /usr/lib/gcc/arm-none-eabi/6.3.1/../../../arm-none-eabi/lib/thumb/v7-m/librdimon.a(rdimon-syscalls.o)

.debug_frame    0x0000000000000000     0x41c0
 *(.debug_frame)
 .debug_frame   0x0000000000000000       0x38 ./system/src/newlib/_exit.o
 .debug_frame   0x0000000000000038       0x28 ./system/src/newlib/_sbrk.o
 .debug_frame   0x0000000000000060       0x7c ./system/src/newlib/_startup.o
 .debug_frame   0x00000000000000dc       0x50 ./system/src/newlib/_syscalls.o
 .debug_frame   0x000000000000012c       0x28 ./system/src/newlib/assert.o
 .debug_frame   0x0000000000000154       0x94 ./system/src/diag/Trace.o
 .debug_frame   0x00000000000001e8       0x30 ./system/src/diag/trace_impl.o
 .debug_frame   0x0000000000000218       0x40 ./system/src/cortexm/_initialize_hardware.o
 .debug_frame   0x0000000000000258      0x144 ./system/src/cortexm/exception_handlers.o
 .debug_frame   0x000000000000039c      0x274 ./system/src/cmsis/system_ADuCM350.o
 .debug_frame   0x0000000000000610      0x7c0 ./system/src/cmsis/vectors_ADuCM350.o
 .debug_frame   0x0000000000000dd0       0x20 ./system/src/cmsis/vetors_ADuCM350_old.o
 .debug_frame   0x0000000000000df0      0x438 ./system/src/ADuCM350/afe.o
 .debug_frame   0x0000000000001228      0x13c ./system/src/ADuCM350/beep.o
 .debug_frame   0x0000000000001364      0x6a0 ./system/src/ADuCM350/captouch.o
 .debug_frame   0x0000000000001a04      0x180 ./system/src/ADuCM350/crc.o
 .debug_frame   0x0000000000001b84       0xc0 ./system/src/ADuCM350/dma.o
 .debug_frame   0x0000000000001c44      0x238 ./system/src/ADuCM350/flash.o
 .debug_frame   0x0000000000001e7c      0x30c ./system/src/ADuCM350/gpio.o