Archive member included to satisfy reference by file (symbol)

Lib\libc.a(errno.c.o)         obj\Debug\Src\system\newlib\_sbrk.o (__errno)
Lib\libc.a(exit.c.o)          z:/home/a/downloads/emide v2.20/arm/bin/../lib/gcc/arm-none-eabi/7.3.1/../../../../arm-none-eabi/lib/thumb/v7-m/crt0.o (exit)
Lib\libc.a(rand.c.o)          obj\Debug\Src\FlashTest.o (srand)
Lib\libc.a(memcpy.c.o)        obj\Debug\Src\system\ADuCM350\uart.o (memcpy)
Lib\libc.a(memset.c.o)        z:/home/a/downloads/emide v2.20/arm/bin/../lib/gcc/arm-none-eabi/7.3.1/../../../../arm-none-eabi/lib/thumb/v7-m/crt0.o (memset)
Lib\libc.a(sprintf.c.o)       obj\Debug\Src\FlashTest.o (sprintf)
Lib\libc.a(vfprintf.c.o)      Lib\libc.a(sprintf.c.o) (vfprintf)
Lib\libc.a(strnlen.c.o)       Lib\libc.a(vfprintf.c.o) (strnlen)
Lib\libc.a(fputc.c.o)         Lib\libc.a(vfprintf.c.o) (fputc)
Lib\libc.a(ftoa_engine.c.o)   Lib\libc.a(vfprintf.c.o) (__ftoa_engine)
Lib\libc.a(ultoa_invert.c.o)  Lib\libc.a(vfprintf.c.o) (__ultoa_invert)
z:/home/a/downloads/emide v2.20/arm/bin/../lib/gcc/arm-none-eabi/7.3.1/../../../../arm-none-eabi/lib/thumb/v7-m\libg.a(lib_a-impure.o)
                              Lib\libc.a(exit.c.o) (_global_impure_ptr)
z:/home/a/downloads/emide v2.20/arm/bin/../lib/gcc/arm-none-eabi/7.3.1/../../../../arm-none-eabi/lib/thumb/v7-m\libg.a(lib_a-init.o)
                              z:/home/a/downloads/emide v2.20/arm/bin/../lib/gcc/arm-none-eabi/7.3.1/../../../../arm-none-eabi/lib/thumb/v7-m/crt0.o (__libc_init_array)
z:/home/a/downloads/emide v2.20/arm/bin/../lib/gcc/arm-none-eabi/7.3.1/thumb/v7-m\libgcc.a(_ashrdi3.o)
                              Lib\libc.a(ftoa_engine.c.o) (__aeabi_lasr)
z:/home/a/downloads/emide v2.20/arm/bin/../lib/gcc/arm-none-eabi/7.3.1/thumb/v7-m\libgcc.a(_arm_truncdfsf2.o)
                              Lib\libc.a(vfprintf.c.o) (__aeabi_d2f)
z:/home/a/downloads/emide v2.20/arm/bin/../lib/gcc/arm-none-eabi/7.3.1/thumb/v7-m\libgcc.a(_aeabi_ldivmod.o)
                              Lib\libc.a(ftoa_engine.c.o) (__aeabi_ldivmod)
z:/home/a/downloads/emide v2.20/arm/bin/../lib/gcc/arm-none-eabi/7.3.1/thumb/v7-m\libgcc.a(_udivmoddi4.o)
                              z:/home/a/downloads/emide v2.20/arm/bin/../lib/gcc/arm-none-eabi/7.3.1/thumb/v7-m\libgcc.a(_aeabi_ldivmod.o) (__udivmoddi4)
z:/home/a/downloads/emide v2.20/arm/bin/../lib/gcc/arm-none-eabi/7.3.1/thumb/v7-m\libgcc.a(unwind-arm.o)
                              obj\Debug\Src\system\newlib\_cxx.o (__aeabi_unwind_cpp_pr1)
z:/home/a/downloads/emide v2.20/arm/bin/../lib/gcc/arm-none-eabi/7.3.1/thumb/v7-m\libgcc.a(libunwind.o)
                              z:/home/a/downloads/emide v2.20/arm/bin/../lib/gcc/arm-none-eabi/7.3.1/thumb/v7-m\libgcc.a(unwind-arm.o) (restore_core_regs)
z:/home/a/downloads/emide v2.20/arm/bin/../lib/gcc/arm-none-eabi/7.3.1/thumb/v7-m\libgcc.a(pr-support.o)
                              z:/home/a/downloads/emide v2.20/arm/bin/../lib/gcc/arm-none-eabi/7.3.1/thumb/v7-m\libgcc.a(unwind-arm.o) (__gnu_unwind_execute)
z:/home/a/downloads/emide v2.20/arm/bin/../lib/gcc/arm-none-eabi/7.3.1/thumb/v7-m\libgcc.a(_dvmd_tls.o)
                              z:/home/a/downloads/emide v2.20/arm/bin/../lib/gcc/arm-none-eabi/7.3.1/thumb/v7-m\libgcc.a(_aeabi_ldivmod.o) (__aeabi_ldiv0)

Allocating common symbols
Common symbol       size              file

errno               0x4               obj\Debug\Src\system\newlib\_syscalls.o
Metric_DevData      0x14              obj\Debug\Src\system\ADuCM350\metrics.o
SPI_DevData         0xfc              obj\Debug\Src\system\ADuCM350\spi.o
AFE_DevData         0x60              obj\Debug\Src\system\ADuCM350\afe.o

Discarded input sections

 .text          0x00000000        0x0 z:/home/a/downloads/emide v2.20/arm/bin/../lib/gcc/arm-none-eabi/7.3.1/thumb/v7-m/crti.o
 .data          0x00000000        0x0 z:/home/a/downloads/emide v2.20/arm/bin/../lib/gcc/arm-none-eabi/7.3.1/thumb/v7-m/crti.o
 .bss           0x00000000        0x0 z:/home/a/downloads/emide v2.20/arm/bin/../lib/gcc/arm-none-eabi/7.3.1/thumb/v7-m/crti.o
 .data          0x00000000        0x4 z:/home/a/downloads/emide v2.20/arm/bin/../lib/gcc/arm-none-eabi/7.3.1/thumb/v7-m/crtbegin.o
 .text          0x00000000       0x74 z:/home/a/downloads/emide v2.20/arm/bin/../lib/gcc/arm-none-eabi/7.3.1/../../../../arm-none-eabi/lib/thumb/v7-m/crt0.o
 .data          0x00000000        0x0 z:/home/a/downloads/emide v2.20/arm/bin/../lib/gcc/arm-none-eabi/7.3.1/../../../../arm-none-eabi/lib/thumb/v7-m/crt0.o
 .bss           0x00000000        0x0 z:/home/a/downloads/emide v2.20/arm/bin/../lib/gcc/arm-none-eabi/7.3.1/../../../../arm-none-eabi/lib/thumb/v7-m/crt0.o
 .ARM.extab     0x00000000        0x0 z:/home/a/downloads/emide v2.20/arm/bin/../lib/gcc/arm-none-eabi/7.3.1/../../../../arm-none-eabi/lib/thumb/v7-m/crt0.o
[...]
Memory Configuration

Name             Origin             Length             Attributes
FLASH            0x00000000         0x00060000         xr
RAM              0x20000000         0x00004000         xrw
*default*        0x00000000         0xffffffff

Linker script and memory map

LOAD z:/home/a/downloads/emide v2.20/arm/bin/../lib/gcc/arm-none-eabi/7.3.1/thumb/v7-m/crti.o
LOAD z:/home/a/downloads/emide v2.20/arm/bin/../lib/gcc/arm-none-eabi/7.3.1/thumb/v7-m/crtbegin.o
LOAD z:/home/a/downloads/emide v2.20/arm/bin/../lib/gcc/arm-none-eabi/7.3.1/../../../../arm-none-eabi/lib/thumb/v7-m/crt0.o
LOAD obj\Debug\Setup\startup.o
LOAD obj\Debug\Src\crc32.o
LOAD obj\Debug\Src\FlashTest.o
LOAD obj\Debug\Src\main.o
LOAD obj\Debug\Src\PinMux.o
LOAD obj\Debug\Src\system\ADuCM350\adi_int.o
LOAD obj\Debug\Src\system\ADuCM350\adi_nvic.o
LOAD obj\Debug\Src\system\ADuCM350\afe.o
LOAD obj\Debug\Src\system\ADuCM350\afe_lib.o
LOAD obj\Debug\Src\system\ADuCM350\beep.o
LOAD obj\Debug\Src\system\ADuCM350\captouch.o
LOAD obj\Debug\Src\system\ADuCM350\captouch_lib.o
LOAD obj\Debug\Src\system\ADuCM350\dma.o
LOAD obj\Debug\Src\system\ADuCM350\flash.o
LOAD obj\Debug\Src\system\ADuCM350\gpio.o
LOAD obj\Debug\Src\system\ADuCM350\gpt.o
LOAD obj\Debug\Src\system\ADuCM350\i2c.o
LOAD obj\Debug\Src\system\ADuCM350\i2s.o
LOAD obj\Debug\Src\system\ADuCM350\lcd.o
LOAD obj\Debug\Src\system\ADuCM350\metrics.o
LOAD obj\Debug\Src\system\ADuCM350\pdi.o
LOAD obj\Debug\Src\system\ADuCM350\rng.o
LOAD obj\Debug\Src\system\ADuCM350\rtc.o
LOAD obj\Debug\Src\system\ADuCM350\spi.o
LOAD obj\Debug\Src\system\ADuCM350\startup.o
LOAD obj\Debug\Src\system\ADuCM350\system.o
LOAD obj\Debug\Src\system\ADuCM350\uart.o
LOAD obj\Debug\Src\system\ADuCM350\wdt.o
LOAD obj\Debug\Src\system\ADuCM350\wut.o
LOAD obj\Debug\Src\system\diag\Trace.o
LOAD obj\Debug\Src\system\diag\trace_impl.o
LOAD obj\Debug\Src\system\newlib\_cxx.o
LOAD obj\Debug\Src\system\newlib\_exit.o
LOAD obj\Debug\Src\system\newlib\_sbrk.o
LOAD obj\Debug\Src\system\newlib\_startup.o
LOAD obj\Debug\Src\system\newlib\_syscalls.o
LOAD obj\Debug\Src\system\newlib\assert.o
LOAD obj\Debug\Src\test_common.o
LOAD Lib\libm.a
LOAD Lib\libc.a
LOAD z:/home/a/downloads/emide v2.20/arm/bin/../lib/gcc/arm-none-eabi/7.3.1/../../../../arm-none-eabi/lib/thumb/v7-m\libg.a
LOAD z:/home/a/downloads/emide v2.20/arm/bin/../lib/gcc/arm-none-eabi/7.3.1/../../../../arm-none-eabi/lib/thumb/v7-m\librdimon.a
LOAD z:/home/a/downloads/emide v2.20/arm/bin/../lib/gcc/arm-none-eabi/7.3.1/../../../../arm-none-eabi/lib/thumb/v7-m\libnosys.a
LOAD Lib\libarm_cortexM3l_math.a
START GROUP
LOAD z:/home/a/downloads/emide v2.20/arm/bin/../lib/gcc/arm-none-eabi/7.3.1/thumb/v7-m\libgcc.a
LOAD Lib\libc.a
END GROUP
LOAD z:/home/a/downloads/emide v2.20/arm/bin/../lib/gcc/arm-none-eabi/7.3.1/thumb/v7-m/crtend.o
LOAD z:/home/a/downloads/emide v2.20/arm/bin/../lib/gcc/arm-none-eabi/7.3.1/thumb/v7-m/crtn.o
                0x00001000                _Min_Heap_Size = 0x1000
                0x00000800                _Min_Stack_Size = 0x800

.text           0x00000000    0x10ce4
 *(.isr_vector)
 .isr_vector    0x00000000       0x44 obj\Debug\Setup\startup.o
                0x00000000                __isr_vector
                0x00000800                . = 0x800
 *fill*         0x00000044      0x7bc 
 *(.text*)
 .text          0x00000800       0x40 z:/home/a/downloads/emide v2.20/arm/bin/../lib/gcc/arm-none-eabi/7.3.1/thumb/v7-m/crtbegin.o
 .text          0x00000840       0x60 obj\Debug\Setup\startup.o
                0x00000840                Reset_Handler
                0x0000088c                NMI_Handler
                0x00000890                MemManage_Handler
                0x00000894                UsageFault_Handler
                0x00000896                SVC_Handler
                0x00000898                DebugMon_Handler
                0x0000089a                PendSV_Handler
                0x0000089e                DEF_IRQHandler
                0x0000089e                Default_Handler
 .text          0x000008a0       0x94 obj\Debug\Src\crc32.o
                0x000008a0                crc_reflect
                0x000008e6                crc_update
 .text          0x00000934      0xcbc obj\Debug\Src\FlashTest.o
                0x00001304                HardFault_Handler
                0x00001318                BusFault_Handler
                0x0000132c                Parity_Int_Handler
                0x00001388                main
                0x000014a8                SysTick_Handler
 .text          0x000015f0     0x146c obj\Debug\Src\system\ADuCM350\afe.o
                0x000016c2                adi_AFE_SetDataFifoSource
                0x00001702                adi_AFE_SetWavegenType
                0x00001742                adi_AFE_SetSwitchState
                0x00001760                adi_AFE_WriteCalibrationRegister
                0x000017a0                adi_AFE_ReadCalibrationRegister
                0x00001936                adi_AFE_ProgramTxDMA
                0x00001996                adi_AFE_ProgramRxDMA
                0x00001aac                adi_AFE_GetSeqError
                0x00001ac4                adi_AFE_SetSeqError
                0x00001ae2                adi_AFE_GetSeqState
                0x00001b02                adi_AFE_SetSeqState
                0x00001b20                adi_AFE_GetCmdFifoReady
                0x00001b40                adi_AFE_GetSeqFinished
                0x00001b60                adi_AFE_GetRxDmaComplete
                0x00001b96                adi_AFE_SetRunSequenceBlockingMode
                0x00001bb4                adi_AFE_GetRunSequenceBlockingMode
                0x00001bd2                adi_AFE_SeqInit
                0x00001cbc                adi_AFE_SeqStart
                0x00001ce8                adi_AFE_SeqStop
                0x00001d32                adi_AFE_SeqAbort
                0x00001d72                adi_AFE_SeqCheck
                0x00001dd2                adi_AFE_RunSequence
                0x00001f34                adi_AFE_EnableSoftwareCRC
                0x00001f56                adi_AFE_GetLowPowerModeFlag
                0x00001f76                adi_AFE_SetLowPowerModeFlag
                0x00001f94                adi_AFE_InvalidHandle
                0x00001fbc                adi_AFE_HandleNotInitialized
                0x00001fde                adi_AFE_SetRcal
                0x00001ffa                adi_AFE_GetRcal
                0x00002018                adi_AFE_SetRtia
                0x00002034                adi_AFE_GetRtia
                0x00002052                adi_AFE_RegisterCallbackOnTransmitDMA
                0x00002074                adi_AFE_RegisterCallbackOnReceiveDMA
                0x00002096                adi_AFE_RegisterAfeCallback
                0x0000210c                adi_AFE_RegisterCallbackOnCommandFIFO
                0x00002134                adi_AFE_RegisterCallbackOnDataFIFO
                0x0000215c                adi_AFE_SetDmaRxBufferMaxSize
                0x00002188                adi_AFE_GetDmaRxBufferMaxSize
                0x000021b4                adi_AFE_Init
                0x000022ac                adi_AFE_UnInit
                0x00002324                adi_AFE_EnableInterruptSource
                0x000023dc                adi_AFE_ClearInterruptSource
                0x00002444                AFE_Capture_Int_Handler
                0x00002574                AFE_Generate_Int_Handler
                0x0000263c                AFE_CmdFIFO_Int_Handler
                0x000027b4                AFE_DataFIFO_Int_Handler
                0x000028bc                DMA_AFE_TX_Int_Handler
                0x000028fc                DMA_AFE_RX_Int_Handler
 .text          0x00002a5c      0x574 obj\Debug\Src\system\ADuCM350\beep.o
                0x00002ac0                adi_Beep_Init
                0x00002b64                adi_Beep_UnInit
                0x00002ba0                adi_Beep_SetInterruptEnables
                0x00002bfa                adi_Beep_GetInterruptEnables
                0x00002c26                adi_Beep_SetInterruptStatus
                0x00002c66                adi_Beep_GetInterruptStatus
                0x00002c92                adi_Beep_GetBusyStatus
                0x00002cc4                adi_Beep_SetDeviceEnable
                0x00002d10                adi_Beep_GetDeviceEnable
                0x00002d42                adi_Beep_SetToneEnable
                0x00002da0                adi_Beep_GetToneEnable
                0x00002de4                adi_Beep_SetTone
                0x00002e34                adi_Beep_GetTone
                0x00002e82                adi_Beep_SetSequence
                0x00002ebc                adi_Beep_GetSequence
                0x00002ee0                adi_Beep_RegisterCallback
                0x00002f06                Beep_Int_Handler
 .text          0x00002fd0     0x1dd0 obj\Debug\Src\system\ADuCM350\captouch.o
                0x00003034                adi_CT_Init
                0x00003244                adi_CT_UnInit
                0x00003288                adi_CT_SetEnable
                0x000032cc                adi_CT_GetEnable
                0x000032fc                adi_CT_SetPowerStatus
                0x0000333c                adi_CT_GetPowerStatus
                0x0000336c                adi_CT_SetGenericSettings
                0x000033c6                adi_CT_SetIntCycles
                0x00003406                adi_CT_GetIntCycles
                0x0000342e                adi_CT_SetUnmatchedPads
                0x0000346e                adi_CT_GetUnmatchedPads
                0x00003496                adi_CT_SetTimingsCfg
                0x00003546                adi_CT_GetTimingsCfg
                0x000035a2                adi_CT_SetSelfTimerEnable
                0x000035e2                adi_CT_GetSelfTimerEnable
                0x00003612                adi_CT_SetSelfTimerValue
                0x00003656                adi_CT_GetSelfTimerValue
                0x0000367e                adi_CT_SetByPassGain
                0x000036be                adi_CT_GetByPassGain
                0x000036ee                adi_CT_SetIntBufferBiasCurrent
                0x0000372e                adi_CT_GetIntBufferBiasCurrent
                0x00003756                adi_CT_SetPGABiasCurrent
                0x00003796                adi_CT_GetPGABiasCurrent
                0x000037be                adi_CT_SetC2VBiasCurrent
                0x000037fa                adi_CT_GetC2VBiasCurrent
                0x00003822                adi_CT_SetPK2PKCfg
                0x00003888                adi_CT_GetPK2PKCfg
                0x000038e2                adi_CT_SetC2VLowPassFilterEnable
                0x00003922                adi_CT_GetC2VLowPassFilterEnable
                0x00003948                adi_CT_SetCDCResultFormat
                0x00003988                adi_CT_GetCDCResultFormat
                0x000039ac                adi_CT_SetIIRFilterEnable
                0x000039ec                adi_CT_GetIIRFilterEnable
                0x00003a1c                adi_CT_SetIIRFilterWeight
                0x00003a5c                adi_CT_GetIIRFilterWeight
                0x00003a86                adi_CT_SetAverageCfg
                0x00003af8                adi_CT_GetAverageCfg
                0x00003b6c                adi_CT_SetBaselineCfg
                0x00003bdc                adi_CT_GetBaselineCfg
                0x00003c44                adi_CT_SetStageGenericCfg
                0x00003cd0                adi_CT_GetStageGenericCfg
                0x00003d58                adi_CT_SetStagesCalibrationEnable
                0x00003da0                adi_CT_GetStagesCalibrationEnable
                0x00003dc2                adi_CT_SetStageSelectInput
                0x00003e24                adi_CT_GetStageSelectInput
                0x00003e62                adi_CT_SetStageByPassPGA
                0x00003eb2                adi_CT_GetStageByPassPGA
                0x00003ef8                adi_CT_SetStagePGAGain
                0x00003f4c                adi_CT_GetStagePGAGain
                0x00003f8a                adi_CT_SetStageC2VRange
                0x00003fde                adi_CT_GetStageC2VRange
                0x0000401c                adi_CT_SetStagePK2PKEnable
                0x0000406c                adi_CT_GetStagePK2PKEnable
                0x000040b2                adi_CT_SetStageFreqHoppingEnable
                0x00004102                adi_CT_GetStageFreqHoppingEnable
                0x00004148                adi_CT_SetStageCAPDACEnable
                0x00004198                adi_CT_GetStageCAPDACEnable
                0x000041de                adi_CT_SetStageCAPDACValue
                0x0000424a                adi_CT_GetStageCAPDACValue
                0x0000429c                adi_CT_SetStagesEnable
                0x000042e2                adi_CT_GetStagesEnable
                0x00004304                adi_CT_SetStageSensorThreshold
                0x00004380                adi_CT_GetStageSensorThreshold
                0x000043e0                adi_CT_SetTouchEnable
                0x00004420                adi_CT_GetTouchEnable
                0x00004450                adi_CT_SetReleaseEnable
                0x00004490                adi_CT_GetReleaseEnable
                0x000044c0                adi_CT_SetTouchCfg
                0x00004540                adi_CT_GetTouchCfg
                0x000045ca                adi_CT_SetReleaseCfg
                0x0000464c                adi_CT_GetReleaseCfg
                0x000046d6                adi_CT_GetCDCValue
                0x00004736                adi_CT_GetBaselineValue
                0x00004774                adi_CT_GetFastFilterValue
                0x000047b4                adi_CT_GetPK2PKValue
                0x00004814                adi_CT_SetInterruptsEnable
                0x0000485c                adi_CT_GetInterruptsEnable
                0x0000487e                adi_CT_SetInterruptFlag
                0x00004898                adi_CT_ClearInterruptFlag
                0x000048b2                adi_CT_GetInterruptFlag
                0x000048d2                adi_CT_GetInterruptStatus
                0x000048f0                adi_CT_GetOffsHStatus
                0x00004912                adi_CT_GetOffsLStatus
                0x00004934                adi_CT_GetProxStatus
                0x00004956                adi_CT_GetFProxStatus
                0x00004a00                adi_CT_SetAutoForceBaselineCal
                0x00004a24                adi_CT_SetStartSingleSequence
                0x00004a48                adi_CT_GetTchAndRelAlgorithmStatus
                0x00004d1a                adi_CT_RegisterCallback
                0x00004d40                CapTouch_Int_Handler
 .text          0x00004da0      0x528 obj\Debug\Src\system\ADuCM350\dma.o
                0x00004da0                adi_DMA_Init
                0x00004edc                adi_DMA_UnInit
                0x00004f40                adi_DMA_SetChannelAssign
                0x00004f80                adi_DMA_SetByteSwap
                0x00004fd0                adi_DMA_SubmitTransfer
                0x00005184                adi_DMA_ReSubmit
                0x000051f0                adi_DMA_GetRemainingCount
                0x00005244                adi_DMA_GetState
 .text          0x000052c8      0xa24 obj\Debug\Src\system\ADuCM350\flash.o
                0x00005464                Flash0_Int_Handler
                0x00005478                Flash1_Int_Handler
                0x0000548c                GPFlash_Int_Handler
                0x000054a0                DMA_CRC_Int_Handler
                0x000054b4                adi_FEE_Init
                0x000055d4                adi_FEE_UnInit
                0x00005628                adi_FEE_PageErase
                0x00005690                adi_FEE_MassErase
                0x000056d4                adi_FEE_VerifySignature
                0x000057a6                adi_FEE_Abort
                0x000057d6                adi_FEE_Write
                0x000058b0                adi_FEE_SubmitTxBuffer
                0x0000594c                adi_FEE_IsTxBufferAvailable
                0x00005980                adi_FEE_GetTxBuffer
                0x000059f4                adi_FEE_WriteProtectBlocks
                0x00005a88                adi_FEE_GetBlockNumber
                0x00005aca                adi_FEE_GetPageNumber
                0x00005b0a                adi_FEE_SetParityChecking
                0x00005b98                adi_FEE_GetParityError
                0x00005bf4                adi_FEE_SetInterruptAbort
                0x00005ca8                adi_FEE_ReadProtectEnable
 .text          0x00005cec      0x814 obj\Debug\Src\system\ADuCM350\gpio.o
                0x00005d50                adi_GPIO_Init
                0x00005da4                adi_GPIO_UnInit
                0x00005dba                adi_GPIO_ResetToPowerUp
                0x00005e40                adi_GPIO_RetrievePinMuxing
                0x00005e5a                adi_GPIO_EnableIRQ
                0x00005f38                adi_GPIO_DisableIRQ
                0x00005ff4                adi_GPIO_ClearIRQ
                0x00006020                adi_GPIO_SetGroupInterruptPins
                0x00006062                adi_GPIO_GetGroupInterruptPins
                0x000060a0                adi_GPIO_SetGroupInterruptPolarity
                0x000060c2                adi_GPIO_GetGroupInterruptPolarity
                0x000060de                adi_GPIO_GetGroupInterruptStatus
                0x000060fa                adi_GPIO_ClrGroupInterruptStatus
                0x0000611c                adi_GPIO_SetOutputEnable
                0x00006172                adi_GPIO_SetInputEnable
                0x000061c8                adi_GPIO_SetPullUpEnable
                0x0000621e                adi_GPIO_GetOutputEnable
                0x0000623a                adi_GPIO_GetInputEnable
                0x00006256                adi_GPIO_GetPullUpEnable
                0x00006272                adi_GPIO_SetHigh
                0x00006294                adi_GPIO_SetLow
                0x000062b6                adi_GPIO_Toggle
                0x000062d8                adi_GPIO_SetData
                0x000062fa                adi_GPIO_GetData
                0x00006316                adi_GPIO_GetOutputData
                0x00006332                adi_GPIO_RegisterCallback
                0x00006390                CommonInterruptHandler
                0x00006450                Ext_Int0_Handler
                0x00006460                Ext_Int1_Handler
                0x00006470                Ext_Int2_Handler
                0x00006480                Ext_Int3_Handler
                0x00006490                Ext_Int4_Handler
                0x000064a0                Ext_Int5_Handler
                0x000064b0                Ext_Int6_Handler
                0x000064c0                Ext_Int7_Handler
                0x000064d0                Ext_Int8_Handler
                0x000064e0                GPIO_A_Int_Handler
                0x000064f0                GPIO_B_Int_Handler
 .text          0x00006500      0x5d0 obj\Debug\Src\system\ADuCM350\gpt.o
                0x00006564                adi_GPT_Init
                0x00006640                adi_GPT_UnInit
                0x00006676                adi_GPT_ClearCapturedEventStatus
                0x00006692                adi_GPT_ClearTimeoutInterrupt
                0x000066ae                adi_GPT_GetCapturedValue
                0x000066d0                adi_GPT_GetTimerBusy
                0x000066f2                adi_GPT_GetCaptureEventPending
                0x00006714                adi_GPT_GetTimeOutEventStatus
                0x00006736                adi_GPT_GetTimerConfigValid
                0x00006756                adi_GPT_SetLdVal
                0x00006776                adi_GPT_GetLdVal
                0x00006798                adi_GPT_GetTxVal
                0x000067ba                adi_GPT_SetEventToCapture
                0x00006802                adi_GPT_SetCaptureEventEnable
                0x0000684e                adi_GPT_SetPrescaler
                0x00006894                adi_GPT_SetTimerEnable
                0x000068e0                adi_GPT_SetPeriodicMode
                0x00006938                adi_GPT_SetFreeRunningMode
                0x00006964                adi_GPT_SetCountMode
                0x000069aa                adi_GPT_SetClockSelect
                0x000069f0                adi_GPT_ResetTimer
                0x00006a16                adi_GPT_RegisterCallback
                0x00006a96                GP_Tmr0_Int_Handler
                0x00006aa8                GP_Tmr1_Int_Handler
                0x00006abc                GP_Tmr2_Int_Handler
 .text          0x00006ad0     0x1774 obj\Debug\Src\system\ADuCM350\i2c.o
                0x00006b34                adi_I2C_MasterInit
                0x00006ba4                adi_I2C_SlaveInit
                0x00006c14                adi_I2C_UnInit
                0x00006c5e                adi_I2C_SetSlaveDeviceIdWidth
                0x00006c98                adi_I2C_SetMasterClock
                0x00006cea                adi_I2C_SetBlockingMode
                0x00006d08                adi_I2C_GetNonBlockingStatus
                0x00006d74                adi_I2C_SetDmaMode
                0x00006e3c                adi_I2C_GetDmaCompletion
                0x00006e56                adi_I2C_GetGeneralCallCommand
                0x00006e7a                adi_I2C_MasterTransmit
                0x00006f9e                adi_I2C_MasterReceive
                0x000071fe                adi_I2C_SlaveTransmit
                0x00007322                adi_I2C_SlaveReceive
                0x00007898                adi_I2C_RegisterCallback
                0x00007ac4                DispatchMasterInterrupt
                0x00007b3c                I2C0_Master_Int_Handler
                0x00007d3c                DispatchSlaveInterrupt
                0x00007dac                I2C0_Slave_Int_Handler
                0x000081fc                DMA_I2C0_STX_Int_Handler
                0x00008214                DMA_I2C0_SRX_Int_Handler
                0x0000822c                DMA_I2C0_MX_Int_Handler
 .text          0x00008244      0xdfc obj\Debug\Src\system\ADuCM350\i2s.o
                0x000082a8                adi_I2S_Init
                0x00008344                adi_I2S_UnInit
                0x0000837e                adi_I2S_SetBlockingMode
                0x0000839c                adi_I2S_GetNonBlockingStatus
                0x000083be                adi_I2S_Transmit
                0x00008460                adi_I2S_SetDmaMode
                0x00008508                adi_I2S_GetDmaCompletion
                0x000085e4                adi_I2S_SetDataFormat
                0x00008624                adi_I2S_SetChannelFormat
                0x00008664                adi_I2S_FrameRate
                0x000086a4                adi_I2S_SlotWidth
                0x000086e4                adi_I2S_DataWidth
                0x00008736                adi_I2S_SetLRCLKMode
                0x00008776                adi_I2S_SetEndianFormat
                0x000087b6                adi_I2S_SetBLCKRate
                0x000087f6                adi_I2S_SetMasterSlave
                0x00008836                adi_I2S_SetDriveUnusedBits
                0x00008870                adi_I2S_SetLRCLKPolarity
                0x000088b0                adi_I2S_SetBLCKEdge
                0x000088f0                adi_I2S_SetChannel_2_Drive
                0x00008930                adi_I2S_SetChannel_1_Drive
                0x00008970                adi_I2S_SetChannel_2_OutputMap
                0x000089b0                adi_I2S_SetChannel_1_OutputMap
                0x000089f0                adi_I2S_SetFifoReset
                0x00008a30                adi_I2S_SetIncrReset
                0x00008a70                adi_I2S_SetReqEnable
                0x00008ab0                adi_I2S_SetStatEnable
                0x00008af0                adi_I2S_SetAutoIncrEnable
                0x00008b30                adi_I2S_SetTranMode
                0x00008b70                adi_I2S_SetChanSel_2_Enable
                0x00008bb0                adi_I2S_SetChanSel_1_Enable
                0x00008bf0                adi_I2S_RegisterCallback
                0x00008c14                adi_I2S_Enable
                0x00008f80                I2S_Int_Handler
                0x0000902c                DMA_I2S_Int_Handler
 .text          0x00009040      0x684 obj\Debug\Src\system\ADuCM350\lcd.o
                0x00009074                adi_LCD_Init
                0x00009104                adi_LCD_UnInit
                0x00009128                adi_LCD_SetBlinkMode
                0x00009198                adi_LCD_SetChargePumpIntEnable
                0x000091d8                adi_LCD_SetFrameBoundaryIntEnable
                0x00009218                adi_LCD_SetFrameInversionModeEnable
                0x00009258                adi_LCD_SetFrameRate
                0x00009298                adi_LCD_Reset
                0x000092c4                adi_LCD_SetScreenSelect
                0x00009304                adi_LCD_SetMuxType
                0x00009344                adi_LCD_Enable
                0x0000937e                adi_LCD_SetBlinkFreq
                0x000093be                adi_LCD_SetAutoSwitch
                0x000093fe                adi_LCD_SetContrast
                0x00009438                adi_LCD_EnableChargePump
                0x00009480                adi_LCD_SetDataReg
                0x000094dc                adi_LCD_GetDataReg
                0x0000953a                adi_LCD_ToggleLCD
                0x00009566                adi_LCD_GetIdleStatus
                0x00009598                adi_LCD_GetVLCDStatus
                0x000095ca                adi_LCD_GetChargePumpGoodStatus
                0x000095fc                adi_LCD_GetSafeToWriteStatus
                0x0000962e                adi_LCD_RegisterCallback
                0x00009656                LCD_Int_Handler
 .text          0x000096c4      0x498 obj\Debug\Src\system\ADuCM350\rng.o
                0x00009728                adi_RNG_Init
                0x000097b4                adi_RNG_UnInit
                0x000097f0                adi_RNG_Enable
                0x0000983c                adi_RNG_EnableCounter
                0x00009888                adi_RNG_SetMode
                0x000098d4                adi_RNG_SetLenReload
                0x0000991c                adi_RNG_SetLenPrescaler
                0x00009968                adi_RNG_SetControl
                0x0000998c                adi_RNG_SetSampleLen
                0x000099b0                adi_RNG_GetRdyStatus
                0x000099e2                adi_RNG_GetRngData
                0x00009a20                adi_RNG_GetControl
                0x00009a42                adi_RNG_GetOscCount
                0x00009aa0                adi_RNG_GetSampleLen
                0x00009ac2                adi_RNG_RegisterCallback
                0x00009af0                Random_Int_Handler
 .text          0x00009b5c      0x904 obj\Debug\Src\system\ADuCM350\rtc.o
                0x00009bc0                adi_RTC_Init
                0x00009c88                adi_RTC_ClearFailSafe
                0x00009cb0                adi_RTC_UnInit
                0x00009cec                adi_RTC_EnableAlarm
                0x00009d4a                adi_RTC_EnableDevice
                0x00009da8                adi_RTC_EnableInterrupts
                0x00009e20                adi_RTC_EnableLcdUpdate
                0x00009e7e                adi_RTC_EnableSafeWrites
                0x00009e9c                adi_RTC_EnableTrim
                0x00009efa                adi_RTC_GetAlarm
                0x00009f48                adi_RTC_GetControl
                0x00009f6a                adi_RTC_GetCount
                0x00009fb8                adi_RTC_GetInterruptStatus
                0x00009fe2                adi_RTC_GetLcdUpdate
                0x0000a00c                adi_RTC_GetTrim
                0x0000a034                adi_RTC_GetWriteErrorSource
                0x0000a05e                adi_RTC_GetWritePendStatus
                0x0000a086                adi_RTC_GetWriteSyncStatus
                0x0000a0ae                adi_RTC_SetAlarm
                0x0000a0f8                adi_RTC_SetControl
                0x0000a136                adi_RTC_SetCount
                0x0000a1b4                adi_RTC_SetGateway
                0x0000a1d8                adi_RTC_ClearInterruptStatus
                0x0000a21a                adi_RTC_SetLcdUpdate
                0x0000a290                adi_RTC_SetTrim
                0x0000a2d4                adi_RTC_SynchronizeAllWrites
                0x0000a2fc                adi_RTC_RegisterCallback
                0x0000a322                RTC_Int_Handler
 .text          0x0000a460     0x1b18 obj\Debug\Src\system\ADuCM350\spi.o
                0x0000a4f8                adi_SPI_MasterInit
                0x0000a5d8                adi_SPI_SlaveInit
                0x0000a6a4                adi_SPI_UnInit
                0x0000a734                adi_SPI_RegisterCallback
                0x0000a758                adi_SPI_SetGenericSettings
                0x0000a7c4                adi_SPI_GetGenericSettings
                0x0000a818                adi_SPI_SetInterruptMode
                0x0000a89c                adi_SPI_GetInterruptMode
                0x0000a8f4                adi_SPI_SetFifoTxFlush
                0x0000a93c                adi_SPI_GetFifoTxFlush
                0x0000a964                adi_SPI_SetFifoRxFlush
                0x0000a9ac                adi_SPI_GetFifoRxFlush
                0x0000a9d4                adi_SPI_SetContinousMode
                0x0000aa1c                adi_SPI_GetContinousMode
                0x0000aa44                adi_SPI_SetLoopback
                0x0000aa8c                adi_SPI_GetLoopback
                0x0000aab4                adi_SPI_SetMisoOutput
                0x0000ab00                adi_SPI_GetMisoOutput
                0x0000ab28                adi_SPI_SetReceiveOverflow
                0x0000ab70                adi_SPI_GetReceiveOverflow
                0x0000ab98                adi_SPI_SetTransmitUnderflow
                0x0000abe0                adi_SPI_GetTransmitUnderflow
                0x0000ac08                adi_SPI_SetTransferInitiateMode
                0x0000ac50                adi_SPI_GetTransferInitiateMode
                0x0000ac78                adi_SPI_SetLsbFirst
                0x0000acc0                adi_SPI_GetLsbFirst
                0x0000ace8                adi_SPI_SetWiredOrMode
                0x0000ad30                adi_SPI_GetWiredOrMode
                0x0000ad58                adi_SPI_SetClockPolarity
                0x0000ada0                adi_SPI_GetClockPolarity
                0x0000adc8                adi_SPI_SetClockPhase
                0x0000ae10                adi_SPI_GetClockPhase
                0x0000ae38                adi_SPI_SetMasterMode
                0x0000ae80                adi_SPI_GetMasterMode
                0x0000aea8                adi_SPI_SetBitrate
                0x0000af34                adi_SPI_GetBitrate
                0x0000af98                adi_SPI_SetChipSelect
                0x0000afe4                adi_SPI_GetChipSelect
                0x0000b006                adi_SPI_SetBlockingMode
                0x0000b024                adi_SPI_GetBlockingMode
                0x0000b03a                adi_SPI_SetDmaMode
                0x0000b0dc                adi_SPI_GetDmaMode
                0x0000b0f2                adi_SPI_GetDmaTxComplete
                0x0000b10c                adi_SPI_GetDmaRxComplete
                0x0000b126                adi_SPI_MasterTransfer
                0x0000b368                adi_SPI_MasterComplete
                0x0000b392                adi_SPI_SlaveTransfer
                0x0000b4e4                adi_SPI_SlaveComplete
                0x0000b9ee                SPI0_Int_Handler
                0x0000ba04                SPI1_Int_Handler
                0x0000ba18                SPIH_Int_Handler
                0x0000bf00                DMA_SPI0_TX_Int_Handler
                0x0000bf14                DMA_SPI0_RX_Int_Handler
                0x0000bf28                DMA_SPI1_TX_Int_Handler
                0x0000bf3c                DMA_SPI1_RX_Int_Handler
                0x0000bf50                DMA_SPIH_TX_Int_Handler
                0x0000bf64                DMA_SPIH_RX_Int_Handler
 .text          0x0000bf78      0x460 obj\Debug\Src\system\ADuCM350\startup.o
                0x0000bf78                ResetISR
                0x0000c010                NmiSR
                0x0000c11a                WDog_Tmr_Int_Handler
                0x0000c198                DMA_Err_Int_Handler
                0x0000c1fa                DMA_UART_TX_Int_Handler
                0x0000c208                DMA_UART_RX_Int_Handler
                0x0000c26a                DMA_PDI_Int_Handler
                0x0000c286                USB_Wakeup_Int_Handler
                0x0000c294                USB_Control_Int_Handler
                0x0000c2a2                USB_DMA_Int_Handler
                0x0000c382                XTAL_Int_Handler
                0x0000c390                PLL_Int_Handler
                0x0000c3ac                PDI_Int_Handler
                0x0000c3c8                RESERVED_VECTOR
 .text          0x0000c3d8      0xf70 obj\Debug\Src\system\ADuCM350\system.o
                0x0000c3d8                SystemInit
                0x0000c488                SystemCoreClockUpdate
                0x0000c558                SetSystemExtClkFreq
                0x0000c574                SetSystemClockMux
                0x0000c6f8                GetSystemClockMux
                0x0000c78c                GetSystemExtClkFreq
                0x0000c7a0                SystemGetClockFrequency
                0x0000c880                SystemEnableClock
                0x0000c934                SetSystemClockDivider
                0x0000c9f4                SystemEnableClockSource
                0x0000cb64                SystemClockSourcePowerUp
                0x0000cc54                SystemClockSourcePowerDownIfUnused
                0x0000cf30                GetClockSourceStatus
                0x0000d09c                SetPllFreq
                0x0000d148                SystemEnterLowPowerMode
                0x0000d264                SystemExitLowPowerMode
 .text          0x0000d348      0xecc obj\Debug\Src\system\ADuCM350\uart.o
                0x0000d3ce                UART_Int_Handler
                0x0000d934                adi_UART_Init
                0x0000d9f0                adi_UART_UnInit
                0x0000da34                adi_UART_BufTx
                0x0000da7a                adi_UART_BufRx
                0x0000dac0                adi_UART_BufFlush
                0x0000db12                adi_UART_SetBaudRate
                0x0000dbf0                adi_UART_GetBaudRate
                0x0000dc46                adi_UART_SetGenericSettings
                0x0000dcd4                adi_UART_GetGenericSettings
                0x0000dd3a                adi_UART_SetLoopback
                0x0000dd82                adi_UART_GetLoopback
                0x0000ddaa                adi_UART_SetStopBit
                0x0000ddf2                adi_UART_GetStopBit
                0x0000de1a                adi_UART_SetBreakBit
                0x0000de62                adi_UART_GetBreakBit
                0x0000de8a                adi_UART_SetParityMode
                0x0000df0c                adi_UART_GetParityMode
                0x0000df48                adi_UART_SetWordLength
                0x0000df94                adi_UART_GetWordLength
                0x0000dfb6                adi_UART_SetDmaMode
                0x0000dfd0                adi_UART_GetDmaMode
                0x0000dfe6                adi_UART_Enable
                0x0000e03e                adi_UART_GetEnable
                0x0000e068                adi_UART_SetInterruptMode
                0x0000e0ca                adi_UART_GetInterruptMode
                0x0000e0e0                adi_UART_SetBlockingMode
                0x0000e0fe                adi_UART_GetBlockingMode
                0x0000e114                adi_UART_SetStickParity
                0x0000e15c                adi_UART_GetStickParity
                0x0000e184                adi_UART_GetNumRxBytes
                0x0000e1cc                adi_UART_GetNumTxBytes
 .text          0x0000e214      0x658 obj\Debug\Src\system\ADuCM350\wdt.o
                0x0000e278                adi_WDT_Init
                0x0000e330                adi_WDT_UnInit
                0x0000e35a                adi_WDT_SetLoadCount
                0x0000e3ac                adi_WDT_SetEnable
                0x0000e424                adi_WDT_SetPrescale
                0x0000e4d8                adi_WDT_SetIRQMode
                0x0000e564                adi_WDT_SetPDClear
                0x0000e5dc                adi_WDT_SetWaitMode
                0x0000e5fa                adi_WDT_GetLockedStatus
                0x0000e624                adi_WDT_GetCONSyncStatus
                0x0000e650                adi_WDT_GetLDSyncStatus
                0x0000e67c                adi_WDT_GetCLRISyncStatus
                0x0000e6a8                adi_WDT_GetIRQPendStatus
                0x0000e6d4                adi_WDT_GetCount
                0x0000e6f0                adi_WDT_GetEnable
                0x0000e71c                adi_WDT_GetPrescale
                0x0000e740                adi_WDT_GetIRQMode
                0x0000e76c                adi_WDT_GetPDClear
                0x0000e798                adi_WDT_GetWaitMode
                0x0000e7ae                adi_WDT_ResetTimer
                0x0000e7fc                adi_WDT_Trigger
 .text          0x0000e86c      0x7e8 obj\Debug\Src\system\ADuCM350\wut.o
                0x0000e86c                adi_WUT_Init
                0x0000e978                adi_WUT_UnInit
                0x0000e9c2                adi_WUT_SetClockSelect
                0x0000ea12                adi_WUT_GetClockSelect
                0x0000ea54                adi_WUT_SetComparator
                0x0000eb4a                adi_WUT_GetComparator
                0x0000ebde                adi_WUT_SetFreezeEnable
                0x0000ec2a                adi_WUT_GetFreezeEnable
                0x0000ec54                adi_WUT_SetInterruptEnable
                0x0000ecbe                adi_WUT_GetInterruptEnable
                0x0000ecf8                adi_WUT_SetIntervalA
                0x0000ed44                adi_WUT_GetIntervalA
                0x0000ed5e                adi_WUT_SetPrescaler
                0x0000eda4                adi_WUT_GetPrescaler
                0x0000edc6                adi_WUT_SetTimerEnable
                0x0000ee12                adi_WUT_GetTimerEnable
                0x0000ee3c                adi_WUT_SetTimerMode
                0x0000ee88                adi_WUT_GetTimerMode
                0x0000eeb2                adi_WUT_GetCurrentCount
                0x0000ef00                adi_WUT_ClearInterruptFlag
                0x0000ef2e                adi_WUT_GetStatusRegister
                0x0000ef48                adi_WUT_GetWakeUpEnable
                0x0000ef72                adi_WUT_SetWakeUpEnable
                0x0000efbe                adi_WUT_RegisterCallback
                0x0000efe4                WakeUp_Int_Handler
 .text          0x0000f054       0x20 obj\Debug\Src\system\newlib\_exit.o
                0x0000f054                _exit
                0x0000f05e                abort
 .text          0x0000f074       0x24 obj\Debug\Src\system\newlib\assert.o
                0x0000f074                __assert_func
 .text          0x0000f098      0x114 obj\Debug\Src\test_common.o
                0x0000f098                test_Init
                0x0000f0f4                test_Pass
                0x0000f118                test_Fail
                0x0000f15c                test_Perf
 .text.srand    0x0000f1ac       0x14 Lib\libc.a(rand.c.o)
                0x0000f1ac                srand
 .text.memcpy   0x0000f1c0       0x16 Lib\libc.a(memcpy.c.o)
                0x0000f1c0                memcpy
 .text.sprintf  0x0000f1d6       0x34 Lib\libc.a(sprintf.c.o)
                0x0000f1d6                sprintf
 *fill*         0x0000f20a        0x2 
 .text.vfprintf
                0x0000f20c      0x5c8 Lib\libc.a(vfprintf.c.o)
                0x0000f20c                vfprintf
 .text.strnlen  0x0000f7d4       0x18 Lib\libc.a(strnlen.c.o)
                0x0000f7d4                strnlen
 .text.fputc    0x0000f7ec       0x32 Lib\libc.a(fputc.c.o)
                0x0000f7ec                fputc
 *fill*         0x0000f81e        0x2 
 .text.__ftoa_engine
                0x0000f820      0x184 Lib\libc.a(ftoa_engine.c.o)
                0x0000f820                __ftoa_engine
 .text.__ultoa_invert
                0x0000f9a4       0x28 Lib\libc.a(ultoa_invert.c.o)
                0x0000f9a4                __ultoa_invert
 .text          0x0000f9cc       0x1c z:/home/a/downloads/emide v2.20/arm/bin/../lib/gcc/arm-none-eabi/7.3.1/thumb/v7-m\libgcc.a(_ashrdi3.o)
                0x0000f9cc                __aeabi_lasr
                0x0000f9cc                __ashrdi3
 .text          0x0000f9e8       0xa0 z:/home/a/downloads/emide v2.20/arm/bin/../lib/gcc/arm-none-eabi/7.3.1/thumb/v7-m\libgcc.a(_arm_truncdfsf2.o)
                0x0000f9e8                __truncdfsf2
                0x0000f9e8                __aeabi_d2f
 .text          0x0000fa88       0xa0 z:/home/a/downloads/emide v2.20/arm/bin/../lib/gcc/arm-none-eabi/7.3.1/thumb/v7-m\libgcc.a(_aeabi_ldivmod.o)
                0x0000fa88                __aeabi_ldivmod
 .text          0x0000fb28      0x2d0 z:/home/a/downloads/emide v2.20/arm/bin/../lib/gcc/arm-none-eabi/7.3.1/thumb/v7-m\libgcc.a(_udivmoddi4.o)
                0x0000fb28                __udivmoddi4
 .text          0x0000fdf8        0x4 z:/home/a/downloads/emide v2.20/arm/bin/../lib/gcc/arm-none-eabi/7.3.1/thumb/v7-m\libgcc.a(_dvmd_tls.o)
                0x0000fdf8                __aeabi_idiv0
                0x0000fdf8                __aeabi_ldiv0
 *(.init)
 .init          0x0000fdfc        0x4 z:/home/a/downloads/emide v2.20/arm/bin/../lib/gcc/arm-none-eabi/7.3.1/thumb/v7-m/crti.o
                0x0000fdfc                _init
 .init          0x0000fe00        0x8 z:/home/a/downloads/emide v2.20/arm/bin/../lib/gcc/arm-none-eabi/7.3.1/thumb/v7-m/crtn.o
 *(.fini)
 .fini          0x0000fe08        0x4 z:/home/a/downloads/emide v2.20/arm/bin/../lib/gcc/arm-none-eabi/7.3.1/thumb/v7-m/crti.o
                0x0000fe08                _fini
 .fini          0x0000fe0c        0x8 z:/home/a/downloads/emide v2.20/arm/bin/../lib/gcc/arm-none-eabi/7.3.1/thumb/v7-m/crtn.o
 *crtbegin.o(.ctors)
 *crtbegin?.o(.ctors)
 *(EXCLUDE_FILE(*crtend.o *crtend?.o) .ctors)
 *(SORT_BY_NAME(.ctors.*))
 *(.ctors)
 *crtbegin.o(.dtors)
 *crtbegin?.o(.dtors)
 *(EXCLUDE_FILE(*crtend.o *crtend?.o) .dtors)
 *(SORT_BY_NAME(.dtors.*))
 *(.dtors)
 *(.rodata*)
 .rodata        0x0000fe14      0x400 obj\Debug\Src\crc32.o
 .rodata        0x00010214      0x680 obj\Debug\Src\FlashTest.o
 .rodata        0x00010894        0x8 obj\Debug\Src\system\ADuCM350\beep.o
 .rodata        0x0001089c       0x94 obj\Debug\Src\system\ADuCM350\captouch.o
 .rodata        0x00010930       0x14 obj\Debug\Src\system\ADuCM350\gpio.o
 .rodata        0x00010944       0x1e obj\Debug\Src\system\ADuCM350\gpt.o
                0x00010944                GPTConfig
 *fill*         0x00010962        0x2 
 .rodata        0x00010964        0xc obj\Debug\Src\system\ADuCM350\i2s.o
 .rodata        0x00010970        0xa obj\Debug\Src\system\ADuCM350\lcd.o
 *fill*         0x0001097a        0x2 
 .rodata        0x0001097c        0x4 obj\Debug\Src\system\ADuCM350\rng.o
 .rodata        0x00010980      0x134 obj\Debug\Src\system\ADuCM350\startup.o
                0x00010980                __vector_table
 .rodata        0x00010ab4       0x7e obj\Debug\Src\system\ADuCM350\uart.o
 *fill*         0x00010b32        0x2 
 .rodata        0x00010b34        0x6 obj\Debug\Src\system\ADuCM350\wdt.o
 *fill*         0x00010b3a        0x2 
 .rodata        0x00010b3c       0x1c obj\Debug\Src\system\ADuCM350\wut.o
 .rodata        0x00010b58       0x14 obj\Debug\Src\system\newlib\_exit.o
 .rodata        0x00010b6c       0x43 obj\Debug\Src\system\newlib\assert.o
 *fill*         0x00010baf        0x1 
 .rodata        0x00010bb0       0x87 obj\Debug\Src\test_common.o
 .rodata.vfprintf.str1.1
                0x00010c37        0x8 Lib\libc.a(vfprintf.c.o)
 .rodata.exponentTable
                0x00010c3f       0x20 Lib\libc.a(ftoa_engine.c.o)
 *fill*         0x00010c5f        0x1 
 .rodata.factorTable
                0x00010c60       0x80 Lib\libc.a(ftoa_engine.c.o)
 *(.eh_frame*)
 .eh_frame      0x00010ce0        0x0 z:/home/a/downloads/emide v2.20/arm/bin/../lib/gcc/arm-none-eabi/7.3.1/thumb/v7-m/crtbegin.o
 .eh_frame      0x00010ce0        0x4 z:/home/a/downloads/emide v2.20/arm/bin/../lib/gcc/arm-none-eabi/7.3.1/thumb/v7-m/crtend.o

.glue_7         0x00010ce4        0x0
 .glue_7        0x00010ce4        0x0 linker stubs

.glue_7t        0x00010ce4        0x0
 .glue_7t       0x00010ce4        0x0 linker stubs

.vfp11_veneer   0x00010ce4        0x0
 .vfp11_veneer  0x00010ce4        0x0 linker stubs

.v4_bx          0x00010ce4        0x0
 .v4_bx         0x00010ce4        0x0 linker stubs

.iplt           0x00010ce4        0x0
 .iplt          0x00010ce4        0x0 z:/home/a/downloads/emide v2.20/arm/bin/../lib/gcc/arm-none-eabi/7.3.1/thumb/v7-m/crtbegin.o

.ARM.extab
 *(.ARM.extab* .gnu.linkonce.armextab.*)
                0x00010ce4                __exidx_start = .

.ARM.exidx      0x00010ce4        0x8
 *(.ARM.exidx* .gnu.linkonce.armexidx.*)
 .ARM.exidx     0x00010ce4        0x8 z:/home/a/downloads/emide v2.20/arm/bin/../lib/gcc/arm-none-eabi/7.3.1/thumb/v7-m\libgcc.a(_udivmoddi4.o)
                0x00010cec                __exidx_end = .

.rel.dyn        0x00010cec        0x0
 .rel.iplt      0x00010cec        0x0 z:/home/a/downloads/emide v2.20/arm/bin/../lib/gcc/arm-none-eabi/7.3.1/thumb/v7-m/crtbegin.o

.ARM.attributes
                0x00010cec       0x29
 *(.ARM.attributes)
 .ARM.attributes
                0x00010cec       0x1d z:/home/a/downloads/emide v2.20/arm/bin/../lib/gcc/arm-none-eabi/7.3.1/thumb/v7-m/crti.o
 .ARM.attributes
                0x00010d09       0x2d z:/home/a/downloads/emide v2.20/arm/bin/../lib/gcc/arm-none-eabi/7.3.1/thumb/v7-m/crtbegin.o
 .ARM.attributes
                0x00010d36       0x1b obj\Debug\Setup\startup.o
 .ARM.attributes
                0x00010d51       0x33 obj\Debug\Src\crc32.o
 .ARM.attributes
                0x00010d84       0x33 obj\Debug\Src\FlashTest.o
 .ARM.attributes
                0x00010db7       0x33 obj\Debug\Src\system\ADuCM350\afe.o
 .ARM.attributes
                0x00010dea       0x33 obj\Debug\Src\system\ADuCM350\beep.o
 .ARM.attributes
                0x00010e1d       0x33 obj\Debug\Src\system\ADuCM350\captouch.o
 .ARM.attributes
                0x00010e50       0x33 obj\Debug\Src\system\ADuCM350\dma.o
 .ARM.attributes
                0x00010e83       0x33 obj\Debug\Src\system\ADuCM350\flash.o
 .ARM.attributes
                0x00010eb6       0x33 obj\Debug\Src\system\ADuCM350\gpio.o
 .ARM.attributes
                0x00010ee9       0x33 obj\Debug\Src\system\ADuCM350\gpt.o
 .ARM.attributes
                0x00010f1c       0x33 obj\Debug\Src\system\ADuCM350\i2c.o
 .ARM.attributes
                0x00010f4f       0x33 obj\Debug\Src\system\ADuCM350\i2s.o
 .ARM.attributes
                0x00010f82       0x33 obj\Debug\Src\system\ADuCM350\lcd.o
 .ARM.attributes
                0x00010fb5       0x33 obj\Debug\Src\system\ADuCM350\rng.o
 .ARM.attributes
                0x00010fe8       0x33 obj\Debug\Src\system\ADuCM350\rtc.o
 .ARM.attributes
                0x0001101b       0x33 obj\Debug\Src\system\ADuCM350\spi.o
 .ARM.attributes
                0x0001104e       0x33 obj\Debug\Src\system\ADuCM350\startup.o
 .ARM.attributes
                0x00011081       0x33 obj\Debug\Src\system\ADuCM350\system.o
 .ARM.attributes
                0x000110b4       0x33 obj\Debug\Src\system\ADuCM350\uart.o
 .ARM.attributes
                0x000110e7       0x33 obj\Debug\Src\system\ADuCM350\wdt.o
 .ARM.attributes
                0x0001111a       0x33 obj\Debug\Src\system\ADuCM350\wut.o
 .ARM.attributes
                0x0001114d       0x33 obj\Debug\Src\system\newlib\_exit.o
 .ARM.attributes
                0x00011180       0x33 obj\Debug\Src\system\newlib\assert.o
 .ARM.attributes
                0x000111b3       0x33 obj\Debug\Src\test_common.o
 .ARM.attributes
                0x000111e6       0x2d Lib\libc.a(rand.c.o)
 .ARM.attributes
                0x00011213       0x2d Lib\libc.a(memcpy.c.o)
 .ARM.attributes
                0x00011240       0x2d Lib\libc.a(sprintf.c.o)
 .ARM.attributes
                0x0001126d       0x2d Lib\libc.a(vfprintf.c.o)
 .ARM.attributes
                0x0001129a       0x2d Lib\libc.a(strnlen.c.o)
 .ARM.attributes
                0x000112c7       0x2d Lib\libc.a(fputc.c.o)
 .ARM.attributes
                0x000112f4       0x2d Lib\libc.a(ftoa_engine.c.o)
 .ARM.attributes
                0x00011321       0x2d Lib\libc.a(ultoa_invert.c.o)
 .ARM.attributes
                0x0001134e       0x2d z:/home/a/downloads/emide v2.20/arm/bin/../lib/gcc/arm-none-eabi/7.3.1/../../../../arm-none-eabi/lib/thumb/v7-m\libg.a(lib_a-impure.o)
 .ARM.attributes
                0x0001137b       0x1d z:/home/a/downloads/emide v2.20/arm/bin/../lib/gcc/arm-none-eabi/7.3.1/thumb/v7-m\libgcc.a(_ashrdi3.o)
 .ARM.attributes
                0x00011398       0x1d z:/home/a/downloads/emide v2.20/arm/bin/../lib/gcc/arm-none-eabi/7.3.1/thumb/v7-m\libgcc.a(_arm_truncdfsf2.o)
 .ARM.attributes
                0x000113b5       0x1d z:/home/a/downloads/emide v2.20/arm/bin/../lib/gcc/arm-none-eabi/7.3.1/thumb/v7-m\libgcc.a(_aeabi_ldivmod.o)
 .ARM.attributes
                0x000113d2       0x2d z:/home/a/downloads/emide v2.20/arm/bin/../lib/gcc/arm-none-eabi/7.3.1/thumb/v7-m\libgcc.a(_udivmoddi4.o)
 .ARM.attributes
                0x000113ff       0x1d z:/home/a/downloads/emide v2.20/arm/bin/../lib/gcc/arm-none-eabi/7.3.1/thumb/v7-m\libgcc.a(_dvmd_tls.o)
 .ARM.attributes
                0x0001141c       0x2d z:/home/a/downloads/emide v2.20/arm/bin/../lib/gcc/arm-none-eabi/7.3.1/thumb/v7-m/crtend.o
 .ARM.attributes
                0x00011449       0x1d z:/home/a/downloads/emide v2.20/arm/bin/../lib/gcc/arm-none-eabi/7.3.1/thumb/v7-m/crtn.o
                0x00011466                __etext = .

.data           0x20000000      0x4e0 load address 0x00011466
                0x20000000                __data_start__ = .
                0x20000000                _data = .
 *(vtable)
 *(.data*)
 .data          0x20000000        0x8 obj\Debug\Src\system\ADuCM350\dma.o
 .data          0x20000008       0x60 obj\Debug\Src\system\ADuCM350\flash.o
 .data          0x20000068       0x14 obj\Debug\Src\system\ADuCM350\lcd.o
 .data          0x2000007c       0x2c obj\Debug\Src\system\ADuCM350\uart.o
 .data._impure_ptr
                0x200000a8        0x4 z:/home/a/downloads/emide v2.20/arm/bin/../lib/gcc/arm-none-eabi/7.3.1/../../../../arm-none-eabi/lib/thumb/v7-m\libg.a(lib_a-impure.o)
                0x200000a8                _impure_ptr
 *fill*         0x200000ac        0x4 
 .data.impure_data
                0x200000b0      0x428 z:/home/a/downloads/emide v2.20/arm/bin/../lib/gcc/arm-none-eabi/7.3.1/../../../../arm-none-eabi/lib/thumb/v7-m\libg.a(lib_a-impure.o)
                0x200004d8                . = ALIGN (0x4)
                0x200004d8                PROVIDE (__preinit_array_start = .)
 *(.preinit_array)
                0x200004d8                PROVIDE (__preinit_array_end = .)
                0x200004d8                . = ALIGN (0x4)
                0x200004d8                PROVIDE (__init_array_start = .)
 *(SORT_BY_NAME(.init_array.*))
 *(.init_array)
 .init_array    0x200004d8        0x4 z:/home/a/downloads/emide v2.20/arm/bin/../lib/gcc/arm-none-eabi/7.3.1/thumb/v7-m/crtbegin.o
                0x200004dc                PROVIDE (__init_array_end = .)
                0x200004dc                . = ALIGN (0x4)
                0x200004dc                PROVIDE (__fini_array_start = .)
 *(SORT_BY_NAME(.fini_array.*))
 *(.fini_array)
 .fini_array    0x200004dc        0x4 z:/home/a/downloads/emide v2.20/arm/bin/../lib/gcc/arm-none-eabi/7.3.1/thumb/v7-m/crtbegin.o
                0x200004e0                PROVIDE (__fini_array_end = .)
 *(.jcr*)
                0x200004e0                . = ALIGN (0x4)
                0x200004e0                __data_end__ = .

.igot.plt       0x200004e0        0x0 load address 0x00011948
 .igot.plt      0x200004e0        0x0 z:/home/a/downloads/emide v2.20/arm/bin/../lib/gcc/arm-none-eabi/7.3.1/thumb/v7-m/crtbegin.o

.bss            0x200004e0     0x1708 load address 0x00011948
                0x200004e0                . = ALIGN (0x4)
                0x200004e0                __bss_start__ = .
 *(.bss*)
 .bss           0x200004e0       0x1c z:/home/a/downloads/emide v2.20/arm/bin/../lib/gcc/arm-none-eabi/7.3.1/thumb/v7-m/crtbegin.o
 .bss           0x200004fc     0x111c obj\Debug\Src\FlashTest.o
 .bss           0x20001618       0x35 obj\Debug\Src\system\ADuCM350\afe.o
 *fill*         0x2000164d        0x3 
 .bss           0x20001650       0x14 obj\Debug\Src\system\ADuCM350\beep.o
                0x20001650                gBEEP_DevData
 .bss           0x20001664       0x14 obj\Debug\Src\system\ADuCM350\captouch.o
 .bss           0x20001678      0x20c obj\Debug\Src\system\ADuCM350\dma.o
                0x20001878                DMA_DevData
 .bss           0x20001884        0x4 obj\Debug\Src\system\ADuCM350\flash.o
 .bss           0x20001888       0x5c obj\Debug\Src\system\ADuCM350\gpio.o
 .bss           0x200018e4       0x30 obj\Debug\Src\system\ADuCM350\gpt.o
                0x200018e4                gGPT_DevData
 .bss           0x20001914       0x80 obj\Debug\Src\system\ADuCM350\i2c.o
 .bss           0x20001994       0x64 obj\Debug\Src\system\ADuCM350\i2s.o
 .bss           0x200019f8       0x14 obj\Debug\Src\system\ADuCM350\rng.o
                0x200019f8                gRNG_DevData
 .bss           0x20001a0c       0x14 obj\Debug\Src\system\ADuCM350\rtc.o
                0x20001a0c                gRTC_DevData
 .bss           0x20001a20       0x48 obj\Debug\Src\system\ADuCM350\spi.o
 .bss           0x20001a68        0x9 obj\Debug\Src\system\ADuCM350\system.o
 *fill*         0x20001a71        0x3 
 .bss           0x20001a74        0x3 obj\Debug\Src\system\ADuCM350\wdt.o
 *fill*         0x20001a77        0x1 
 .bss           0x20001a78       0x14 obj\Debug\Src\system\ADuCM350\wut.o
 *(COMMON)
 COMMON         0x20001a8c       0x60 obj\Debug\Src\system\ADuCM350\afe.o
                0x20001a8c                AFE_DevData
 COMMON         0x20001aec       0xfc obj\Debug\Src\system\ADuCM350\spi.o
                0x20001aec                SPI_DevData
                0x20001be8                . = ALIGN (0x4)
                0x20001be8                __bss_end__ = .

._user_heap_stack
                0x20001be8     0x1800 load address 0x00013050
                0x20001be8                . = ALIGN (0x8)
                0x20001be8                __heap_start__ = .
                0x20002be8                . = (. + _Min_Heap_Size)
 *fill*         0x20001be8     0x1000 
                0x20002be8                __heap_end__ = .
                0x20002be8                . = ALIGN (0x8)
                0x20002be8                __stack_start__ = .
                0x200033e8                . = (. + _Min_Stack_Size)
 *fill*         0x20002be8      0x800 
                0x200033e8                __stack_end__ = .
                0x200033e8                _estack = .
                0x200033e8                . = ALIGN (0x8)

/DISCARD/
 libc.a(*)
 libm.a(*)
 libgcc.a(*)
OUTPUT(bin\Debug\ADuCM350.elf elf32-littlearm)

.debug_line     0x00000000     0x68ba
 .debug_line    0x00000000       0x7f obj\Debug\Setup\startup.o
 .debug_line    0x0000007f      0x1dc obj\Debug\Src\crc32.o
 .debug_line    0x0000025b      0x3e9 obj\Debug\Src\FlashTest.o
 .debug_line    0x00000644      0x7a2 obj\Debug\Src\system\ADuCM350\afe.o
 .debug_line    0x00000de6      0x3ad obj\Debug\Src\system\ADuCM350\beep.o
 .debug_line    0x00001193      0x807 obj\Debug\Src\system\ADuCM350\captouch.o
 .debug_line    0x0000199a      0x2be obj\Debug\Src\system\ADuCM350\dma.o
 .debug_line    0x00001c58      0x362 obj\Debug\Src\system\ADuCM350\flash.o
 .debug_line    0x00001fba      0x39b obj\Debug\Src\system\ADuCM350\gpio.o
 .debug_line    0x00002355      0x38f obj\Debug\Src\system\ADuCM350\gpt.o
 .debug_line    0x000026e4      0x728 obj\Debug\Src\system\ADuCM350\i2c.o
 .debug_line    0x00002e0c      0x507 obj\Debug\Src\system\ADuCM350\i2s.o
 .debug_line    0x00003313      0x359 obj\Debug\Src\system\ADuCM350\lcd.o
 .debug_line    0x0000366c      0x385 obj\Debug\Src\system\ADuCM350\rng.o
 .debug_line    0x000039f1      0x4bb obj\Debug\Src\system\ADuCM350\rtc.o
 .debug_line    0x00003eac      0x7ae obj\Debug\Src\system\ADuCM350\spi.o
 .debug_line    0x0000465a      0x2f4 obj\Debug\Src\system\ADuCM350\startup.o
 .debug_line    0x0000494e      0x5ad obj\Debug\Src\system\ADuCM350\system.o
 .debug_line    0x00004efb      0x466 obj\Debug\Src\system\ADuCM350\uart.o
 .debug_line    0x00005361      0x2a1 obj\Debug\Src\system\ADuCM350\wdt.o
 .debug_line    0x00005602      0x2ef obj\Debug\Src\system\ADuCM350\wut.o
 .debug_line    0x000058f1      0x177 obj\Debug\Src\system\newlib\_exit.o
 .debug_line    0x00005a68      0x17d obj\Debug\Src\system\newlib\assert.o
 .debug_line    0x00005be5      0x1f3 obj\Debug\Src\test_common.o
 .debug_line    0x00005dd8      0x167 Lib\libc.a(rand.c.o)
 .debug_line    0x00005f3f      0x130 Lib\libc.a(memcpy.c.o)
 .debug_line    0x0000606f      0x115 Lib\libc.a(sprintf.c.o)
 .debug_line    0x00006184      0x37d Lib\libc.a(vfprintf.c.o)
 .debug_line    0x00006501      0x134 Lib\libc.a(strnlen.c.o)
 .debug_line    0x00006635       0xd1 Lib\libc.a(fputc.c.o)
 .debug_line    0x00006706      0x14c Lib\libc.a(ftoa_engine.c.o)
 .debug_line    0x00006852       0x68 Lib\libc.a(ultoa_invert.c.o)

.debug_info     0x00000000    0x249f9
 .debug_info    0x00000000       0x26 obj\Debug\Setup\startup.o
 .debug_info    0x00000026      0x999 obj\Debug\Src\crc32.o
 .debug_info    0x000009bf     0x1fc1 obj\Debug\Src\FlashTest.o
 .debug_info    0x00002980     0x29a5 obj\Debug\Src\system\ADuCM350\afe.o
 .debug_info    0x00005325     0x1712 obj\Debug\Src\system\ADuCM350\beep.o
 .debug_info    0x00006a37     0x3a79 obj\Debug\Src\system\ADuCM350\captouch.o
 .debug_info    0x0000a4b0      0xb0d obj\Debug\Src\system\ADuCM350\dma.o
 .debug_info    0x0000afbd     0x1499 obj\Debug\Src\system\ADuCM350\flash.o
 .debug_info    0x0000c456     0x132b obj\Debug\Src\system\ADuCM350\gpio.o
 .debug_info    0x0000d781     0x1783 obj\Debug\Src\system\ADuCM350\gpt.o
 .debug_info    0x0000ef04     0x2539 obj\Debug\Src\system\ADuCM350\i2c.o
 .debug_info    0x0001143d     0x261a obj\Debug\Src\system\ADuCM350\i2s.o
 .debug_info    0x00013a57     0x1802 obj\Debug\Src\system\ADuCM350\lcd.o
 .debug_info    0x00015259     0x1424 obj\Debug\Src\system\ADuCM350\rng.o
 .debug_info    0x0001667d     0x17c8 obj\Debug\Src\system\ADuCM350\rtc.o
 .debug_info    0x00017e45     0x29b4 obj\Debug\Src\system\ADuCM350\spi.o
 .debug_info    0x0001a7f9      0x8d1 obj\Debug\Src\system\ADuCM350\startup.o
 .debug_info    0x0001b0ca     0x1c19 obj\Debug\Src\system\ADuCM350\system.o
 .debug_info    0x0001cce3     0x1ca1 obj\Debug\Src\system\ADuCM350\uart.o
 .debug_info    0x0001e984      0xb86 obj\Debug\Src\system\ADuCM350\wdt.o
 .debug_info    0x0001f50a      0xee4 obj\Debug\Src\system\ADuCM350\wut.o
 .debug_info    0x000203ee      0x92c obj\Debug\Src\system\newlib\_exit.o
 .debug_info    0x00020d1a      0x948 obj\Debug\Src\system\newlib\assert.o
 .debug_info    0x00021662      0x9f7 obj\Debug\Src\test_common.o
 .debug_info    0x00022059      0x76f Lib\libc.a(rand.c.o)
 .debug_info    0x000227c8      0x79b Lib\libc.a(memcpy.c.o)
 .debug_info    0x00022f63      0x230 Lib\libc.a(sprintf.c.o)
 .debug_info    0x00023193      0xbdc Lib\libc.a(vfprintf.c.o)
 .debug_info    0x00023d6f      0x766 Lib\libc.a(strnlen.c.o)
 .debug_info    0x000244d5      0x1f6 Lib\libc.a(fputc.c.o)
 .debug_info    0x000246cb      0x28a Lib\libc.a(ftoa_engine.c.o)
 .debug_info    0x00024955       0xa4 Lib\libc.a(ultoa_invert.c.o)

.debug_abbrev   0x00000000     0x4809
 .debug_abbrev  0x00000000       0x14 obj\Debug\Setup\startup.o
 .debug_abbrev  0x00000014      0x201 obj\Debug\Src\crc32.o
 .debug_abbrev  0x00000215      0x3bf obj\Debug\Src\FlashTest.o
 .debug_abbrev  0x000005d4      0x37a obj\Debug\Src\system\ADuCM350\afe.o
 .debug_abbrev  0x0000094e      0x2cb obj\Debug\Src\system\ADuCM350\beep.o
 .debug_abbrev  0x00000c19      0x2c5 obj\Debug\Src\system\ADuCM350\captouch.o
 .debug_abbrev  0x00000ede      0x1fe obj\Debug\Src\system\ADuCM350\dma.o
 .debug_abbrev  0x000010dc      0x282 obj\Debug\Src\system\ADuCM350\flash.o
 .debug_abbrev  0x0000135e      0x23d obj\Debug\Src\system\ADuCM350\gpio.o
 .debug_abbrev  0x0000159b      0x2ee obj\Debug\Src\system\ADuCM350\gpt.o
 .debug_abbrev  0x00001889      0x318 obj\Debug\Src\system\ADuCM350\i2c.o
 .debug_abbrev  0x00001ba1      0x32f obj\Debug\Src\system\ADuCM350\i2s.o
 .debug_abbrev  0x00001ed0      0x2db obj\Debug\Src\system\ADuCM350\lcd.o
 .debug_abbrev  0x000021ab      0x312 obj\Debug\Src\system\ADuCM350\rng.o
 .debug_abbrev  0x000024bd      0x2f0 obj\Debug\Src\system\ADuCM350\rtc.o
 .debug_abbrev  0x000027ad      0x315 obj\Debug\Src\system\ADuCM350\spi.o
 .debug_abbrev  0x00002ac2      0x14c obj\Debug\Src\system\ADuCM350\startup.o
 .debug_abbrev  0x00002c0e      0x2e1 obj\Debug\Src\system\ADuCM350\system.o
 .debug_abbrev  0x00002eef      0x2ed obj\Debug\Src\system\ADuCM350\uart.o
 .debug_abbrev  0x000031dc      0x21b obj\Debug\Src\system\ADuCM350\wdt.o
 .debug_abbrev  0x000033f7      0x1df obj\Debug\Src\system\ADuCM350\wut.o
 .debug_abbrev  0x000035d6      0x1f6 obj\Debug\Src\system\newlib\_exit.o
 .debug_abbrev  0x000037cc      0x1e0 obj\Debug\Src\system\newlib\assert.o
 .debug_abbrev  0x000039ac      0x246 obj\Debug\Src\test_common.o
 .debug_abbrev  0x00003bf2      0x1f5 Lib\libc.a(rand.c.o)
 .debug_abbrev  0x00003de7      0x1e7 Lib\libc.a(memcpy.c.o)
 .debug_abbrev  0x00003fce      0x12f Lib\libc.a(sprintf.c.o)
 .debug_abbrev  0x000040fd      0x2b0 Lib\libc.a(vfprintf.c.o)
 .debug_abbrev  0x000043ad      0x1bb Lib\libc.a(strnlen.c.o)
 .debug_abbrev  0x00004568      0x11e Lib\libc.a(fputc.c.o)
 .debug_abbrev  0x00004686      0x100 Lib\libc.a(ftoa_engine.c.o)
 .debug_abbrev  0x00004786       0x83 Lib\libc.a(ultoa_invert.c.o)

.debug_aranges  0x00000000      0x408
 .debug_aranges
                0x00000000       0x20 obj\Debug\Setup\startup.o
 .debug_aranges
                0x00000020       0x20 obj\Debug\Src\crc32.o
 .debug_aranges
                0x00000040       0x20 obj\Debug\Src\FlashTest.o
 .debug_aranges
                0x00000060       0x20 obj\Debug\Src\system\ADuCM350\afe.o
 .debug_aranges
                0x00000080       0x20 obj\Debug\Src\system\ADuCM350\beep.o
 .debug_aranges
                0x000000a0       0x20 obj\Debug\Src\system\ADuCM350\captouch.o
 .debug_aranges
                0x000000c0       0x20 obj\Debug\Src\system\ADuCM350\dma.o
 .debug_aranges
                0x000000e0       0x20 obj\Debug\Src\system\ADuCM350\flash.o
 .debug_aranges
                0x00000100       0x20 obj\Debug\Src\system\ADuCM350\gpio.o
 .debug_aranges
                0x00000120       0x20 obj\Debug\Src\system\ADuCM350\gpt.o
 .debug_aranges
                0x00000140       0x20 obj\Debug\Src\system\ADuCM350\i2c.o
 .debug_aranges
                0x00000160       0x20 obj\Debug\Src\system\ADuCM350\i2s.o
 .debug_aranges
                0x00000180       0x20 obj\Debug\Src\system\ADuCM350\lcd.o
 .debug_aranges
                0x000001a0       0x20 obj\Debug\Src\system\ADuCM350\rng.o
 .debug_aranges
                0x000001c0       0x20 obj\Debug\Src\system\ADuCM350\rtc.o
 .debug_aranges
                0x000001e0       0x20 obj\Debug\Src\system\ADuCM350\spi.o
 .debug_aranges
                0x00000200       0x20 obj\Debug\Src\system\ADuCM350\startup.o
 .debug_aranges
                0x00000220       0x20 obj\Debug\Src\system\ADuCM350\system.o
 .debug_aranges
                0x00000240       0x20 obj\Debug\Src\system\ADuCM350\uart.o
 .debug_aranges
                0x00000260       0x20 obj\Debug\Src\system\ADuCM350\wdt.o
 .debug_aranges
                0x00000280       0x20 obj\Debug\Src\system\ADuCM350\wut.o
 .debug_aranges
                0x000002a0       0x20 obj\Debug\Src\system\newlib\_exit.o
 .debug_aranges
                0x000002c0       0x20 obj\Debug\Src\system\newlib\assert.o
 .debug_aranges
                0x000002e0       0x20 obj\Debug\Src\test_common.o
 .debug_aranges
                0x00000300       0x28 Lib\libc.a(rand.c.o)
 .debug_aranges
                0x00000328       0x20 Lib\libc.a(memcpy.c.o)
 .debug_aranges
                0x00000348       0x20 Lib\libc.a(sprintf.c.o)
 .debug_aranges
                0x00000368       0x20 Lib\libc.a(vfprintf.c.o)
 .debug_aranges
                0x00000388       0x20 Lib\libc.a(strnlen.c.o)
 .debug_aranges
                0x000003a8       0x20 Lib\libc.a(fputc.c.o)
 .debug_aranges
                0x000003c8       0x20 Lib\libc.a(ftoa_engine.c.o)
 .debug_aranges
                0x000003e8       0x20 Lib\libc.a(ultoa_invert.c.o)

.debug_str      0x00000000     0xdde5
 .debug_str     0x00000000       0x40 obj\Debug\Setup\startup.o
 .debug_str     0x00000040      0x4d2 obj\Debug\Src\crc32.o
                                0x564 (size before relaxing)
 .debug_str     0x00000512     0x12c0 obj\Debug\Src\FlashTest.o
                               0x1838 (size before relaxing)
 .debug_str     0x000017d2     0x19ef obj\Debug\Src\system\ADuCM350\afe.o
                               0x23c9 (size before relaxing)
 .debug_str     0x000031c1      0xb04 obj\Debug\Src\system\ADuCM350\beep.o
                               0x1523 (size before relaxing)
 .debug_str     0x00003cc5     0x24ae obj\Debug\Src\system\ADuCM350\captouch.o
                               0x306a (size before relaxing)
 .debug_str     0x00006173      0x4c6 obj\Debug\Src\system\ADuCM350\dma.o
                                0xcc8 (size before relaxing)
 .debug_str     0x00006639      0x499 obj\Debug\Src\system\ADuCM350\flash.o
                               0x1594 (size before relaxing)
 .debug_str     0x00006ad2      0x84f obj\Debug\Src\system\ADuCM350\gpio.o
                                0xe68 (size before relaxing)
 .debug_str     0x00007321      0xcb0 obj\Debug\Src\system\ADuCM350\gpt.o
                               0x16dc (size before relaxing)
 .debug_str     0x00007fd1      0xe10 obj\Debug\Src\system\ADuCM350\i2c.o
                               0x219e (size before relaxing)
 .debug_str     0x00008de1      0xfb2 obj\Debug\Src\system\ADuCM350\i2s.o
                               0x227b (size before relaxing)
 .debug_str     0x00009d93      0x894 obj\Debug\Src\system\ADuCM350\lcd.o
                               0x12b1 (size before relaxing)
 .debug_str     0x0000a627      0x36d obj\Debug\Src\system\ADuCM350\rng.o
                                0xe9f (size before relaxing)
 .debug_str     0x0000a994      0x7b2 obj\Debug\Src\system\ADuCM350\rtc.o
                               0x1318 (size before relaxing)
 .debug_str     0x0000b146      0xb7d obj\Debug\Src\system\ADuCM350\spi.o
                               0x21e7 (size before relaxing)
 .debug_str     0x0000bcc3      0x20d obj\Debug\Src\system\ADuCM350\startup.o
                                0x85d (size before relaxing)
 .debug_str     0x0000bed0      0x87f obj\Debug\Src\system\ADuCM350\system.o
                               0x19ae (size before relaxing)
 .debug_str     0x0000c74f      0x882 obj\Debug\Src\system\ADuCM350\uart.o
                               0x1559 (size before relaxing)
 .debug_str     0x0000cfd1      0x485 obj\Debug\Src\system\ADuCM350\wdt.o
                                0xabc (size before relaxing)
 .debug_str     0x0000d456      0x51b obj\Debug\Src\system\ADuCM350\wut.o
                                0xd5f (size before relaxing)
 .debug_str     0x0000d971       0x6d obj\Debug\Src\system\newlib\_exit.o
                                0x563 (size before relaxing)
 .debug_str     0x0000d9de       0x57 obj\Debug\Src\system\newlib\assert.o
                                0x584 (size before relaxing)
 .debug_str     0x0000da35       0x82 obj\Debug\Src\test_common.o
                                0x5e6 (size before relaxing)
 .debug_str     0x0000dab7       0xce Lib\libc.a(rand.c.o)
                                0x4a8 (size before relaxing)
 .debug_str     0x0000db85       0x3e Lib\libc.a(memcpy.c.o)
                                0x4ac (size before relaxing)
 .debug_str     0x0000dbc3       0x61 Lib\libc.a(sprintf.c.o)
                                0x1ac (size before relaxing)
 .debug_str     0x0000dc24       0x81 Lib\libc.a(vfprintf.c.o)
                                0x549 (size before relaxing)
 .debug_str     0x0000dca5       0x2a Lib\libc.a(strnlen.c.o)
                                0x4a0 (size before relaxing)
 .debug_str     0x0000dccf       0x2d Lib\libc.a(fputc.c.o)
                                0x194 (size before relaxing)
 .debug_str     0x0000dcfc       0xbd Lib\libc.a(ftoa_engine.c.o)
                                0x20e (size before relaxing)
 .debug_str     0x0000ddb9       0x2c Lib\libc.a(ultoa_invert.c.o)
                                 0xd3 (size before relaxing)

.comment        0x00000000       0xad
 .comment       0x00000000       0x7f obj\Debug\Src\crc32.o
                                 0x80 (size before relaxing)
 .comment       0x0000007f       0x80 obj\Debug\Src\FlashTest.o
 .comment       0x0000007f       0x80 obj\Debug\Src\system\ADuCM350\afe.o
 .comment       0x0000007f       0x80 obj\Debug\Src\system\ADuCM350\beep.o
 .comment       0x0000007f       0x80 obj\Debug\Src\system\ADuCM350\captouch.o
 .comment       0x0000007f       0x80 obj\Debug\Src\system\ADuCM350\dma.o
 .comment       0x0000007f       0x80 obj\Debug\Src\system\ADuCM350\flash.o
 .comment       0x0000007f       0x80 obj\Debug\Src\system\ADuCM350\gpio.o
 .comment       0x0000007f       0x80 obj\Debug\Src\system\ADuCM350\gpt.o
 .comment       0x0000007f       0x80 obj\Debug\Src\system\ADuCM350\i2c.o
 .comment       0x0000007f       0x80 obj\Debug\Src\system\ADuCM350\i2s.o
 .comment       0x0000007f       0x80 obj\Debug\Src\system\ADuCM350\lcd.o
 .comment       0x0000007f       0x80 obj\Debug\Src\system\ADuCM350\rng.o
 .comment       0x0000007f       0x80 obj\Debug\Src\system\ADuCM350\rtc.o
 .comment       0x0000007f       0x80 obj\Debug\Src\system\ADuCM350\spi.o
 .comment       0x0000007f       0x80 obj\Debug\Src\system\ADuCM350\startup.o
 .comment       0x0000007f       0x80 obj\Debug\Src\system\ADuCM350\system.o
 .comment       0x0000007f       0x80 obj\Debug\Src\system\ADuCM350\uart.o
 .comment       0x0000007f       0x80 obj\Debug\Src\system\ADuCM350\wdt.o
 .comment       0x0000007f       0x80 obj\Debug\Src\system\ADuCM350\wut.o
 .comment       0x0000007f       0x80 obj\Debug\Src\system\newlib\_exit.o
 .comment       0x0000007f       0x80 obj\Debug\Src\system\newlib\assert.o
 .comment       0x0000007f       0x80 obj\Debug\Src\test_common.o
 .comment       0x0000007f       0x2e Lib\libc.a(rand.c.o)
                                 0x2f (size before relaxing)
 .comment       0x000000ad       0x2f Lib\libc.a(memcpy.c.o)
 .comment       0x000000ad       0x2f Lib\libc.a(sprintf.c.o)
 .comment       0x000000ad       0x2f Lib\libc.a(vfprintf.c.o)
 .comment       0x000000ad       0x2f Lib\libc.a(strnlen.c.o)
 .comment       0x000000ad       0x2f Lib\libc.a(fputc.c.o)
 .comment       0x000000ad       0x2f Lib\libc.a(ftoa_engine.c.o)
 .comment       0x000000ad       0x2f Lib\libc.a(ultoa_invert.c.o)

.debug_frame    0x00000000     0x7098
 .debug_frame   0x00000000       0x60 obj\Debug\Src\crc32.o
 .debug_frame   0x00000060      0x3b8 obj\Debug\Src\FlashTest.o
 .debug_frame   0x00000418      0x8d4 obj\Debug\Src\system\ADuCM350\afe.o
 .debug_frame   0x00000cec      0x300 obj\Debug\Src\system\ADuCM350\beep.o
 .debug_frame   0x00000fec      0xef8 obj\Debug\Src\system\ADuCM350\captouch.o
 .debug_frame   0x00001ee4      0x150 obj\Debug\Src\system\ADuCM350\dma.o
 .debug_frame   0x00002034      0x434 obj\Debug\Src\system\ADuCM350\flash.o
 .debug_frame   0x00002468      0x5c8 obj\Debug\Src\system\ADuCM350\gpio.o
 .debug_frame   0x00002a30      0x43c obj\Debug\Src\system\ADuCM350\gpt.o
 .debug_frame   0x00002e6c      0x720 obj\Debug\Src\system\ADuCM350\i2c.o
 .debug_frame   0x0000358c      0x770 obj\Debug\Src\system\ADuCM350\i2s.o
 .debug_frame   0x00003cfc      0x40c obj\Debug\Src\system\ADuCM350\lcd.o
 .debug_frame   0x00004108      0x2d4 obj\Debug\Src\system\ADuCM350\rng.o
 .debug_frame   0x000043dc      0x4ac obj\Debug\Src\system\ADuCM350\rtc.o
 .debug_frame   0x00004888      0xb84 obj\Debug\Src\system\ADuCM350\spi.o
 .debug_frame   0x0000540c      0x8d4 obj\Debug\Src\system\ADuCM350\startup.o
 .debug_frame   0x00005ce0      0x2a8 obj\Debug\Src\system\ADuCM350\system.o
 .debug_frame   0x00005f88      0x5f4 obj\Debug\Src\system\ADuCM350\uart.o
 .debug_frame   0x0000657c      0x3c8 obj\Debug\Src\system\ADuCM350\wdt.o
 .debug_frame   0x00006944      0x3e4 obj\Debug\Src\system\ADuCM350\wut.o
 .debug_frame   0x00006d28       0x4c obj\Debug\Src\system\newlib\_exit.o
 .debug_frame   0x00006d74       0x30 obj\Debug\Src\system\newlib\assert.o
 .debug_frame   0x00006da4       0xc0 obj\Debug\Src\test_common.o
 .debug_frame   0x00006e64       0x38 Lib\libc.a(rand.c.o)
 .debug_frame   0x00006e9c       0x28 Lib\libc.a(memcpy.c.o)
 .debug_frame   0x00006ec4       0x44 Lib\libc.a(sprintf.c.o)
 .debug_frame   0x00006f08       0x40 Lib\libc.a(vfprintf.c.o)
 .debug_frame   0x00006f48       0x28 Lib\libc.a(strnlen.c.o)
 .debug_frame   0x00006f70       0x20 Lib\libc.a(fputc.c.o)
 .debug_frame   0x00006f90       0x40 Lib\libc.a(ftoa_engine.c.o)
 .debug_frame   0x00006fd0       0x2c Lib\libc.a(ultoa_invert.c.o)
 .debug_frame   0x00006ffc       0x24 z:/home/a/downloads/emide v2.20/arm/bin/../lib/gcc/arm-none-eabi/7.3.1/thumb/v7-m\libgcc.a(_arm_truncdfsf2.o)
 .debug_frame   0x00007020       0x44 z:/home/a/downloads/emide v2.20/arm/bin/../lib/gcc/arm-none-eabi/7.3.1/thumb/v7-m\libgcc.a(_aeabi_ldivmod.o)
 .debug_frame   0x00007064       0x34 z:/home/a/downloads/emide v2.20/arm/bin/../lib/gcc/arm-none-eabi/7.3.1/thumb/v7-m\libgcc.a(_udivmoddi4.o)

.debug_ranges   0x00000000      0x1b0
 .debug_ranges  0x00000000       0x18 obj\Debug\Src\FlashTest.o
 .debug_ranges  0x00000018       0x18 obj\Debug\Src\system\ADuCM350\uart.o
 .debug_ranges  0x00000030       0x18 Lib\libc.a(rand.c.o)
 .debug_ranges  0x00000048       0x10 Lib\libc.a(memcpy.c.o)
 .debug_ranges  0x00000058       0x10 Lib\libc.a(sprintf.c.o)
 .debug_ranges  0x00000068       0xc8 Lib\libc.a(vfprintf.c.o)
 .debug_ranges  0x00000130       0x10 Lib\libc.a(strnlen.c.o)
 .debug_ranges  0x00000140       0x10 Lib\libc.a(fputc.c.o)
 .debug_ranges  0x00000150       0x38 Lib\libc.a(ftoa_engine.c.o)
 .debug_ranges  0x00000188       0x28 Lib\libc.a(ultoa_invert.c.o)

.debug_loc      0x00000000      0xf4e
 .debug_loc     0x00000000       0x1f Lib\libc.a(rand.c.o)
 .debug_loc     0x0000001f       0x92 Lib\libc.a(memcpy.c.o)
 .debug_loc     0x000000b1       0x2c Lib\libc.a(sprintf.c.o)
 .debug_loc     0x000000dd      0x8f3 Lib\libc.a(vfprintf.c.o)
 .debug_loc     0x000009d0       0x6a Lib\libc.a(strnlen.c.o)
 .debug_loc     0x00000a3a       0x9a Lib\libc.a(fputc.c.o)
 .debug_loc     0x00000ad4      0x410 Lib\libc.a(ftoa_engine.c.o)
 .debug_loc     0x00000ee4       0x6a Lib\libc.a(ultoa_invert.c.o)

Cross Reference Table

Symbol                                            File
AFE_Capture_Int_Handler                           obj\Debug\Src\system\ADuCM350\afe.o
AFE_CmdFIFO_Int_Handler                           obj\Debug\Src\system\ADuCM350\afe.o
AFE_DataFIFO_Int_Handler                          obj\Debug\Src\system\ADuCM350\afe.o
AFE_DevData                                       obj\Debug\Src\system\ADuCM350\afe.o
AFE_Generate_Int_Handler                          obj\Debug\Src\system\ADuCM350\afe.o
Beep_Int_Handler                                  obj\Debug\Src\system\ADuCM350\beep.o
BusFault_Handler                                  obj\Debug\Src\FlashTest.o
                                                  obj\Debug\Setup\startup.o
CapTouch_Int_Handler                              obj\Debug\Src\system\ADuCM350\captouch.o
CommonInterruptHandler                            obj\Debug\Src\system\ADuCM350\gpio.o
DEF_IRQHandler                                    obj\Debug\Setup\startup.o
DMA_AFE_RX_Int_Handler                            obj\Debug\Src\system\ADuCM350\afe.o
DMA_AFE_TX_Int_Handler                            obj\Debug\Src\system\ADuCM350\afe.o
DMA_CRC_Int_Handler                               obj\Debug\Src\system\ADuCM350\flash.o
DMA_DevData                                       obj\Debug\Src\system\ADuCM350\dma.o
DMA_Err_Int_Handler                               obj\Debug\Src\system\ADuCM350\startup.o
DMA_I2C0_MX_Int_Handler                           obj\Debug\Src\system\ADuCM350\i2c.o
DMA_I2C0_SRX_Int_Handler                          obj\Debug\Src\system\ADuCM350\i2c.o
DMA_I2C0_STX_Int_Handler                          obj\Debug\Src\system\ADuCM350\i2c.o
DMA_I2S_Int_Handler                               obj\Debug\Src\system\ADuCM350\i2s.o
DMA_PDI_Int_Handler                               obj\Debug\Src\system\ADuCM350\startup.o
DMA_SPI0_RX_Int_Handler                           obj\Debug\Src\system\ADuCM350\spi.o
DMA_SPI0_TX_Int_Handler                           obj\Debug\Src\system\ADuCM350\spi.o
DMA_SPI1_RX_Int_Handler                           obj\Debug\Src\system\ADuCM350\spi.o
DMA_SPI1_TX_Int_Handler                           obj\Debug\Src\system\ADuCM350\spi.o
DMA_SPIH_RX_Int_Handler                           obj\Debug\Src\system\ADuCM350\spi.o
DMA_SPIH_TX_Int_Handler                           obj\Debug\Src\system\ADuCM350\spi.o
DMA_UART_RX_Int_Handler                           obj\Debug\Src\system\ADuCM350\startup.o
DMA_UART_TX_Int_Handler                           obj\Debug\Src\system\ADuCM350\startup.o
DebugMon_Handler                                  obj\Debug\Setup\startup.o
Default_Handler                                   obj\Debug\Setup\startup.o
DispatchMasterInterrupt                           obj\Debug\Src\system\ADuCM350\i2c.o
DispatchSlaveInterrupt                            obj\Debug\Src\system\ADuCM350\i2c.o
Ext_Int0_Handler                                  obj\Debug\Src\system\ADuCM350\gpio.o
Ext_Int1_Handler                                  obj\Debug\Src\system\ADuCM350\gpio.o
Ext_Int2_Handler                                  obj\Debug\Src\system\ADuCM350\gpio.o
Ext_Int3_Handler                                  obj\Debug\Src\system\ADuCM350\gpio.o
Ext_Int4_Handler                                  obj\Debug\Src\system\ADuCM350\gpio.o
Ext_Int5_Handler                                  obj\Debug\Src\system\ADuCM350\gpio.o
Ext_Int6_Handler                                  obj\Debug\Src\system\ADuCM350\gpio.o
Ext_Int7_Handler                                  obj\Debug\Src\system\ADuCM350\gpio.o
Ext_Int8_Handler                                  obj\Debug\Src\system\ADuCM350\gpio.o
Flash0_Int_Handler                                obj\Debug\Src\system\ADuCM350\flash.o
Flash1_Int_Handler                                obj\Debug\Src\system\ADuCM350\flash.o
GPFlash_Int_Handler                               obj\Debug\Src\system\ADuCM350\flash.o
GPIO_A_Int_Handler                                obj\Debug\Src\system\ADuCM350\gpio.o
GPIO_B_Int_Handler                                obj\Debug\Src\system\ADuCM350\gpio.o
GPTConfig                                         obj\Debug\Src\system\ADuCM350\gpt.o
GPTimerCallback                                   obj\Debug\Src\system\ADuCM350\metrics.o
GP_Tmr0_Int_Handler                               obj\Debug\Src\system\ADuCM350\gpt.o
GP_Tmr1_Int_Handler                               obj\Debug\Src\system\ADuCM350\gpt.o
GP_Tmr2_Int_Handler                               obj\Debug\Src\system\ADuCM350\gpt.o
GetClockSourceStatus                              obj\Debug\Src\system\ADuCM350\system.o
GetSystemClockMux                                 obj\Debug\Src\system\ADuCM350\system.o
GetSystemExtClkFreq                               obj\Debug\Src\system\ADuCM350\system.o
HardFault_Handler                                 obj\Debug\Src\FlashTest.o
                                                  obj\Debug\Setup\startup.o
I2C0_Master_Int_Handler                           obj\Debug\Src\system\ADuCM350\i2c.o
I2C0_Slave_Int_Handler                            obj\Debug\Src\system\ADuCM350\i2c.o
I2S_Int_Handler                                   obj\Debug\Src\system\ADuCM350\i2s.o
LCD_Int_Handler                                   obj\Debug\Src\system\ADuCM350\lcd.o
MemManage_Handler                                 obj\Debug\Setup\startup.o
Metric_DevData                                    obj\Debug\Src\system\ADuCM350\metrics.o
NMI_Handler                                       obj\Debug\Setup\startup.o
NmiSR                                             obj\Debug\Src\system\ADuCM350\startup.o
PDI_DevData                                       obj\Debug\Src\system\ADuCM350\pdi.o
PDI_Int_Handler                                   obj\Debug\Src\system\ADuCM350\startup.o
PLL_Int_Handler                                   obj\Debug\Src\system\ADuCM350\startup.o
Parity_Int_Handler                                obj\Debug\Src\FlashTest.o
PendSV_Handler                                    obj\Debug\Setup\startup.o
RESERVED_VECTOR                                   obj\Debug\Src\system\ADuCM350\startup.o
RTC_Int_Handler                                   obj\Debug\Src\system\ADuCM350\rtc.o
Random_Int_Handler                                obj\Debug\Src\system\ADuCM350\rng.o
ResetISR                                          obj\Debug\Src\system\ADuCM350\startup.o
Reset_Handler                                     obj\Debug\Setup\startup.o
SPI0_Int_Handler                                  obj\Debug\Src\system\ADuCM350\spi.o
SPI1_Int_Handler                                  obj\Debug\Src\system\ADuCM350\spi.o
SPIH_Int_Handler                                  obj\Debug\Src\system\ADuCM350\spi.o
SPI_DevData                                       obj\Debug\Src\system\ADuCM350\spi.o
SVC_Handler                                       obj\Debug\Setup\startup.o
SetPllFreq                                        obj\Debug\Src\system\ADuCM350\system.o
SetSystemClockDivider                             obj\Debug\Src\system\ADuCM350\system.o
                                                  obj\Debug\Src\FlashTest.o
SetSystemClockMux                                 obj\Debug\Src\system\ADuCM350\system.o
SetSystemExtClkFreq                               obj\Debug\Src\system\ADuCM350\system.o
SysTick_Handler                                   obj\Debug\Src\FlashTest.o
                                                  obj\Debug\Setup\startup.o
SystemClockSourcePowerDownIfUnused                obj\Debug\Src\system\ADuCM350\system.o
SystemClockSourcePowerUp                          obj\Debug\Src\system\ADuCM350\system.o
                                                  obj\Debug\Src\system\ADuCM350\rtc.o
                                                  obj\Debug\Src\system\ADuCM350\rng.o
                                                  obj\Debug\Src\system\ADuCM350\beep.o
SystemCoreClockUpdate                             obj\Debug\Src\system\ADuCM350\system.o
SystemEnableClock                                 obj\Debug\Src\system\ADuCM350\system.o
                                                  obj\Debug\Src\system\ADuCM350\uart.o
                                                  obj\Debug\Src\system\ADuCM350\spi.o
                                                  obj\Debug\Src\system\ADuCM350\captouch.o
                                                  obj\Debug\Src\system\ADuCM350\afe.o
SystemEnableClockSource                           obj\Debug\Src\system\ADuCM350\system.o
SystemEnterLowPowerMode                           obj\Debug\Src\system\ADuCM350\system.o
                                                  obj\Debug\Src\system\ADuCM350\uart.o
                                                  obj\Debug\Src\system\ADuCM350\spi.o
                                                  obj\Debug\Src\system\ADuCM350\i2s.o
                                                  obj\Debug\Src\system\ADuCM350\i2c.o
                                                  obj\Debug\Src\system\ADuCM350\flash.o
                                                  obj\Debug\Src\system\ADuCM350\afe.o
SystemExitLowPowerMode                            obj\Debug\Src\system\ADuCM350\system.o
                                                  obj\Debug\Src\system\ADuCM350\uart.o
                                                  obj\Debug\Src\system\ADuCM350\spi.o
                                                  obj\Debug\Src\system\ADuCM350\i2s.o
                                                  obj\Debug\Src\system\ADuCM350\i2c.o
                                                  obj\Debug\Src\system\ADuCM350\flash.o
                                                  obj\Debug\Src\system\ADuCM350\afe.o
SystemGetClockFrequency                           obj\Debug\Src\system\ADuCM350\system.o
                                                  obj\Debug\Src\system\ADuCM350\uart.o
                                                  obj\Debug\Src\system\ADuCM350\spi.o
                                                  obj\Debug\Src\system\ADuCM350\i2c.o
SystemInit                                        obj\Debug\Src\system\ADuCM350\system.o
                                                  obj\Debug\Src\FlashTest.o
                                                  obj\Debug\Setup\startup.o
UART_Int_Handler                                  obj\Debug\Src\system\ADuCM350\uart.o
                                                  obj\Debug\Src\system\ADuCM350\startup.o
USB_Control_Int_Handler                           obj\Debug\Src\system\ADuCM350\startup.o
USB_DMA_Int_Handler                               obj\Debug\Src\system\ADuCM350\startup.o
USB_Wakeup_Int_Handler                            obj\Debug\Src\system\ADuCM350\startup.o
UsageFault_Handler                                obj\Debug\Setup\startup.o
WDog_Tmr_Int_Handler                              obj\Debug\Src\system\ADuCM350\startup.o
WakeUp_Int_Handler                                obj\Debug\Src\system\ADuCM350\wut.o
                                                  obj\Debug\Src\system\ADuCM350\startup.o
XTAL_Int_Handler                                  obj\Debug\Src\system\ADuCM350\startup.o
_Heap_Begin                                       obj\Debug\Src\system\newlib\_sbrk.o
_Heap_Limit                                       obj\Debug\Src\system\newlib\_sbrk.o
_Unwind_Backtrace                                 z:/home/a/downloads/emide v2.20/arm/bin/../lib/gcc/arm-none-eabi/7.3.1/thumb/v7-m\libgcc.a(libunwind.o)
_Unwind_Complete                                  z:/home/a/downloads/emide v2.20/arm/bin/../lib/gcc/arm-none-eabi/7.3.1/thumb/v7-m\libgcc.a(unwind-arm.o)
_Unwind_DeleteException                           z:/home/a/downloads/emide v2.20/arm/bin/../lib/gcc/arm-none-eabi/7.3.1/thumb/v7-m\libgcc.a(unwind-arm.o)
_Unwind_ForcedUnwind                              z:/home/a/downloads/emide v2.20/arm/bin/../lib/gcc/arm-none-eabi/7.3.1/thumb/v7-m\libgcc.a(libunwind.o)
_Unwind_GetCFA                                    z:/home/a/downloads/emide v2.20/arm/bin/../lib/gcc/arm-none-eabi/7.3.1/thumb/v7-m\libgcc.a(unwind-arm.o)
_Unwind_GetDataRelBase                            z:/home/a/downloads/emide v2.20/arm/bin/../lib/gcc/arm-none-eabi/7.3.1/thumb/v7-m\libgcc.a(pr-support.o)
_Unwind_GetLanguageSpecificData                   z:/home/a/downloads/emide v2.20/arm/bin/../lib/gcc/arm-none-eabi/7.3.1/thumb/v7-m\libgcc.a(pr-support.o)
_Unwind_GetRegionStart                            z:/home/a/downloads/emide v2.20/arm/bin/../lib/gcc/arm-none-eabi/7.3.1/thumb/v7-m\libgcc.a(pr-support.o)
_Unwind_GetTextRelBase                            z:/home/a/downloads/emide v2.20/arm/bin/../lib/gcc/arm-none-eabi/7.3.1/thumb/v7-m\libgcc.a(pr-support.o)
_Unwind_RaiseException                            z:/home/a/downloads/emide v2.20/arm/bin/../lib/gcc/arm-none-eabi/7.3.1/thumb/v7-m\libgcc.a(libunwind.o)
_Unwind_Resume                                    z:/home/a/downloads/emide v2.20/arm/bin/../lib/gcc/arm-none-eabi/7.3.1/thumb/v7-m\libgcc.a(libunwind.o)
_Unwind_Resume_or_Rethrow                         z:/home/a/downloads/emide v2.20/arm/bin/../lib/gcc/arm-none-eabi/7.3.1/thumb/v7-m\libgcc.a(libunwind.o)
_Unwind_VRS_Get                                   z:/home/a/downloads/emide v2.20/arm/bin/../lib/gcc/arm-none-eabi/7.3.1/thumb/v7-m\libgcc.a(unwind-arm.o)
                                                  z:/home/a/downloads/emide v2.20/arm/bin/../lib/gcc/arm-none-eabi/7.3.1/thumb/v7-m\libgcc.a(pr-support.o)
_Unwind_VRS_Pop                                   z:/home/a/downloads/emide v2.20/arm/bin/../lib/gcc/arm-none-eabi/7.3.1/thumb/v7-m\libgcc.a(unwind-arm.o)
                                                  z:/home/a/downloads/emide v2.20/arm/bin/../lib/gcc/arm-none-eabi/7.3.1/thumb/v7-m\libgcc.a(pr-support.o)
_Unwind_VRS_Set                                   z:/home/a/downloads/emide v2.20/arm/bin/../lib/gcc/arm-none-eabi/7.3.1/thumb/v7-m\libgcc.a(unwind-arm.o)
                                                  z:/home/a/downloads/emide v2.20/arm/bin/../lib/gcc/arm-none-eabi/7.3.1/thumb/v7-m\libgcc.a(pr-support.o)
___Unwind_Backtrace                               z:/home/a/downloads/emide v2.20/arm/bin/../lib/gcc/arm-none-eabi/7.3.1/thumb/v7-m\libgcc.a(libunwind.o)
___Unwind_ForcedUnwind                            z:/home/a/downloads/emide v2.20/arm/bin/../lib/gcc/arm-none-eabi/7.3.1/thumb/v7-m\libgcc.a(libunwind.o)
___Unwind_RaiseException                          z:/home/a/downloads/emide v2.20/arm/bin/../lib/gcc/arm-none-eabi/7.3.1/thumb/v7-m\libgcc.a(libunwind.o)
___Unwind_Resume                                  z:/home/a/downloads/emide v2.20/arm/bin/../lib/gcc/arm-none-eabi/7.3.1/thumb/v7-m\libgcc.a(libunwind.o)
___Unwind_Resume_or_Rethrow                       z:/home/a/downloads/emide v2.20/arm/bin/../lib/gcc/arm-none-eabi/7.3.1/thumb/v7-m\libgcc.a(libunwind.o)
__aeabi_d2f                                       z:/home/a/downloads/emide v2.20/arm/bin/../lib/gcc/arm-none-eabi/7.3.1/thumb/v7-m\libgcc.a(_arm_truncdfsf2.o)
                                                  Lib\libc.a(vfprintf.c.o)
__aeabi_idiv0                                     z:/home/a/downloads/emide v2.20/arm/bin/../lib/gcc/arm-none-eabi/7.3.1/thumb/v7-m\libgcc.a(_dvmd_tls.o)
__aeabi_lasr                                      z:/home/a/downloads/emide v2.20/arm/bin/../lib/gcc/arm-none-eabi/7.3.1/thumb/v7-m\libgcc.a(_ashrdi3.o)
                                                  Lib\libc.a(ftoa_engine.c.o)
__aeabi_ldiv0                                     z:/home/a/downloads/emide v2.20/arm/bin/../lib/gcc/arm-none-eabi/7.3.1/thumb/v7-m\libgcc.a(_dvmd_tls.o)
                                                  z:/home/a/downloads/emide v2.20/arm/bin/../lib/gcc/arm-none-eabi/7.3.1/thumb/v7-m\libgcc.a(_aeabi_ldivmod.o)
__aeabi_ldivmod                                   z:/home/a/downloads/emide v2.20/arm/bin/../lib/gcc/arm-none-eabi/7.3.1/thumb/v7-m\libgcc.a(_aeabi_ldivmod.o)
                                                  Lib\libc.a(ftoa_engine.c.o)